Archive member included to satisfy reference by file (symbol)

/usr/lib/gcc/arm-none-eabi/10.3.1/thumb/v6-m/nofp/libgcc.a(_dvmd_tls.o)
                              CMakeFiles/test.dir/home/jon/pico/pico-sdk/src/rp2_common/pico_divider/divider.S.obj (__aeabi_idiv0)
/usr/lib/gcc/arm-none-eabi/10.3.1/../../../arm-none-eabi/lib/thumb/v6-m/nofp/libc.a(lib_a-atexit.o)
                              /usr/lib/gcc/arm-none-eabi/10.3.1/../../../arm-none-eabi/lib/thumb/v6-m/nofp/crt0.o (atexit)
/usr/lib/gcc/arm-none-eabi/10.3.1/../../../arm-none-eabi/lib/thumb/v6-m/nofp/libc.a(lib_a-atoi.o)
                              CMakeFiles/test.dir/home/jon/pico/pico-sdk/lib/lwip/src/core/netif.c.obj (atoi)
/usr/lib/gcc/arm-none-eabi/10.3.1/../../../arm-none-eabi/lib/thumb/v6-m/nofp/libc.a(lib_a-calloc.o)
                              CMakeFiles/test.dir/home/jon/pico/pico-sdk/src/rp2_common/pico_malloc/pico_malloc.c.obj (calloc)
/usr/lib/gcc/arm-none-eabi/10.3.1/../../../arm-none-eabi/lib/thumb/v6-m/nofp/libc.a(lib_a-callocr.o)
                              /usr/lib/gcc/arm-none-eabi/10.3.1/../../../arm-none-eabi/lib/thumb/v6-m/nofp/libc.a(lib_a-calloc.o) (_calloc_r)
/usr/lib/gcc/arm-none-eabi/10.3.1/../../../arm-none-eabi/lib/thumb/v6-m/nofp/libc.a(lib_a-ctype_.o)
                              CMakeFiles/test.dir/home/jon/pico/pico-sdk/lib/lwip/src/core/dns.c.obj (_ctype_)
/usr/lib/gcc/arm-none-eabi/10.3.1/../../../arm-none-eabi/lib/thumb/v6-m/nofp/libc.a(lib_a-fini.o)
                              /usr/lib/gcc/arm-none-eabi/10.3.1/../../../arm-none-eabi/lib/thumb/v6-m/nofp/crt0.o (__libc_fini_array)
/usr/lib/gcc/arm-none-eabi/10.3.1/../../../arm-none-eabi/lib/thumb/v6-m/nofp/libc.a(lib_a-impure.o)
                              /usr/lib/gcc/arm-none-eabi/10.3.1/../../../arm-none-eabi/lib/thumb/v6-m/nofp/libc.a(lib_a-calloc.o) (_impure_ptr)
/usr/lib/gcc/arm-none-eabi/10.3.1/../../../arm-none-eabi/lib/thumb/v6-m/nofp/libc.a(lib_a-init.o)
                              /usr/lib/gcc/arm-none-eabi/10.3.1/../../../arm-none-eabi/lib/thumb/v6-m/nofp/crt0.o (__libc_init_array)
/usr/lib/gcc/arm-none-eabi/10.3.1/../../../arm-none-eabi/lib/thumb/v6-m/nofp/libc.a(lib_a-malloc.o)
                              CMakeFiles/test.dir/home/jon/pico/pico-sdk/src/rp2_common/pico_malloc/pico_malloc.c.obj (malloc)
/usr/lib/gcc/arm-none-eabi/10.3.1/../../../arm-none-eabi/lib/thumb/v6-m/nofp/libc.a(lib_a-mallocr.o)
                              /usr/lib/gcc/arm-none-eabi/10.3.1/../../../arm-none-eabi/lib/thumb/v6-m/nofp/libc.a(lib_a-callocr.o) (_malloc_r)
/usr/lib/gcc/arm-none-eabi/10.3.1/../../../arm-none-eabi/lib/thumb/v6-m/nofp/libc.a(lib_a-memcmp.o)
                              CMakeFiles/test.dir/home/jon/pico/pico-sdk/lib/lwip/src/netif/ethernet.c.obj (memcmp)
/usr/lib/gcc/arm-none-eabi/10.3.1/../../../arm-none-eabi/lib/thumb/v6-m/nofp/libc.a(lib_a-memmove.o)
                              CMakeFiles/test.dir/home/jon/pico/pico-sdk/lib/lwip/src/core/def.c.obj (memmove)
/usr/lib/gcc/arm-none-eabi/10.3.1/../../../arm-none-eabi/lib/thumb/v6-m/nofp/libc.a(lib_a-mlock.o)
                              /usr/lib/gcc/arm-none-eabi/10.3.1/../../../arm-none-eabi/lib/thumb/v6-m/nofp/libc.a(lib_a-mallocr.o) (__malloc_lock)
/usr/lib/gcc/arm-none-eabi/10.3.1/../../../arm-none-eabi/lib/thumb/v6-m/nofp/libc.a(lib_a-realloc.o)
                              CMakeFiles/test.dir/home/jon/pico/pico-sdk/src/rp2_common/pico_malloc/pico_malloc.c.obj (realloc)
/usr/lib/gcc/arm-none-eabi/10.3.1/../../../arm-none-eabi/lib/thumb/v6-m/nofp/libc.a(lib_a-reallocr.o)
                              /usr/lib/gcc/arm-none-eabi/10.3.1/../../../arm-none-eabi/lib/thumb/v6-m/nofp/libc.a(lib_a-realloc.o) (_realloc_r)
/usr/lib/gcc/arm-none-eabi/10.3.1/../../../arm-none-eabi/lib/thumb/v6-m/nofp/libc.a(lib_a-sbrkr.o)
                              /usr/lib/gcc/arm-none-eabi/10.3.1/../../../arm-none-eabi/lib/thumb/v6-m/nofp/libc.a(lib_a-mallocr.o) (_sbrk_r)
/usr/lib/gcc/arm-none-eabi/10.3.1/../../../arm-none-eabi/lib/thumb/v6-m/nofp/libc.a(lib_a-strlen-stub.o)
                              CMakeFiles/test.dir/home/jon/pico/pico-sdk/lib/lwip/src/core/def.c.obj (strlen)
/usr/lib/gcc/arm-none-eabi/10.3.1/../../../arm-none-eabi/lib/thumb/v6-m/nofp/libc.a(lib_a-strncmp.o)
                              CMakeFiles/test.dir/home/jon/pico/pico-sdk/lib/lwip/src/core/def.c.obj (strncmp)
/usr/lib/gcc/arm-none-eabi/10.3.1/../../../arm-none-eabi/lib/thumb/v6-m/nofp/libc.a(lib_a-strtol.o)
                              /usr/lib/gcc/arm-none-eabi/10.3.1/../../../arm-none-eabi/lib/thumb/v6-m/nofp/libc.a(lib_a-atoi.o) (_strtol_r)
/usr/lib/gcc/arm-none-eabi/10.3.1/../../../arm-none-eabi/lib/thumb/v6-m/nofp/libc.a(lib_a-__atexit.o)
                              /usr/lib/gcc/arm-none-eabi/10.3.1/../../../arm-none-eabi/lib/thumb/v6-m/nofp/libc.a(lib_a-atexit.o) (__register_exitproc)
/usr/lib/gcc/arm-none-eabi/10.3.1/../../../arm-none-eabi/lib/thumb/v6-m/nofp/libc.a(lib_a-errno.o)
[...]
Memory Configuration

Name             Origin             Length             Attributes
FLASH            0x0000000010000000 0x0000000000200000 xr
RAM              0x0000000020000000 0x0000000000040000 xrw
SCRATCH_X        0x0000000020040000 0x0000000000001000 xrw
SCRATCH_Y        0x0000000020041000 0x0000000000001000 xrw
*default*        0x0000000000000000 0xffffffffffffffff

Linker script and memory map

LOAD /usr/lib/gcc/arm-none-eabi/10.3.1/thumb/v6-m/nofp/crti.o
LOAD /usr/lib/gcc/arm-none-eabi/10.3.1/thumb/v6-m/nofp/crtbegin.o
LOAD /usr/lib/gcc/arm-none-eabi/10.3.1/../../../arm-none-eabi/lib/thumb/v6-m/nofp/crt0.o

.flash_begin    0x0000000010000000        0x0
                0x0000000010000000                __flash_binary_start = .

.boot2          0x0000000010000000      0x100
                0x0000000010000000                __boot2_start__ = .
 *(.boot2)
 .boot2         0x0000000010000000      0x100 /tmp/ccP0lIgv.o
                0x0000000010000100                __boot2_end__ = .
                0x0000000000000001                ASSERT (((__boot2_end__ - __boot2_start__) == 0x100), ERROR: Pico second stage bootloader must be 256 bytes in size)

.text           0x0000000010000100    0x172a8
                0x0000000010000100                __logical_binary_start = .
 *(.vectors)
 .vectors       0x0000000010000100       0xd4 CMakeFiles/test.dir/home/jon/pico/pico-sdk/src/rp2_common/pico_standard_link/crt0.S.obj
                0x0000000010000100                __vectors
                0x0000000010000100                __VECTOR_TABLE
                0x00000000100001c0                isr_invalid
                0x00000000100001c0                __default_isrs_start
                0x00000000100001c2                isr_nmi
                0x00000000100001c4                isr_hardfault
                0x00000000100001c6                isr_svcall
                0x00000000100001c8                isr_pendsv
                0x00000000100001ca                isr_systick
                0x00000000100001cc                isr_irq30
                0x00000000100001cc                __unhandled_user_irq
                0x00000000100001cc                isr_irq13
                0x00000000100001cc                isr_irq27
                0x00000000100001cc                isr_irq31
                0x00000000100001cc                isr_irq5
                0x00000000100001cc                isr_irq11
                0x00000000100001cc                isr_irq23
                0x00000000100001cc                isr_irq18
                0x00000000100001cc                isr_irq28
                0x00000000100001cc                isr_irq19
                0x00000000100001cc                isr_irq0
                0x00000000100001cc                isr_irq6
                0x00000000100001cc                isr_irq22
                0x00000000100001cc                isr_irq17
                0x00000000100001cc                isr_irq14
                0x00000000100001cc                isr_irq2
                0x00000000100001cc                isr_irq10
                0x00000000100001cc                isr_irq8
                0x00000000100001cc                isr_irq24
                0x00000000100001cc                isr_irq1
                0x00000000100001cc                isr_irq7
                0x00000000100001cc                isr_irq21
                0x00000000100001cc                isr_irq20
                0x00000000100001cc                isr_irq15
                0x00000000100001cc                isr_irq25
                0x00000000100001cc                isr_irq4
                0x00000000100001cc                isr_irq16
                0x00000000100001cc                isr_irq29
                0x00000000100001cc                isr_irq26
                0x00000000100001cc                __default_isrs_end
                0x00000000100001cc                isr_irq3
                0x00000000100001cc                isr_irq12
                0x00000000100001cc                isr_irq9
                0x00000000100001d2                unhandled_user_irq_num_in_r0
 *(.binary_info_header)
 .binary_info_header
                0x00000000100001d4       0x14 CMakeFiles/test.dir/home/jon/pico/pico-sdk/src/rp2_common/pico_standard_link/crt0.S.obj
                0x00000000100001e8                __binary_info_header_end = .
 *(.reset)
 .reset         0x00000000100001e8       0xa0 CMakeFiles/test.dir/home/jon/pico/pico-sdk/src/rp2_common/pico_standard_link/crt0.S.obj
                0x00000000100001e8                _entry_point
 .reset         0x0000000010000288       0x30 CMakeFiles/test.dir/home/jon/pico/pico-sdk/src/rp2_common/pico_standard_link/binary_info.c.obj
 *(.init)
 .init          0x00000000100002b8        0x4 /usr/lib/gcc/arm-none-eabi/10.3.1/thumb/v6-m/nofp/crti.o
                0x00000000100002b8                _init
 *(EXCLUDE_FILE(*libm.a: *libc.a:*lib_a-mem*.o *libgcc.a:) .text*)
 .text          0x00000000100002bc       0x98 /usr/lib/gcc/arm-none-eabi/10.3.1/thumb/v6-m/nofp/crtbegin.o
 .text.startup.main
                0x0000000010000354       0x98 CMakeFiles/test.dir/test.c.obj
                0x0000000010000354                main
 .text.lwip_timeout_reached
                0x00000000100003ec        0x8 CMakeFiles/test.dir/home/jon/pico/pico-sdk/src/rp2_common/pico_lwip/lwip_nosys.c.obj
 .text.update_next_timeout
                0x00000000100003f4       0x6c CMakeFiles/test.dir/home/jon/pico/pico-sdk/src/rp2_common/pico_lwip/lwip_nosys.c.obj
 .text.lwip_nosys_init
                0x0000000010000460       0x30 CMakeFiles/test.dir/home/jon/pico/pico-sdk/src/rp2_common/pico_lwip/lwip_nosys.c.obj
                0x0000000010000460                lwip_nosys_init
 .text.lwip_nosys_deinit
                0x0000000010000490       0x20 CMakeFiles/test.dir/home/jon/pico/pico-sdk/src/rp2_common/pico_lwip/lwip_nosys.c.obj
                0x0000000010000490                lwip_nosys_deinit
 .text.sys_arch_protect
                0x00000000100004b0        0x4 CMakeFiles/test.dir/home/jon/pico/pico-sdk/src/rp2_common/pico_lwip/lwip_nosys.c.obj
                0x00000000100004b0                sys_arch_protect
 .text.sys_arch_unprotect
                0x00000000100004b4        0x4 CMakeFiles/test.dir/home/jon/pico/pico-sdk/src/rp2_common/pico_lwip/lwip_nosys.c.obj
                0x00000000100004b4                sys_arch_unprotect
 .text.sys_now  0x00000000100004b8       0x20 CMakeFiles/test.dir/home/jon/pico/pico-sdk/src/rp2_common/pico_lwip/lwip_nosys.c.obj
                0x00000000100004b8                sys_now
 .text.async_context_base_add_at_time_worker
                0x00000000100004d8       0x28 CMakeFiles/test.dir/home/jon/pico/pico-sdk/src/rp2_common/pico_async_context/async_context_base.c.obj
                0x00000000100004d8                async_context_base_add_at_time_worker
 .text.async_context_base_remove_at_time_worker
                0x0000000010000500       0x28 CMakeFiles/test.dir/home/jon/pico/pico-sdk/src/rp2_common/pico_async_context/async_context_base.c.obj
                0x0000000010000500                async_context_base_remove_at_time_worker
 .text.async_context_base_add_when_pending_worker
                0x0000000010000528       0x24 CMakeFiles/test.dir/home/jon/pico/pico-sdk/src/rp2_common/pico_async_context/async_context_base.c.obj
                0x0000000010000528                async_context_base_add_when_pending_worker
 .text.async_context_base_remove_when_pending_worker
                0x000000001000054c       0x28 CMakeFiles/test.dir/home/jon/pico/pico-sdk/src/rp2_common/pico_async_context/async_context_base.c.obj
                0x000000001000054c                async_context_base_remove_when_pending_worker
 .text.async_context_base_execute_once
                0x0000000010000574       0xe8 CMakeFiles/test.dir/home/jon/pico/pico-sdk/src/rp2_common/pico_async_context/async_context_base.c.obj
                0x0000000010000574                async_context_base_execute_once
 .text.running_on_fpga
                0x000000001000065c       0x10 CMakeFiles/test.dir/home/jon/pico/pico-sdk/src/rp2_common/pico_platform/platform.c.obj
                0x000000001000065c                running_on_fpga
 .text.splitmix64
                0x000000001000066c       0x5c CMakeFiles/test.dir/home/jon/pico/pico-sdk/src/rp2_common/pico_rand/rand.c.obj
 .text.xoroshiro128ss
                0x00000000100006c8       0x90 CMakeFiles/test.dir/home/jon/pico/pico-sdk/src/rp2_common/pico_rand/rand.c.obj
 .text.get_rand_64
                0x0000000010000758      0x484 CMakeFiles/test.dir/home/jon/pico/pico-sdk/src/rp2_common/pico_rand/rand.c.obj
                0x0000000010000758                get_rand_64
 .text.get_rand_32
                0x0000000010000bdc        0x8 CMakeFiles/test.dir/home/jon/pico/pico-sdk/src/rp2_common/pico_rand/rand.c.obj
                0x0000000010000bdc                get_rand_32
 .text.startup._retrieve_unique_id_on_boot
                0x0000000010000be4       0x10 CMakeFiles/test.dir/home/jon/pico/pico-sdk/src/rp2_common/pico_unique_id/unique_id.c.obj
 .text.pico_get_unique_board_id
                0x0000000010000bf4       0x10 CMakeFiles/test.dir/home/jon/pico/pico-sdk/src/rp2_common/pico_unique_id/unique_id.c.obj
                0x0000000010000bf4                pico_get_unique_board_id
 .text.pico_get_unique_board_id_string
                0x0000000010000c04      0x1a8 CMakeFiles/test.dir/home/jon/pico/pico-sdk/src/rp2_common/pico_unique_id/unique_id.c.obj
                0x0000000010000c04                pico_get_unique_board_id_string
 .text.flash_get_unique_id
                0x0000000010000dac       0x40 CMakeFiles/test.dir/home/jon/pico/pico-sdk/src/rp2_common/hardware_flash/flash.c.obj
                0x0000000010000dac                flash_get_unique_id
 .text.hw_claim_lock
                0x0000000010000dec       0x18 CMakeFiles/test.dir/home/jon/pico/pico-sdk/src/rp2_common/hardware_claim/claim.c.obj
                0x0000000010000dec                hw_claim_lock
 .text.hw_claim_unlock
                0x0000000010000e04       0x14 CMakeFiles/test.dir/home/jon/pico/pico-sdk/src/rp2_common/hardware_claim/claim.c.obj
                0x0000000010000e04                hw_claim_unlock
 .text.hw_claim_or_assert
                0x0000000010000e18       0x44 CMakeFiles/test.dir/home/jon/pico/pico-sdk/src/rp2_common/hardware_claim/claim.c.obj
                0x0000000010000e18                hw_claim_or_assert
 .text.hw_claim_unused_from_range
                0x0000000010000e5c       0x9c CMakeFiles/test.dir/home/jon/pico/pico-sdk/src/rp2_common/hardware_claim/claim.c.obj
                0x0000000010000e5c                hw_claim_unused_from_range
 .text.hw_claim_clear
                0x0000000010000ef8       0x38 CMakeFiles/test.dir/home/jon/pico/pico-sdk/src/rp2_common/hardware_claim/claim.c.obj
                0x0000000010000ef8                hw_claim_clear
 .text.spin_locks_reset
                0x0000000010000f30       0x1c CMakeFiles/test.dir/home/jon/pico/pico-sdk/src/rp2_common/hardware_sync/sync.c.obj
                0x0000000010000f30                spin_locks_reset
 .text.next_striped_spin_lock_num
                0x0000000010000f4c       0x18 CMakeFiles/test.dir/home/jon/pico/pico-sdk/src/rp2_common/hardware_sync/sync.c.obj
                0x0000000010000f4c                next_striped_spin_lock_num
 .text.spin_lock_claim_unused
                0x0000000010000f64       0x20 CMakeFiles/test.dir/home/jon/pico/pico-sdk/src/rp2_common/hardware_sync/sync.c.obj
                0x0000000010000f64                spin_lock_claim_unused
 .text.rom_func_lookup
                0x0000000010000f84       0x10 CMakeFiles/test.dir/home/jon/pico/pico-sdk/src/rp2_common/pico_bootrom/bootrom.c.obj
                0x0000000010000f84                rom_func_lookup
 .text.rom_data_lookup
                0x0000000010000f94       0x10 CMakeFiles/test.dir/home/jon/pico/pico-sdk/src/rp2_common/pico_bootrom/bootrom.c.obj
                0x0000000010000f94                rom_data_lookup
 .text.rom_funcs_lookup
                0x0000000010000fa4       0x44 CMakeFiles/test.dir/home/jon/pico/pico-sdk/src/rp2_common/pico_bootrom/bootrom.c.obj
                0x0000000010000fa4                rom_funcs_lookup
 .text.clocks_init
                0x0000000010000fe8      0x2d0 CMakeFiles/test.dir/home/jon/pico/pico-sdk/src/rp2_common/hardware_clocks/clocks.c.obj
                0x0000000010000fe8                clocks_init
 .text.clock_get_hz
                0x00000000100012b8        0xc CMakeFiles/test.dir/home/jon/pico/pico-sdk/src/rp2_common/hardware_clocks/clocks.c.obj
                0x00000000100012b8                clock_get_hz
 .text.gpio_set_function
                0x00000000100012c4       0x30 CMakeFiles/test.dir/home/jon/pico/pico-sdk/src/rp2_common/hardware_gpio/gpio.c.obj
                0x00000000100012c4                gpio_set_function
 .text.gpio_set_pulls
                0x00000000100012f4       0x30 CMakeFiles/test.dir/home/jon/pico/pico-sdk/src/rp2_common/hardware_gpio/gpio.c.obj
                0x00000000100012f4                gpio_set_pulls
 .text.gpio_set_input_hysteresis_enabled
                0x0000000010001324       0x28 CMakeFiles/test.dir/home/jon/pico/pico-sdk/src/rp2_common/hardware_gpio/gpio.c.obj
                0x0000000010001324                gpio_set_input_hysteresis_enabled
 .text.gpio_set_irq_enabled
                0x000000001000134c       0x54 CMakeFiles/test.dir/home/jon/pico/pico-sdk/src/rp2_common/hardware_gpio/gpio.c.obj
                0x000000001000134c                gpio_set_irq_enabled
 .text.gpio_add_raw_irq_handler_with_order_priority_masked
                0x00000000100013a0       0x44 CMakeFiles/test.dir/home/jon/pico/pico-sdk/src/rp2_common/hardware_gpio/gpio.c.obj
                0x00000000100013a0                gpio_add_raw_irq_handler_with_order_priority_masked
 .text.gpio_remove_raw_irq_handler_masked
                0x00000000100013e4       0x20 CMakeFiles/test.dir/home/jon/pico/pico-sdk/src/rp2_common/hardware_gpio/gpio.c.obj
                0x00000000100013e4                gpio_remove_raw_irq_handler_masked
 .text.gpio_init
                0x0000000010001404       0x3c CMakeFiles/test.dir/home/jon/pico/pico-sdk/src/rp2_common/hardware_gpio/gpio.c.obj
                0x0000000010001404                gpio_init
 .text.irq_set_enabled
                0x0000000010001440       0x24 CMakeFiles/test.dir/home/jon/pico/pico-sdk/src/rp2_common/hardware_irq/irq.c.obj
                0x0000000010001440                irq_set_enabled
 .text.irq_set_pending
                0x0000000010001464       0x10 CMakeFiles/test.dir/home/jon/pico/pico-sdk/src/rp2_common/hardware_irq/irq.c.obj
                0x0000000010001464                irq_set_pending
 .text.irq_has_shared_handler
                0x0000000010001474       0x2c CMakeFiles/test.dir/home/jon/pico/pico-sdk/src/rp2_common/hardware_irq/irq.c.obj
                0x0000000010001474                irq_has_shared_handler
 .text.irq_get_vtable_handler
                0x00000000100014a0       0x10 CMakeFiles/test.dir/home/jon/pico/pico-sdk/src/rp2_common/hardware_irq/irq.c.obj
                0x00000000100014a0                irq_get_vtable_handler
 .text.irq_set_exclusive_handler
                0x00000000100014b0       0x54 CMakeFiles/test.dir/home/jon/pico/pico-sdk/src/rp2_common/hardware_irq/irq.c.obj
                0x00000000100014b0                irq_set_exclusive_handler
 .text.irq_add_shared_handler
                0x0000000010001504      0x1e8 CMakeFiles/test.dir/home/jon/pico/pico-sdk/src/rp2_common/hardware_irq/irq.c.obj
                0x0000000010001504                irq_add_shared_handler
 .text.irq_remove_handler
                0x00000000100016ec      0x1b0 CMakeFiles/test.dir/home/jon/pico/pico-sdk/src/rp2_common/hardware_irq/irq.c.obj
                0x00000000100016ec                irq_remove_handler
 .text.irq_set_priority
                0x000000001000189c       0x28 CMakeFiles/test.dir/home/jon/pico/pico-sdk/src/rp2_common/hardware_irq/irq.c.obj
                0x000000001000189c                irq_set_priority
 .text.irq_add_tail_to_free_list
                0x00000000100018c4       0xb4 CMakeFiles/test.dir/home/jon/pico/pico-sdk/src/rp2_common/hardware_irq/irq.c.obj
                0x00000000100018c4                irq_add_tail_to_free_list
 .text.irq_init_priorities
                0x0000000010001978       0x24 CMakeFiles/test.dir/home/jon/pico/pico-sdk/src/rp2_common/hardware_irq/irq.c.obj
                0x0000000010001978                irq_init_priorities
 .text.user_irq_unclaim
                0x000000001000199c       0x14 CMakeFiles/test.dir/home/jon/pico/pico-sdk/src/rp2_common/hardware_irq/irq.c.obj
                0x000000001000199c                user_irq_unclaim
 .text.user_irq_claim_unused
                0x00000000100019b0       0x28 CMakeFiles/test.dir/home/jon/pico/pico-sdk/src/rp2_common/hardware_irq/irq.c.obj
                0x00000000100019b0                user_irq_claim_unused
 .text.sem_init
                0x00000000100019d8       0x20 CMakeFiles/test.dir/home/jon/pico/pico-sdk/src/common/pico_sync/sem.c.obj
                0x00000000100019d8                sem_init
 .text.lock_init
                0x00000000100019f8       0x10 CMakeFiles/test.dir/home/jon/pico/pico-sdk/src/common/pico_sync/lock_core.c.obj
                0x00000000100019f8                lock_init
 .text.mutex_init
                0x0000000010001a08       0x1c CMakeFiles/test.dir/home/jon/pico/pico-sdk/src/common/pico_sync/mutex.c.obj
                0x0000000010001a08                mutex_init
 .text.recursive_mutex_init
                0x0000000010001a24       0x1c CMakeFiles/test.dir/home/jon/pico/pico-sdk/src/common/pico_sync/mutex.c.obj
                0x0000000010001a24                recursive_mutex_init
 .text.critical_section_init
                0x0000000010001a40       0x20 CMakeFiles/test.dir/home/jon/pico/pico-sdk/src/common/pico_sync/critical_section.c.obj
                0x0000000010001a40                critical_section_init
 .text.critical_section_init_with_lock_num
                0x0000000010001a60       0x14 CMakeFiles/test.dir/home/jon/pico/pico-sdk/src/common/pico_sync/critical_section.c.obj
                0x0000000010001a60                critical_section_init_with_lock_num
 .text.timer_pool_entry_comparator
                0x0000000010001a74       0x34 CMakeFiles/test.dir/home/jon/pico/pico-sdk/src/common/pico_time/time.c.obj
                0x0000000010001a74                timer_pool_entry_comparator
 .text.sleep_until_callback
                0x0000000010001aa8       0x30 CMakeFiles/test.dir/home/jon/pico/pico-sdk/src/common/pico_time/time.c.obj
 .text.add_alarm_under_lock.isra.0
                0x0000000010001ad8      0x100 CMakeFiles/test.dir/home/jon/pico/pico-sdk/src/common/pico_time/time.c.obj
 .text.alarm_pool_alarm_callback
                0x0000000010001bd8      0x1bc CMakeFiles/test.dir/home/jon/pico/pico-sdk/src/common/pico_time/time.c.obj
 .text.alarm_pool_init_default
                0x0000000010001d94       0x6c CMakeFiles/test.dir/home/jon/pico/pico-sdk/src/common/pico_time/time.c.obj
                0x0000000010001d94                alarm_pool_init_default
 .text.alarm_pool_get_default
                0x0000000010001e00        0x8 CMakeFiles/test.dir/home/jon/pico/pico-sdk/src/common/pico_time/time.c.obj
                0x0000000010001e00                alarm_pool_get_default
 .text.alarm_pool_add_alarm_at
                0x0000000010001e08      0x178 CMakeFiles/test.dir/home/jon/pico/pico-sdk/src/common/pico_time/time.c.obj
                0x0000000010001e08                alarm_pool_add_alarm_at
 .text.alarm_pool_cancel_alarm
                0x0000000010001f80       0x78 CMakeFiles/test.dir/home/jon/pico/pico-sdk/src/common/pico_time/time.c.obj
                0x0000000010001f80                alarm_pool_cancel_alarm
 .text.alarm_pool_core_num
                0x0000000010001ff8        0x4 CMakeFiles/test.dir/home/jon/pico/pico-sdk/src/common/pico_time/time.c.obj
                0x0000000010001ff8                alarm_pool_core_num
 .text.sleep_until
                0x0000000010001ffc       0xc4 CMakeFiles/test.dir/home/jon/pico/pico-sdk/src/common/pico_time/time.c.obj
                0x0000000010001ffc                sleep_until
 .text.sleep_ms
                0x00000000100020c0       0x34 CMakeFiles/test.dir/home/jon/pico/pico-sdk/src/common/pico_time/time.c.obj
                0x00000000100020c0                sleep_ms
 .text.best_effort_wfe_or_timeout
                0x00000000100020f4       0xd4 CMakeFiles/test.dir/home/jon/pico/pico-sdk/src/common/pico_time/time.c.obj
                0x00000000100020f4                best_effort_wfe_or_timeout
 .text.hardware_alarm_irq_handler
                0x00000000100021c8       0xbc CMakeFiles/test.dir/home/jon/pico/pico-sdk/src/rp2_common/hardware_timer/timer.c.obj
 .text.hardware_alarm_claim
                0x0000000010002284       0x18 CMakeFiles/test.dir/home/jon/pico/pico-sdk/src/rp2_common/hardware_timer/timer.c.obj
                0x0000000010002284                hardware_alarm_claim
 .text.time_us_64
                0x000000001000229c       0x14 CMakeFiles/test.dir/home/jon/pico/pico-sdk/src/rp2_common/hardware_timer/timer.c.obj
                0x000000001000229c                time_us_64
 .text.busy_wait_us
                0x00000000100022b0       0x54 CMakeFiles/test.dir/home/jon/pico/pico-sdk/src/rp2_common/hardware_timer/timer.c.obj
                0x00000000100022b0                busy_wait_us
 .text.busy_wait_until
                0x0000000010002304       0x20 CMakeFiles/test.dir/home/jon/pico/pico-sdk/src/rp2_common/hardware_timer/timer.c.obj
                0x0000000010002304                busy_wait_until
 .text.hardware_alarm_set_callback
                0x0000000010002324       0x8c CMakeFiles/test.dir/home/jon/pico/pico-sdk/src/rp2_common/hardware_timer/timer.c.obj
                0x0000000010002324                hardware_alarm_set_callback
 .text.hardware_alarm_set_target
                0x00000000100023b0       0xd4 CMakeFiles/test.dir/home/jon/pico/pico-sdk/src/rp2_common/hardware_timer/timer.c.obj
                0x00000000100023b0                hardware_alarm_set_target
 .text.hardware_alarm_cancel
                0x0000000010002484       0x3c CMakeFiles/test.dir/home/jon/pico/pico-sdk/src/rp2_common/hardware_timer/timer.c.obj
                0x0000000010002484                hardware_alarm_cancel
 .text.ph_merge_nodes
                0x00000000100024c0       0x68 CMakeFiles/test.dir/home/jon/pico/pico-sdk/src/common/pico_util/pheap.c.obj
 .text.ph_post_alloc_init
                0x0000000010002528       0x3c CMakeFiles/test.dir/home/jon/pico/pico-sdk/src/common/pico_util/pheap.c.obj
                0x0000000010002528                ph_post_alloc_init
 .text.ph_merge_two_pass
                0x0000000010002564       0x90 CMakeFiles/test.dir/home/jon/pico/pico-sdk/src/common/pico_util/pheap.c.obj
                0x0000000010002564                ph_merge_two_pass
 .text.ph_remove_any_head
                0x00000000100025f4      0x100 CMakeFiles/test.dir/home/jon/pico/pico-sdk/src/common/pico_util/pheap.c.obj
 .text.ph_remove_head
                0x00000000100026f4      0x104 CMakeFiles/test.dir/home/jon/pico/pico-sdk/src/common/pico_util/pheap.c.obj
                0x00000000100026f4                ph_remove_head
 .text.ph_remove_and_free_node
                0x00000000100027f8       0x7c CMakeFiles/test.dir/home/jon/pico/pico-sdk/src/common/pico_util/pheap.c.obj
                0x00000000100027f8                ph_remove_and_free_node
 .text.pll_init
                0x0000000010002874       0xa0 CMakeFiles/test.dir/home/jon/pico/pico-sdk/src/rp2_common/hardware_pll/pll.c.obj
                0x0000000010002874                pll_init
 .text.watchdog_start_tick
                0x0000000010002914       0x10 CMakeFiles/test.dir/home/jon/pico/pico-sdk/src/rp2_common/hardware_watchdog/watchdog.c.obj
                0x0000000010002914                watchdog_start_tick
 .text.watchdog_reboot
                0x0000000010002924       0x98 CMakeFiles/test.dir/home/jon/pico/pico-sdk/src/rp2_common/hardware_watchdog/watchdog.c.obj
                0x0000000010002924                watchdog_reboot
 .text.xosc_init
                0x00000000100029bc       0x28 CMakeFiles/test.dir/home/jon/pico/pico-sdk/src/rp2_common/hardware_xosc/xosc.c.obj
                0x00000000100029bc                xosc_init
 .text.lwip_init
                0x00000000100029e4       0x24 CMakeFiles/test.dir/home/jon/pico/pico-sdk/lib/lwip/src/core/init.c.obj
                0x00000000100029e4                lwip_init
 .text.lwip_htons
                0x0000000010002a08        0x8 CMakeFiles/test.dir/home/jon/pico/pico-sdk/lib/lwip/src/core/def.c.obj
                0x0000000010002a08                lwip_htons
 .text.lwip_htonl
                0x0000000010002a10        0x4 CMakeFiles/test.dir/home/jon/pico/pico-sdk/lib/lwip/src/core/def.c.obj
                0x0000000010002a10                lwip_htonl
 .text.dns_call_found
                0x0000000010002a14      0x134 CMakeFiles/test.dir/home/jon/pico/pico-sdk/lib/lwip/src/core/dns.c.obj
 .text.dns_send.isra.0
                0x0000000010002b48      0x168 CMakeFiles/test.dir/home/jon/pico/pico-sdk/lib/lwip/src/core/dns.c.obj
 .text.dns_init
                0x0000000010002cb0        0x4 CMakeFiles/test.dir/home/jon/pico/pico-sdk/lib/lwip/src/core/dns.c.obj
                0x0000000010002cb0                dns_init
 .text.dns_setserver
                0x0000000010002cb4       0x2c CMakeFiles/test.dir/home/jon/pico/pico-sdk/lib/lwip/src/core/dns.c.obj
                0x0000000010002cb4                dns_setserver
 .text.dns_tmr  0x0000000010002ce0      0x138 CMakeFiles/test.dir/home/jon/pico/pico-sdk/lib/lwip/src/core/dns.c.obj
                0x0000000010002ce0                dns_tmr
 .text.lwip_standard_chksum
                0x0000000010002e18       0xd8 CMakeFiles/test.dir/home/jon/pico/pico-sdk/lib/lwip/src/core/inet_chksum.c.obj
                0x0000000010002e18                lwip_standard_chksum
 .text.inet_chksum_pseudo
                0x0000000010002ef0       0xb4 CMakeFiles/test.dir/home/jon/pico/pico-sdk/lib/lwip/src/core/inet_chksum.c.obj
                0x0000000010002ef0                inet_chksum_pseudo
 .text.ip_chksum_pseudo
                0x0000000010002fa4       0x10 CMakeFiles/test.dir/home/jon/pico/pico-sdk/lib/lwip/src/core/inet_chksum.c.obj
                0x0000000010002fa4                ip_chksum_pseudo
 .text.inet_chksum
                0x0000000010002fb4        0xc CMakeFiles/test.dir/home/jon/pico/pico-sdk/lib/lwip/src/core/inet_chksum.c.obj
                0x0000000010002fb4                inet_chksum
 .text.inet_chksum_pbuf
                0x0000000010002fc0       0x6c CMakeFiles/test.dir/home/jon/pico/pico-sdk/lib/lwip/src/core/inet_chksum.c.obj
                0x0000000010002fc0                inet_chksum_pbuf
 .text.mem_init
                0x000000001000302c       0x40 CMakeFiles/test.dir/home/jon/pico/pico-sdk/lib/lwip/src/core/mem.c.obj
                0x000000001000302c                mem_init
 .text.mem_free
                0x000000001000306c      0x11c CMakeFiles/test.dir/home/jon/pico/pico-sdk/lib/lwip/src/core/mem.c.obj
                0x000000001000306c                mem_free
 .text.mem_trim
                0x0000000010003188      0x110 CMakeFiles/test.dir/home/jon/pico/pico-sdk/lib/lwip/src/core/mem.c.obj
                0x0000000010003188                mem_trim
 .text.mem_malloc
                0x0000000010003298      0x120 CMakeFiles/test.dir/home/jon/pico/pico-sdk/lib/lwip/src/core/mem.c.obj
                0x0000000010003298                mem_malloc
 .text.memp_init
                0x00000000100033b8       0x6c CMakeFiles/test.dir/home/jon/pico/pico-sdk/lib/lwip/src/core/memp.c.obj
                0x00000000100033b8                memp_init
 .text.memp_malloc
                0x0000000010003424       0x3c CMakeFiles/test.dir/home/jon/pico/pico-sdk/lib/lwip/src/core/memp.c.obj
                0x0000000010003424                memp_malloc
 .text.memp_free
                0x0000000010003460       0x38 CMakeFiles/test.dir/home/jon/pico/pico-sdk/lib/lwip/src/core/memp.c.obj
                0x0000000010003460                memp_free
 .text.netif_null_output_ip4
                0x0000000010003498        0x8 CMakeFiles/test.dir/home/jon/pico/pico-sdk/lib/lwip/src/core/netif.c.obj
 .text.netif_do_set_ipaddr.isra.0
                0x00000000100034a0       0x70 CMakeFiles/test.dir/home/jon/pico/pico-sdk/lib/lwip/src/core/netif.c.obj
 .text.netif_init
                0x0000000010003510        0x4 CMakeFiles/test.dir/home/jon/pico/pico-sdk/lib/lwip/src/core/netif.c.obj
                0x0000000010003510                netif_init
 .text.netif_add
                0x0000000010003514      0x144 CMakeFiles/test.dir/home/jon/pico/pico-sdk/lib/lwip/src/core/netif.c.obj
                0x0000000010003514                netif_add
 .text.netif_set_addr
                0x0000000010003658       0xb8 CMakeFiles/test.dir/home/jon/pico/pico-sdk/lib/lwip/src/core/netif.c.obj
                0x0000000010003658                netif_set_addr
 .text.netif_remove
                0x0000000010003710       0x94 CMakeFiles/test.dir/home/jon/pico/pico-sdk/lib/lwip/src/core/netif.c.obj
                0x0000000010003710                netif_remove
 .text.netif_set_default
                0x00000000100037a4        0xc CMakeFiles/test.dir/home/jon/pico/pico-sdk/lib/lwip/src/core/netif.c.obj
                0x00000000100037a4                netif_set_default
 .text.netif_set_up
                0x00000000100037b0       0x40 CMakeFiles/test.dir/home/jon/pico/pico-sdk/lib/lwip/src/core/netif.c.obj
                0x00000000100037b0                netif_set_up
 .text.netif_set_link_up
                0x00000000100037f0       0x44 CMakeFiles/test.dir/home/jon/pico/pico-sdk/lib/lwip/src/core/netif.c.obj
                0x00000000100037f0                netif_set_link_up
 .text.netif_set_link_down
                0x0000000010003834       0x20 CMakeFiles/test.dir/home/jon/pico/pico-sdk/lib/lwip/src/core/netif.c.obj
                0x0000000010003834                netif_set_link_down
 .text.netif_get_by_index
                0x0000000010003854       0x2c CMakeFiles/test.dir/home/jon/pico/pico-sdk/lib/lwip/src/core/netif.c.obj
                0x0000000010003854                netif_get_by_index
 .text.pbuf_free.part.0
                0x0000000010003880       0x7c CMakeFiles/test.dir/home/jon/pico/pico-sdk/lib/lwip/src/core/pbuf.c.obj
 .text.pbuf_free_ooseq
                0x00000000100038fc       0x34 CMakeFiles/test.dir/home/jon/pico/pico-sdk/lib/lwip/src/core/pbuf.c.obj
                0x00000000100038fc                pbuf_free_ooseq
 .text.pbuf_alloc
                0x0000000010003930      0x130 CMakeFiles/test.dir/home/jon/pico/pico-sdk/lib/lwip/src/core/pbuf.c.obj
                0x0000000010003930                pbuf_alloc
 .text.pbuf_realloc
                0x0000000010003a60       0x88 CMakeFiles/test.dir/home/jon/pico/pico-sdk/lib/lwip/src/core/pbuf.c.obj
                0x0000000010003a60                pbuf_realloc
 .text.pbuf_add_header
                0x0000000010003ae8       0x54 CMakeFiles/test.dir/home/jon/pico/pico-sdk/lib/lwip/src/core/pbuf.c.obj
                0x0000000010003ae8                pbuf_add_header
 .text.pbuf_remove_header
                0x0000000010003b3c       0x44 CMakeFiles/test.dir/home/jon/pico/pico-sdk/lib/lwip/src/core/pbuf.c.obj
                0x0000000010003b3c                pbuf_remove_header
 .text.pbuf_header_force
                0x0000000010003b80       0x74 CMakeFiles/test.dir/home/jon/pico/pico-sdk/lib/lwip/src/core/pbuf.c.obj
                0x0000000010003b80                pbuf_header_force
 .text.pbuf_free
                0x0000000010003bf4       0x18 CMakeFiles/test.dir/home/jon/pico/pico-sdk/lib/lwip/src/core/pbuf.c.obj
                0x0000000010003bf4                pbuf_free
 .text.pbuf_clen
                0x0000000010003c0c       0x14 CMakeFiles/test.dir/home/jon/pico/pico-sdk/lib/lwip/src/core/pbuf.c.obj
                0x0000000010003c0c                pbuf_clen
 .text.pbuf_ref
                0x0000000010003c20       0x28 CMakeFiles/test.dir/home/jon/pico/pico-sdk/lib/lwip/src/core/pbuf.c.obj
                0x0000000010003c20                pbuf_ref
 .text.pbuf_cat
                0x0000000010003c48       0x3c CMakeFiles/test.dir/home/jon/pico/pico-sdk/lib/lwip/src/core/pbuf.c.obj
                0x0000000010003c48                pbuf_cat
 .text.pbuf_chain
                0x0000000010003c84       0x64 CMakeFiles/test.dir/home/jon/pico/pico-sdk/lib/lwip/src/core/pbuf.c.obj
                0x0000000010003c84                pbuf_chain
 .text.pbuf_copy_partial_pbuf
                0x0000000010003ce8      0x13c CMakeFiles/test.dir/home/jon/pico/pico-sdk/lib/lwip/src/core/pbuf.c.obj
                0x0000000010003ce8                pbuf_copy_partial_pbuf
 .text.pbuf_copy
                0x0000000010003e24       0x18 CMakeFiles/test.dir/home/jon/pico/pico-sdk/lib/lwip/src/core/pbuf.c.obj
                0x0000000010003e24                pbuf_copy
 .text.pbuf_copy_partial
                0x0000000010003e3c       0x70 CMakeFiles/test.dir/home/jon/pico/pico-sdk/lib/lwip/src/core/pbuf.c.obj
                0x0000000010003e3c                pbuf_copy_partial
 .text.pbuf_take
                0x0000000010003eac       0x78 CMakeFiles/test.dir/home/jon/pico/pico-sdk/lib/lwip/src/core/pbuf.c.obj
                0x0000000010003eac                pbuf_take
 .text.pbuf_take_at
                0x0000000010003f24       0xc0 CMakeFiles/test.dir/home/jon/pico/pico-sdk/lib/lwip/src/core/pbuf.c.obj
                0x0000000010003f24                pbuf_take_at
 .text.pbuf_clone
                0x0000000010003fe4       0x30 CMakeFiles/test.dir/home/jon/pico/pico-sdk/lib/lwip/src/core/pbuf.c.obj
                0x0000000010003fe4                pbuf_clone
 .text.pbuf_put_at
                0x0000000010004014       0x1c CMakeFiles/test.dir/home/jon/pico/pico-sdk/lib/lwip/src/core/pbuf.c.obj
                0x0000000010004014                pbuf_put_at
 .text.raw_input
                0x0000000010004030       0xf0 CMakeFiles/test.dir/home/jon/pico/pico-sdk/lib/lwip/src/core/raw.c.obj
                0x0000000010004030                raw_input
 .text.raw_netif_ip_addr_changed
                0x0000000010004120       0x40 CMakeFiles/test.dir/home/jon/pico/pico-sdk/lib/lwip/src/core/raw.c.obj
                0x0000000010004120                raw_netif_ip_addr_changed
 .text.stats_init
                0x0000000010004160        0x4 CMakeFiles/test.dir/home/jon/pico/pico-sdk/lib/lwip/src/core/stats.c.obj
                0x0000000010004160                stats_init
 .text.tcp_close_shutdown_fin
                0x0000000010004164       0x58 CMakeFiles/test.dir/home/jon/pico/pico-sdk/lib/lwip/src/core/tcp.c.obj
 .text.tcp_pcb_purge.part.0
                0x00000000100041bc       0xc4 CMakeFiles/test.dir/home/jon/pico/pico-sdk/lib/lwip/src/core/tcp.c.obj
 .text.tcp_init
                0x0000000010004280       0x20 CMakeFiles/test.dir/home/jon/pico/pico-sdk/lib/lwip/src/core/tcp.c.obj
                0x0000000010004280                tcp_init
 .text.tcp_free
                0x00000000100042a0       0x1c CMakeFiles/test.dir/home/jon/pico/pico-sdk/lib/lwip/src/core/tcp.c.obj
                0x00000000100042a0                tcp_free
 .text.tcp_update_rcv_ann_wnd
                0x00000000100042bc       0x60 CMakeFiles/test.dir/home/jon/pico/pico-sdk/lib/lwip/src/core/tcp.c.obj
                0x00000000100042bc                tcp_update_rcv_ann_wnd
 .text.tcp_recved
                0x000000001000431c       0x98 CMakeFiles/test.dir/home/jon/pico/pico-sdk/lib/lwip/src/core/tcp.c.obj
                0x000000001000431c                tcp_recved
 .text.tcp_slowtmr
                0x00000000100043b4      0x4dc CMakeFiles/test.dir/home/jon/pico/pico-sdk/lib/lwip/src/core/tcp.c.obj
                0x00000000100043b4                tcp_slowtmr
 .text.tcp_segs_free
                0x0000000010004890       0x38 CMakeFiles/test.dir/home/jon/pico/pico-sdk/lib/lwip/src/core/tcp.c.obj
                0x0000000010004890                tcp_segs_free
 .text.tcp_seg_free
                0x00000000100048c8       0x1c CMakeFiles/test.dir/home/jon/pico/pico-sdk/lib/lwip/src/core/tcp.c.obj
                0x00000000100048c8                tcp_seg_free
 .text.tcp_seg_copy
                0x00000000100048e4       0x2c CMakeFiles/test.dir/home/jon/pico/pico-sdk/lib/lwip/src/core/tcp.c.obj
                0x00000000100048e4                tcp_seg_copy
 .text.tcp_pcb_purge
                0x0000000010004910       0x18 CMakeFiles/test.dir/home/jon/pico/pico-sdk/lib/lwip/src/core/tcp.c.obj
                0x0000000010004910                tcp_pcb_purge
 .text.tcp_pcb_remove
                0x0000000010004928       0xc8 CMakeFiles/test.dir/home/jon/pico/pico-sdk/lib/lwip/src/core/tcp.c.obj
                0x0000000010004928                tcp_pcb_remove
 .text.tcp_abandon
                0x00000000100049f0      0x1ac CMakeFiles/test.dir/home/jon/pico/pico-sdk/lib/lwip/src/core/tcp.c.obj
                0x00000000100049f0                tcp_abandon
 .text.tcp_abort
                0x0000000010004b9c        0xc CMakeFiles/test.dir/home/jon/pico/pico-sdk/lib/lwip/src/core/tcp.c.obj
                0x0000000010004b9c                tcp_abort
 .text.tcp_alloc
                0x0000000010004ba8      0x1cc CMakeFiles/test.dir/home/jon/pico/pico-sdk/lib/lwip/src/core/tcp.c.obj
                0x0000000010004ba8                tcp_alloc
 .text.tcp_close_shutdown
                0x0000000010004d74      0x18c CMakeFiles/test.dir/home/jon/pico/pico-sdk/lib/lwip/src/core/tcp.c.obj
 .text.tcp_recv_null
                0x0000000010004f00       0xd4 CMakeFiles/test.dir/home/jon/pico/pico-sdk/lib/lwip/src/core/tcp.c.obj
                0x0000000010004f00                tcp_recv_null
 .text.tcp_process_refused_data
                0x0000000010004fd4       0x78 CMakeFiles/test.dir/home/jon/pico/pico-sdk/lib/lwip/src/core/tcp.c.obj
                0x0000000010004fd4                tcp_process_refused_data
 .text.tcp_fasttmr
                0x000000001000504c       0x98 CMakeFiles/test.dir/home/jon/pico/pico-sdk/lib/lwip/src/core/tcp.c.obj
                0x000000001000504c                tcp_fasttmr
 .text.tcp_tmr  0x00000000100050e4       0x20 CMakeFiles/test.dir/home/jon/pico/pico-sdk/lib/lwip/src/core/tcp.c.obj
                0x00000000100050e4                tcp_tmr
 .text.tcp_next_iss
                0x0000000010005104       0x28 CMakeFiles/test.dir/home/jon/pico/pico-sdk/lib/lwip/src/core/tcp.c.obj
                0x0000000010005104                tcp_next_iss
 .text.tcp_eff_send_mss_netif
                0x000000001000512c       0x38 CMakeFiles/test.dir/home/jon/pico/pico-sdk/lib/lwip/src/core/tcp.c.obj
                0x000000001000512c                tcp_eff_send_mss_netif
 .text.tcp_netif_ip_addr_changed
                0x0000000010005164       0x9c CMakeFiles/test.dir/home/jon/pico/pico-sdk/lib/lwip/src/core/tcp.c.obj
                0x0000000010005164                tcp_netif_ip_addr_changed
 .text.tcp_free_ooseq
                0x0000000010005200       0x40 CMakeFiles/test.dir/home/jon/pico/pico-sdk/lib/lwip/src/core/tcp.c.obj
                0x0000000010005200                tcp_free_ooseq
 .text.tcp_parseopt
                0x0000000010005240      0x190 CMakeFiles/test.dir/home/jon/pico/pico-sdk/lib/lwip/src/core/tcp_in.c.obj
 .text.tcp_oos_insert_segment
                0x00000000100053d0       0xe0 CMakeFiles/test.dir/home/jon/pico/pico-sdk/lib/lwip/src/core/tcp_in.c.obj
 .text.tcp_free_acked_segments.constprop.0
                0x00000000100054b0       0xdc CMakeFiles/test.dir/home/jon/pico/pico-sdk/lib/lwip/src/core/tcp_in.c.obj
 .text.tcp_receive
                0x000000001000558c      0xa4c CMakeFiles/test.dir/home/jon/pico/pico-sdk/lib/lwip/src/core/tcp_in.c.obj
 .text.tcp_input
                0x0000000010005fd8      0xda4 CMakeFiles/test.dir/home/jon/pico/pico-sdk/lib/lwip/src/core/tcp_in.c.obj
                0x0000000010005fd8                tcp_input
 .text.tcp_trigger_input_pcb_close
                0x0000000010006d7c       0x10 CMakeFiles/test.dir/home/jon/pico/pico-sdk/lib/lwip/src/core/tcp_in.c.obj
                0x0000000010006d7c                tcp_trigger_input_pcb_close
 .text.tcp_create_segment
                0x0000000010006d8c       0xf8 CMakeFiles/test.dir/home/jon/pico/pico-sdk/lib/lwip/src/core/tcp_out.c.obj
 .text.tcp_output_control_segment
                0x0000000010006e84       0xc0 CMakeFiles/test.dir/home/jon/pico/pico-sdk/lib/lwip/src/core/tcp_out.c.obj
 .text.tcp_output_alloc_header.constprop.0
                0x0000000010006f44       0xcc CMakeFiles/test.dir/home/jon/pico/pico-sdk/lib/lwip/src/core/tcp_out.c.obj
 .text.tcp_split_unsent_seg
                0x0000000010007010      0x1c4 CMakeFiles/test.dir/home/jon/pico/pico-sdk/lib/lwip/src/core/tcp_out.c.obj
                0x0000000010007010                tcp_split_unsent_seg
 .text.tcp_send_fin
                0x00000000100071d4      0x12c CMakeFiles/test.dir/home/jon/pico/pico-sdk/lib/lwip/src/core/tcp_out.c.obj
                0x00000000100071d4                tcp_send_fin
 .text.tcp_enqueue_flags
                0x0000000010007300      0x124 CMakeFiles/test.dir/home/jon/pico/pico-sdk/lib/lwip/src/core/tcp_out.c.obj
                0x0000000010007300                tcp_enqueue_flags
 .text.tcp_rexmit_rto_prepare
                0x0000000010007424       0x9c CMakeFiles/test.dir/home/jon/pico/pico-sdk/lib/lwip/src/core/tcp_out.c.obj
                0x0000000010007424                tcp_rexmit_rto_prepare
 .text.tcp_rexmit
                0x00000000100074c0       0x9c CMakeFiles/test.dir/home/jon/pico/pico-sdk/lib/lwip/src/core/tcp_out.c.obj
                0x00000000100074c0                tcp_rexmit
 .text.tcp_rexmit_fast
                0x000000001000755c       0x64 CMakeFiles/test.dir/home/jon/pico/pico-sdk/lib/lwip/src/core/tcp_out.c.obj
                0x000000001000755c                tcp_rexmit_fast
 .text.tcp_rst  0x00000000100075c0       0xe8 CMakeFiles/test.dir/home/jon/pico/pico-sdk/lib/lwip/src/core/tcp_out.c.obj
                0x00000000100075c0                tcp_rst
 .text.tcp_rst_netif
                0x00000000100076a8      0x130 CMakeFiles/test.dir/home/jon/pico/pico-sdk/lib/lwip/src/core/tcp_out.c.obj
                0x00000000100076a8                tcp_rst_netif
 .text.tcp_send_empty_ack
                0x00000000100077d8       0x54 CMakeFiles/test.dir/home/jon/pico/pico-sdk/lib/lwip/src/core/tcp_out.c.obj
                0x00000000100077d8                tcp_send_empty_ack
 .text.tcp_output
                0x000000001000782c      0x46c CMakeFiles/test.dir/home/jon/pico/pico-sdk/lib/lwip/src/core/tcp_out.c.obj
                0x000000001000782c                tcp_output
 .text.tcp_rexmit_rto_commit
                0x0000000010007c98       0x24 CMakeFiles/test.dir/home/jon/pico/pico-sdk/lib/lwip/src/core/tcp_out.c.obj
                0x0000000010007c98                tcp_rexmit_rto_commit
 .text.tcp_rexmit_rto
                0x0000000010007cbc       0xa4 CMakeFiles/test.dir/home/jon/pico/pico-sdk/lib/lwip/src/core/tcp_out.c.obj
                0x0000000010007cbc                tcp_rexmit_rto
 .text.tcp_keepalive
                0x0000000010007d60       0xe0 CMakeFiles/test.dir/home/jon/pico/pico-sdk/lib/lwip/src/core/tcp_out.c.obj
                0x0000000010007d60                tcp_keepalive
 .text.tcp_zero_window_probe
                0x0000000010007e40      0x108 CMakeFiles/test.dir/home/jon/pico/pico-sdk/lib/lwip/src/core/tcp_out.c.obj
                0x0000000010007e40                tcp_zero_window_probe
 .text.sys_timeout_abs
                0x0000000010007f48       0x48 CMakeFiles/test.dir/home/jon/pico/pico-sdk/lib/lwip/src/core/timeouts.c.obj
 .text.lwip_cyclic_timer
                0x0000000010007f90       0x38 CMakeFiles/test.dir/home/jon/pico/pico-sdk/lib/lwip/src/core/timeouts.c.obj
 .text.tcpip_tcp_timer
                0x0000000010007fc8       0x3c CMakeFiles/test.dir/home/jon/pico/pico-sdk/lib/lwip/src/core/timeouts.c.obj
 .text.tcp_timer_needed
                0x0000000010008004       0x40 CMakeFiles/test.dir/home/jon/pico/pico-sdk/lib/lwip/src/core/timeouts.c.obj
                0x0000000010008004                tcp_timer_needed
 .text.sys_timeouts_init
                0x0000000010008044       0x90 CMakeFiles/test.dir/home/jon/pico/pico-sdk/lib/lwip/src/core/timeouts.c.obj
                0x0000000010008044                sys_timeouts_init
 .text.sys_check_timeouts
                0x00000000100080d4       0x68 CMakeFiles/test.dir/home/jon/pico/pico-sdk/lib/lwip/src/core/timeouts.c.obj
                0x00000000100080d4                sys_check_timeouts
 .text.sys_timeouts_sleeptime
                0x000000001000813c       0x28 CMakeFiles/test.dir/home/jon/pico/pico-sdk/lib/lwip/src/core/timeouts.c.obj
                0x000000001000813c                sys_timeouts_sleeptime
 .text.udp_init
                0x0000000010008164       0x20 CMakeFiles/test.dir/home/jon/pico/pico-sdk/lib/lwip/src/core/udp.c.obj
                0x0000000010008164                udp_init
 .text.udp_input
                0x0000000010008184      0x24c CMakeFiles/test.dir/home/jon/pico/pico-sdk/lib/lwip/src/core/udp.c.obj
                0x0000000010008184                udp_input
 .text.udp_bind
                0x00000000100083d0      0x10c CMakeFiles/test.dir/home/jon/pico/pico-sdk/lib/lwip/src/core/udp.c.obj
                0x00000000100083d0                udp_bind
 .text.udp_sendto_if_src
                0x00000000100084dc      0x130 CMakeFiles/test.dir/home/jon/pico/pico-sdk/lib/lwip/src/core/udp.c.obj
                0x00000000100084dc                udp_sendto_if_src
 .text.udp_sendto_if
                0x000000001000860c       0x48 CMakeFiles/test.dir/home/jon/pico/pico-sdk/lib/lwip/src/core/udp.c.obj
                0x000000001000860c                udp_sendto_if
 .text.udp_sendto
                0x0000000010008654       0x7c CMakeFiles/test.dir/home/jon/pico/pico-sdk/lib/lwip/src/core/udp.c.obj
                0x0000000010008654                udp_sendto
 .text.udp_connect
                0x00000000100086d0       0x64 CMakeFiles/test.dir/home/jon/pico/pico-sdk/lib/lwip/src/core/udp.c.obj
                0x00000000100086d0                udp_connect
 .text.udp_recv
                0x0000000010008734        0xc CMakeFiles/test.dir/home/jon/pico/pico-sdk/lib/lwip/src/core/udp.c.obj
                0x0000000010008734                udp_recv
 .text.udp_remove
                0x0000000010008740       0x3c CMakeFiles/test.dir/home/jon/pico/pico-sdk/lib/lwip/src/core/udp.c.obj
                0x0000000010008740                udp_remove
 .text.udp_new  0x000000001000877c       0x1c CMakeFiles/test.dir/home/jon/pico/pico-sdk/lib/lwip/src/core/udp.c.obj
                0x000000001000877c                udp_new
 .text.udp_netif_ip_addr_changed
                0x0000000010008798       0x40 CMakeFiles/test.dir/home/jon/pico/pico-sdk/lib/lwip/src/core/udp.c.obj
                0x0000000010008798                udp_netif_ip_addr_changed
 .text.dhcp_create_msg
                0x00000000100087d8      0x16c CMakeFiles/test.dir/home/jon/pico/pico-sdk/lib/lwip/src/core/ipv4/dhcp.c.obj
 .text.dhcp_inc_pcb_refcount
                0x0000000010008944       0x6c CMakeFiles/test.dir/home/jon/pico/pico-sdk/lib/lwip/src/core/ipv4/dhcp.c.obj
 .text.dhcp_bind
                0x00000000100089b0      0x140 CMakeFiles/test.dir/home/jon/pico/pico-sdk/lib/lwip/src/core/ipv4/dhcp.c.obj
 .text.dhcp_option_hostname.isra.0
                0x0000000010008af0       0x8c CMakeFiles/test.dir/home/jon/pico/pico-sdk/lib/lwip/src/core/ipv4/dhcp.c.obj
 .text.dhcp_handle_ack.isra.0
                0x0000000010008b7c       0xcc CMakeFiles/test.dir/home/jon/pico/pico-sdk/lib/lwip/src/core/ipv4/dhcp.c.obj
 .text.dhcp_reboot.isra.0
                0x0000000010008c48      0x1e4 CMakeFiles/test.dir/home/jon/pico/pico-sdk/lib/lwip/src/core/ipv4/dhcp.c.obj
 .text.dhcp_discover
                0x0000000010008e2c      0x198 CMakeFiles/test.dir/home/jon/pico/pico-sdk/lib/lwip/src/core/ipv4/dhcp.c.obj
 .text.dhcp_select.isra.0
                0x0000000010008fc4      0x268 CMakeFiles/test.dir/home/jon/pico/pico-sdk/lib/lwip/src/core/ipv4/dhcp.c.obj
 .text.dhcp_recv
                0x000000001000922c      0x494 CMakeFiles/test.dir/home/jon/pico/pico-sdk/lib/lwip/src/core/ipv4/dhcp.c.obj
 .text.dhcp_set_struct
                0x00000000100096c0       0x44 CMakeFiles/test.dir/home/jon/pico/pico-sdk/lib/lwip/src/core/ipv4/dhcp.c.obj
                0x00000000100096c0                dhcp_set_struct
 .text.dhcp_network_changed_link_up
                0x0000000010009704       0x40 CMakeFiles/test.dir/home/jon/pico/pico-sdk/lib/lwip/src/core/ipv4/dhcp.c.obj
                0x0000000010009704                dhcp_network_changed_link_up
 .text.dhcp_renew
                0x0000000010009744      0x1b8 CMakeFiles/test.dir/home/jon/pico/pico-sdk/lib/lwip/src/core/ipv4/dhcp.c.obj
                0x0000000010009744                dhcp_renew
 .text.dhcp_release_and_stop
                0x00000000100098fc      0x180 CMakeFiles/test.dir/home/jon/pico/pico-sdk/lib/lwip/src/core/ipv4/dhcp.c.obj
                0x00000000100098fc                dhcp_release_and_stop
 .text.dhcp_start
                0x0000000010009a7c       0xb0 CMakeFiles/test.dir/home/jon/pico/pico-sdk/lib/lwip/src/core/ipv4/dhcp.c.obj
                0x0000000010009a7c                dhcp_start
 .text.dhcp_coarse_tmr
                0x0000000010009b2c      0x238 CMakeFiles/test.dir/home/jon/pico/pico-sdk/lib/lwip/src/core/ipv4/dhcp.c.obj
                0x0000000010009b2c                dhcp_coarse_tmr
 .text.dhcp_fine_tmr
                0x0000000010009d64       0x78 CMakeFiles/test.dir/home/jon/pico/pico-sdk/lib/lwip/src/core/ipv4/dhcp.c.obj
                0x0000000010009d64                dhcp_fine_tmr
 .text.dhcp_stop
                0x0000000010009ddc      0x180 CMakeFiles/test.dir/home/jon/pico/pico-sdk/lib/lwip/src/core/ipv4/dhcp.c.obj
                0x0000000010009ddc                dhcp_stop
 .text.etharp_find_entry
                0x0000000010009f5c     0x1fbc CMakeFiles/test.dir/home/jon/pico/pico-sdk/lib/lwip/src/core/ipv4/etharp.c.obj
 .text.etharp_raw
                0x000000001000bf18       0xec CMakeFiles/test.dir/home/jon/pico/pico-sdk/lib/lwip/src/core/ipv4/etharp.c.obj
 .text.etharp_output_to_arp_index
                0x000000001000c004       0xe4 CMakeFiles/test.dir/home/jon/pico/pico-sdk/lib/lwip/src/core/ipv4/etharp.c.obj
 .text.etharp_tmr
                0x000000001000c0e8       0x94 CMakeFiles/test.dir/home/jon/pico/pico-sdk/lib/lwip/src/core/ipv4/etharp.c.obj
                0x000000001000c0e8                etharp_tmr
 .text.etharp_cleanup_netif
                0x000000001000c17c      0x188 CMakeFiles/test.dir/home/jon/pico/pico-sdk/lib/lwip/src/core/ipv4/etharp.c.obj
                0x000000001000c17c                etharp_cleanup_netif
 .text.etharp_input
                0x000000001000c304      0x1b0 CMakeFiles/test.dir/home/jon/pico/pico-sdk/lib/lwip/src/core/ipv4/etharp.c.obj
                0x000000001000c304                etharp_input
 .text.etharp_query
                0x000000001000c4b4      0x1c0 CMakeFiles/test.dir/home/jon/pico/pico-sdk/lib/lwip/src/core/ipv4/etharp.c.obj
                0x000000001000c4b4                etharp_query
 .text.etharp_output
                0x000000001000c674      0x24c CMakeFiles/test.dir/home/jon/pico/pico-sdk/lib/lwip/src/core/ipv4/etharp.c.obj
                0x000000001000c674                etharp_output
 .text.etharp_request
                0x000000001000c8c0       0x2c CMakeFiles/test.dir/home/jon/pico/pico-sdk/lib/lwip/src/core/ipv4/etharp.c.obj
                0x000000001000c8c0                etharp_request
 .text.icmp_input
                0x000000001000c8ec      0x1e8 CMakeFiles/test.dir/home/jon/pico/pico-sdk/lib/lwip/src/core/ipv4/icmp.c.obj
                0x000000001000c8ec                icmp_input
 .text.icmp_dest_unreach
                0x000000001000cad4       0xd0 CMakeFiles/test.dir/home/jon/pico/pico-sdk/lib/lwip/src/core/ipv4/icmp.c.obj
                0x000000001000cad4                icmp_dest_unreach
 .text.icmp_time_exceeded
                0x000000001000cba4       0xd0 CMakeFiles/test.dir/home/jon/pico/pico-sdk/lib/lwip/src/core/ipv4/icmp.c.obj
                0x000000001000cba4                icmp_time_exceeded
 .text.ip_reass_free_complete_datagram
                0x000000001000cc74      0x114 CMakeFiles/test.dir/home/jon/pico/pico-sdk/lib/lwip/src/core/ipv4/ip4_frag.c.obj
 .text.ip_reass_remove_oldest_datagram
                0x000000001000cd88       0xd8 CMakeFiles/test.dir/home/jon/pico/pico-sdk/lib/lwip/src/core/ipv4/ip4_frag.c.obj
 .text.ip_reass_tmr
                0x000000001000ce60       0x38 CMakeFiles/test.dir/home/jon/pico/pico-sdk/lib/lwip/src/core/ipv4/ip4_frag.c.obj
                0x000000001000ce60                ip_reass_tmr
 .text.ip4_reass
                0x000000001000ce98      0x534 CMakeFiles/test.dir/home/jon/pico/pico-sdk/lib/lwip/src/core/ipv4/ip4_frag.c.obj
                0x000000001000ce98                ip4_reass
 .text.ip4_frag
                0x000000001000d3cc      0x17c CMakeFiles/test.dir/home/jon/pico/pico-sdk/lib/lwip/src/core/ipv4/ip4_frag.c.obj
                0x000000001000d3cc                ip4_frag
 .text.ip4_route
                0x000000001000d548       0x7c CMakeFiles/test.dir/home/jon/pico/pico-sdk/lib/lwip/src/core/ipv4/ip4.c.obj
                0x000000001000d548                ip4_route
 .text.ip4_input
                0x000000001000d5c4      0x2cc CMakeFiles/test.dir/home/jon/pico/pico-sdk/lib/lwip/src/core/ipv4/ip4.c.obj
                0x000000001000d5c4                ip4_input
 .text.ip4_output_if
                0x000000001000d890      0x190 CMakeFiles/test.dir/home/jon/pico/pico-sdk/lib/lwip/src/core/ipv4/ip4.c.obj
                0x000000001000d890                ip4_output_if
 .text.ip4_output_if_src
                0x000000001000da20      0x17c CMakeFiles/test.dir/home/jon/pico/pico-sdk/lib/lwip/src/core/ipv4/ip4.c.obj
                0x000000001000da20                ip4_output_if_src
 .text.ip4_addr_isbroadcast_u32
                0x000000001000db9c       0x3c CMakeFiles/test.dir/home/jon/pico/pico-sdk/lib/lwip/src/core/ipv4/ip4_addr.c.obj
                0x000000001000db9c                ip4_addr_isbroadcast_u32
 .text.ethernet_input
                0x000000001000dbd8       0xd0 CMakeFiles/test.dir/home/jon/pico/pico-sdk/lib/lwip/src/netif/ethernet.c.obj
                0x000000001000dbd8                ethernet_input
 .text.ethernet_output
                0x000000001000dca8       0x6c CMakeFiles/test.dir/home/jon/pico/pico-sdk/lib/lwip/src/netif/ethernet.c.obj
                0x000000001000dca8                ethernet_output
 .text.cyw43_arch_wifi_connect_bssid_until.part.0
                0x000000001000dd14       0xd8 CMakeFiles/test.dir/home/jon/pico/pico-sdk/src/rp2_common/pico_cyw43_arch/cyw43_arch.c.obj
 .text.cyw43_arch_set_async_context
                0x000000001000ddec        0xc CMakeFiles/test.dir/home/jon/pico/pico-sdk/src/rp2_common/pico_cyw43_arch/cyw43_arch.c.obj
                0x000000001000ddec                cyw43_arch_set_async_context
 .text.cyw43_arch_enable_sta_mode
                0x000000001000ddf8       0x1c CMakeFiles/test.dir/home/jon/pico/pico-sdk/src/rp2_common/pico_cyw43_arch/cyw43_arch.c.obj
                0x000000001000ddf8                cyw43_arch_enable_sta_mode
 .text.cyw43_arch_wifi_connect_timeout_ms
                0x000000001000de14       0x9c CMakeFiles/test.dir/home/jon/pico/pico-sdk/src/rp2_common/pico_cyw43_arch/cyw43_arch.c.obj
                0x000000001000de14                cyw43_arch_wifi_connect_timeout_ms
 .text.cyw43_arch_init_with_country
                0x000000001000deb0       0x10 CMakeFiles/test.dir/home/jon/pico/pico-sdk/src/rp2_common/pico_cyw43_arch/cyw43_arch.c.obj
                0x000000001000deb0                cyw43_arch_init_with_country
 .text.cyw43_arch_async_context
                0x000000001000dec0        0xc CMakeFiles/test.dir/home/jon/pico/pico-sdk/src/rp2_common/pico_cyw43_arch/cyw43_arch.c.obj
                0x000000001000dec0                cyw43_arch_async_context
 .text.cyw43_arch_init
                0x000000001000decc       0x80 CMakeFiles/test.dir/home/jon/pico/pico-sdk/src/rp2_common/pico_cyw43_arch/cyw43_arch_threadsafe_background.c.obj
                0x000000001000decc                cyw43_arch_init
 .text.ns_delay.constprop.0
                0x000000001000df4c       0x20 CMakeFiles/test.dir/home/jon/pico/pico-sdk/src/rp2_common/pico_cyw43_driver/cyw43_bus_pio_spi.c.obj
 .text.cyw43_spi_deinit
                0x000000001000df6c       0x7c CMakeFiles/test.dir/home/jon/pico/pico-sdk/src/rp2_common/pico_cyw43_driver/cyw43_bus_pio_spi.c.obj
                0x000000001000df6c                cyw43_spi_deinit
 .text.cyw43_spi_init
                0x000000001000dfe8      0x154 CMakeFiles/test.dir/home/jon/pico/pico-sdk/src/rp2_common/pico_cyw43_driver/cyw43_bus_pio_spi.c.obj
                0x000000001000dfe8                cyw43_spi_init
 .text.cyw43_spi_transfer
                0x000000001000e13c      0x430 CMakeFiles/test.dir/home/jon/pico/pico-sdk/src/rp2_common/pico_cyw43_driver/cyw43_bus_pio_spi.c.obj
                0x000000001000e13c                cyw43_spi_transfer
 .text.cyw43_spi_gpio_setup
                0x000000001000e56c       0x3c CMakeFiles/test.dir/home/jon/pico/pico-sdk/src/rp2_common/pico_cyw43_driver/cyw43_bus_pio_spi.c.obj
                0x000000001000e56c                cyw43_spi_gpio_setup
 .text.cyw43_spi_reset
                0x000000001000e5a8       0x28 CMakeFiles/test.dir/home/jon/pico/pico-sdk/src/rp2_common/pico_cyw43_driver/cyw43_bus_pio_spi.c.obj
                0x000000001000e5a8                cyw43_spi_reset
 .text.read_reg_u32_swap
                0x000000001000e5d0       0x3c CMakeFiles/test.dir/home/jon/pico/pico-sdk/src/rp2_common/pico_cyw43_driver/cyw43_bus_pio_spi.c.obj
                0x000000001000e5d0                read_reg_u32_swap
 .text.cyw43_read_reg_u32
                0x000000001000e60c       0x6c CMakeFiles/test.dir/home/jon/pico/pico-sdk/src/rp2_common/pico_cyw43_driver/cyw43_bus_pio_spi.c.obj
                0x000000001000e60c                cyw43_read_reg_u32
 .text.cyw43_read_reg_u16
                0x000000001000e678       0x6c CMakeFiles/test.dir/home/jon/pico/pico-sdk/src/rp2_common/pico_cyw43_driver/cyw43_bus_pio_spi.c.obj
                0x000000001000e678                cyw43_read_reg_u16
 .text.cyw43_read_reg_u8
                0x000000001000e6e4       0x6c CMakeFiles/test.dir/home/jon/pico/pico-sdk/src/rp2_common/pico_cyw43_driver/cyw43_bus_pio_spi.c.obj
                0x000000001000e6e4                cyw43_read_reg_u8
 .text.write_reg_u32_swap
                0x000000001000e750      0x1e0 CMakeFiles/test.dir/home/jon/pico/pico-sdk/src/rp2_common/pico_cyw43_driver/cyw43_bus_pio_spi.c.obj
                0x000000001000e750                write_reg_u32_swap
 .text.cyw43_write_reg_u32
                0x000000001000e930      0x200 CMakeFiles/test.dir/home/jon/pico/pico-sdk/src/rp2_common/pico_cyw43_driver/cyw43_bus_pio_spi.c.obj
                0x000000001000e930                cyw43_write_reg_u32
 .text.cyw43_write_reg_u16
                0x000000001000eb30      0x200 CMakeFiles/test.dir/home/jon/pico/pico-sdk/src/rp2_common/pico_cyw43_driver/cyw43_bus_pio_spi.c.obj
                0x000000001000eb30                cyw43_write_reg_u16
 .text.cyw43_write_reg_u8
                0x000000001000ed30      0x200 CMakeFiles/test.dir/home/jon/pico/pico-sdk/src/rp2_common/pico_cyw43_driver/cyw43_bus_pio_spi.c.obj
                0x000000001000ed30                cyw43_write_reg_u8
 .text.cyw43_read_bytes
                0x000000001000ef30       0x78 CMakeFiles/test.dir/home/jon/pico/pico-sdk/src/rp2_common/pico_cyw43_driver/cyw43_bus_pio_spi.c.obj
                0x000000001000ef30                cyw43_read_bytes
 .text.cyw43_write_bytes
                0x000000001000efa8       0xec CMakeFiles/test.dir/home/jon/pico/pico-sdk/src/rp2_common/pico_cyw43_driver/cyw43_bus_pio_spi.c.obj
                0x000000001000efa8                cyw43_write_bytes
 .text.cyw43_set_backplane_window
                0x000000001000f094       0x64 CMakeFiles/test.dir/home/jon/pico/pico-sdk/lib/cyw43-driver/src/cyw43_ll.c.obj
 .text.cyw43_ll_parse_async_event
                0x000000001000f0f8      0x13c CMakeFiles/test.dir/home/jon/pico/pico-sdk/lib/cyw43-driver/src/cyw43_ll.c.obj
 .text.cyw43_kso_set
                0x000000001000f234       0xa0 CMakeFiles/test.dir/home/jon/pico/pico-sdk/lib/cyw43-driver/src/cyw43_ll.c.obj
 .text.cyw43_ll_sdpcm_poll_device
                0x000000001000f2d4      0x238 CMakeFiles/test.dir/home/jon/pico/pico-sdk/lib/cyw43-driver/src/cyw43_ll.c.obj
 .text.cyw43_sdpcm_send_common
                0x000000001000f50c       0xf0 CMakeFiles/test.dir/home/jon/pico/pico-sdk/lib/cyw43-driver/src/cyw43_ll.c.obj
 .text.cyw43_do_ioctl
                0x000000001000f5fc      0x110 CMakeFiles/test.dir/home/jon/pico/pico-sdk/lib/cyw43-driver/src/cyw43_ll.c.obj
 .text.cyw43_do_ioctl.constprop.0
                0x000000001000f70c      0x108 CMakeFiles/test.dir/home/jon/pico/pico-sdk/lib/cyw43-driver/src/cyw43_ll.c.obj
 .text.cyw43_read_backplane.constprop.0
                0x000000001000f814       0xdc CMakeFiles/test.dir/home/jon/pico/pico-sdk/lib/cyw43-driver/src/cyw43_ll.c.obj
 .text.reset_device_core.constprop.0
                0x000000001000f8f0      0x3f0 CMakeFiles/test.dir/home/jon/pico/pico-sdk/lib/cyw43-driver/src/cyw43_ll.c.obj
 .text.cyw43_ll_init
                0x000000001000fce0       0x1c CMakeFiles/test.dir/home/jon/pico/pico-sdk/lib/cyw43-driver/src/cyw43_ll.c.obj
                0x000000001000fce0                cyw43_ll_init
 .text.cyw43_ll_deinit
                0x000000001000fcfc        0x8 CMakeFiles/test.dir/home/jon/pico/pico-sdk/lib/cyw43-driver/src/cyw43_ll.c.obj
                0x000000001000fcfc                cyw43_ll_deinit
 .text.cyw43_ll_send_ethernet
                0x000000001000fd04       0x60 CMakeFiles/test.dir/home/jon/pico/pico-sdk/lib/cyw43-driver/src/cyw43_ll.c.obj
                0x000000001000fd04                cyw43_ll_send_ethernet
 .text.cyw43_ll_process_packets
                0x000000001000fd64       0x54 CMakeFiles/test.dir/home/jon/pico/pico-sdk/lib/cyw43-driver/src/cyw43_ll.c.obj
                0x000000001000fd64                cyw43_ll_process_packets
 .text.cyw43_ll_ioctl
                0x000000001000fdb8       0x20 CMakeFiles/test.dir/home/jon/pico/pico-sdk/lib/cyw43-driver/src/cyw43_ll.c.obj
                0x000000001000fdb8                cyw43_ll_ioctl
 .text.cyw43_ll_bus_sleep
                0x000000001000fdd8       0x34 CMakeFiles/test.dir/home/jon/pico/pico-sdk/lib/cyw43-driver/src/cyw43_ll.c.obj
                0x000000001000fdd8                cyw43_ll_bus_sleep
 .text.cyw43_ll_bus_init
                0x000000001000fe0c      0xbf0 CMakeFiles/test.dir/home/jon/pico/pico-sdk/lib/cyw43-driver/src/cyw43_ll.c.obj
                0x000000001000fe0c                cyw43_ll_bus_init
 .text.cyw43_ll_wifi_on
                0x00000000100109fc      0x240 CMakeFiles/test.dir/home/jon/pico/pico-sdk/lib/cyw43-driver/src/cyw43_ll.c.obj
                0x00000000100109fc                cyw43_ll_wifi_on
 .text.cyw43_ll_wifi_get_mac
                0x0000000010010c3c       0x44 CMakeFiles/test.dir/home/jon/pico/pico-sdk/lib/cyw43-driver/src/cyw43_ll.c.obj
                0x0000000010010c3c                cyw43_ll_wifi_get_mac
 .text.cyw43_ll_wifi_pm
                0x0000000010010c80      0x194 CMakeFiles/test.dir/home/jon/pico/pico-sdk/lib/cyw43-driver/src/cyw43_ll.c.obj
                0x0000000010010c80                cyw43_ll_wifi_pm
 .text.cyw43_ll_wifi_join
                0x0000000010010e14      0x310 CMakeFiles/test.dir/home/jon/pico/pico-sdk/lib/cyw43-driver/src/cyw43_ll.c.obj
                0x0000000010010e14                cyw43_ll_wifi_join
 .text.cyw43_ll_wifi_set_wpa_auth
                0x0000000010011124       0x2c CMakeFiles/test.dir/home/jon/pico/pico-sdk/lib/cyw43-driver/src/cyw43_ll.c.obj
                0x0000000010011124                cyw43_ll_wifi_set_wpa_auth
 .text.cyw43_ll_wifi_rejoin
                0x0000000010011150       0x1c CMakeFiles/test.dir/home/jon/pico/pico-sdk/lib/cyw43-driver/src/cyw43_ll.c.obj
                0x0000000010011150                cyw43_ll_wifi_rejoin
 .text.cyw43_ll_wifi_ap_init
                0x000000001001116c      0x2c4 CMakeFiles/test.dir/home/jon/pico/pico-sdk/lib/cyw43-driver/src/cyw43_ll.c.obj
                0x000000001001116c                cyw43_ll_wifi_ap_init
 .text.cyw43_ll_wifi_ap_set_up
                0x0000000010011430       0x54 CMakeFiles/test.dir/home/jon/pico/pico-sdk/lib/cyw43-driver/src/cyw43_ll.c.obj
                0x0000000010011430                cyw43_ll_wifi_ap_set_up
 .text.cyw43_ll_has_work
                0x0000000010011484       0x14 CMakeFiles/test.dir/home/jon/pico/pico-sdk/lib/cyw43-driver/src/cyw43_ll.c.obj
                0x0000000010011484                cyw43_ll_has_work
 .text.cyw43_netif_init
                0x0000000010011498       0x3c CMakeFiles/test.dir/home/jon/pico/pico-sdk/lib/cyw43-driver/src/cyw43_lwip.c.obj
 .text.cyw43_netif_output
                0x00000000100114d4       0x34 CMakeFiles/test.dir/home/jon/pico/pico-sdk/lib/cyw43-driver/src/cyw43_lwip.c.obj
 .text.cyw43_cb_tcpip_init
                0x0000000010011508       0xfc CMakeFiles/test.dir/home/jon/pico/pico-sdk/lib/cyw43-driver/src/cyw43_lwip.c.obj
                0x0000000010011508                cyw43_cb_tcpip_init
 .text.cyw43_cb_tcpip_deinit
                0x0000000010011604       0x4c CMakeFiles/test.dir/home/jon/pico/pico-sdk/lib/cyw43-driver/src/cyw43_lwip.c.obj
                0x0000000010011604                cyw43_cb_tcpip_deinit
 .text.cyw43_cb_process_ethernet
                0x0000000010011650       0x68 CMakeFiles/test.dir/home/jon/pico/pico-sdk/lib/cyw43-driver/src/cyw43_lwip.c.obj
                0x0000000010011650                cyw43_cb_process_ethernet
 .text.cyw43_cb_tcpip_set_link_up
                0x00000000100116b8       0x18 CMakeFiles/test.dir/home/jon/pico/pico-sdk/lib/cyw43-driver/src/cyw43_lwip.c.obj
                0x00000000100116b8                cyw43_cb_tcpip_set_link_up
 .text.cyw43_cb_tcpip_set_link_down
                0x00000000100116d0       0x18 CMakeFiles/test.dir/home/jon/pico/pico-sdk/lib/cyw43-driver/src/cyw43_lwip.c.obj
                0x00000000100116d0                cyw43_cb_tcpip_set_link_down
 .text.cyw43_tcpip_link_status
                0x00000000100116e8       0x34 CMakeFiles/test.dir/home/jon/pico/pico-sdk/lib/cyw43-driver/src/cyw43_lwip.c.obj
                0x00000000100116e8                cyw43_tcpip_link_status
 .text.cyw43_poll_func
                0x000000001001171c       0xc0 CMakeFiles/test.dir/home/jon/pico/pico-sdk/lib/cyw43-driver/src/cyw43_ctrl.c.obj
 .text.cyw43_init
                0x00000000100117dc       0x6c CMakeFiles/test.dir/home/jon/pico/pico-sdk/lib/cyw43-driver/src/cyw43_ctrl.c.obj
                0x00000000100117dc                cyw43_init
 .text.cyw43_deinit
                0x0000000010011848       0x90 CMakeFiles/test.dir/home/jon/pico/pico-sdk/lib/cyw43-driver/src/cyw43_ctrl.c.obj
                0x0000000010011848                cyw43_deinit
 .text.cyw43_cb_read_host_interrupt_pin
                0x00000000100118d8        0xc CMakeFiles/test.dir/home/jon/pico/pico-sdk/lib/cyw43-driver/src/cyw43_ctrl.c.obj
                0x00000000100118d8                cyw43_cb_read_host_interrupt_pin
 .text.cyw43_cb_ensure_awake
                0x00000000100118e4        0xc CMakeFiles/test.dir/home/jon/pico/pico-sdk/lib/cyw43-driver/src/cyw43_ctrl.c.obj
                0x00000000100118e4                cyw43_cb_ensure_awake
 .text.cyw43_cb_process_async_event
                0x00000000100118f0      0x228 CMakeFiles/test.dir/home/jon/pico/pico-sdk/lib/cyw43-driver/src/cyw43_ctrl.c.obj
                0x00000000100118f0                cyw43_cb_process_async_event
 .text.cyw43_send_ethernet
                0x0000000010011b18       0xc0 CMakeFiles/test.dir/home/jon/pico/pico-sdk/lib/cyw43-driver/src/cyw43_ctrl.c.obj
                0x0000000010011b18                cyw43_send_ethernet
 .text.cyw43_wifi_get_mac
                0x0000000010011bd8       0x10 CMakeFiles/test.dir/home/jon/pico/pico-sdk/lib/cyw43-driver/src/cyw43_ctrl.c.obj
                0x0000000010011bd8                cyw43_wifi_get_mac
 .text.cyw43_wifi_set_up
                0x0000000010011be8      0x308 CMakeFiles/test.dir/home/jon/pico/pico-sdk/lib/cyw43-driver/src/cyw43_ctrl.c.obj
                0x0000000010011be8                cyw43_wifi_set_up
 .text.cyw43_wifi_link_status
                0x0000000010011ef0       0x3c CMakeFiles/test.dir/home/jon/pico/pico-sdk/lib/cyw43-driver/src/cyw43_ctrl.c.obj
                0x0000000010011ef0                cyw43_wifi_link_status
 .text.cyw43_wifi_join
                0x0000000010011f2c       0xf4 CMakeFiles/test.dir/home/jon/pico/pico-sdk/lib/cyw43-driver/src/cyw43_ctrl.c.obj
                0x0000000010011f2c                cyw43_wifi_join
 .text.pio_sm_unclaim
                0x0000000010012020       0x20 CMakeFiles/test.dir/home/jon/pico/pico-sdk/src/rp2_common/hardware_pio/pio.c.obj
                0x0000000010012020                pio_sm_unclaim
 .text.pio_claim_unused_sm
                0x0000000010012040       0x3c CMakeFiles/test.dir/home/jon/pico/pico-sdk/src/rp2_common/hardware_pio/pio.c.obj
                0x0000000010012040                pio_claim_unused_sm
 .text.pio_can_add_program
                0x000000001001207c       0x68 CMakeFiles/test.dir/home/jon/pico/pico-sdk/src/rp2_common/hardware_pio/pio.c.obj
                0x000000001001207c                pio_can_add_program
 .text.pio_add_program
                0x00000000100120e4       0xc8 CMakeFiles/test.dir/home/jon/pico/pico-sdk/src/rp2_common/hardware_pio/pio.c.obj
                0x00000000100120e4                pio_add_program
 .text.pio_remove_program
                0x00000000100121ac       0x34 CMakeFiles/test.dir/home/jon/pico/pico-sdk/src/rp2_common/hardware_pio/pio.c.obj
                0x00000000100121ac                pio_remove_program
 .text.pio_sm_set_pindirs_with_mask
                0x00000000100121e0       0xa4 CMakeFiles/test.dir/home/jon/pico/pico-sdk/src/rp2_common/hardware_pio/pio.c.obj
                0x00000000100121e0                pio_sm_set_pindirs_with_mask
 .text.pio_sm_set_consecutive_pindirs
                0x0000000010012284       0xb0 CMakeFiles/test.dir/home/jon/pico/pico-sdk/src/rp2_common/hardware_pio/pio.c.obj
                0x0000000010012284                pio_sm_set_consecutive_pindirs
 .text.dma_channel_unclaim
                0x0000000010012334       0x10 CMakeFiles/test.dir/home/jon/pico/pico-sdk/src/rp2_common/hardware_dma/dma.c.obj
                0x0000000010012334                dma_channel_unclaim
 .text.dma_claim_unused_channel
                0x0000000010012344       0x20 CMakeFiles/test.dir/home/jon/pico/pico-sdk/src/rp2_common/hardware_dma/dma.c.obj
                0x0000000010012344                dma_claim_unused_channel
 .text.dma_channel_cleanup
                0x0000000010012364       0x60 CMakeFiles/test.dir/home/jon/pico/pico-sdk/src/rp2_common/hardware_dma/dma.c.obj
                0x0000000010012364                dma_channel_cleanup
 .text.cyw43_sleep_timeout_reached
                0x00000000100123c4       0x10 CMakeFiles/test.dir/home/jon/pico/pico-sdk/src/rp2_common/pico_cyw43_driver/cyw43_driver.c.obj
 .text.cyw43_irq_init
                0x00000000100123d4       0x28 CMakeFiles/test.dir/home/jon/pico/pico-sdk/src/rp2_common/pico_cyw43_driver/cyw43_driver.c.obj
                0x00000000100123d4                cyw43_irq_init
 .text.cyw43_irq_deinit
                0x00000000100123fc       0x20 CMakeFiles/test.dir/home/jon/pico/pico-sdk/src/rp2_common/pico_cyw43_driver/cyw43_driver.c.obj
                0x00000000100123fc                cyw43_irq_deinit
 .text.cyw43_gpio_irq_handler
                0x000000001001241c       0x44 CMakeFiles/test.dir/home/jon/pico/pico-sdk/src/rp2_common/pico_cyw43_driver/cyw43_driver.c.obj
 .text.cyw43_do_poll
                0x0000000010012460       0x6c CMakeFiles/test.dir/home/jon/pico/pico-sdk/src/rp2_common/pico_cyw43_driver/cyw43_driver.c.obj
 .text.cyw43_post_poll_hook
                0x00000000100124cc       0x10 CMakeFiles/test.dir/home/jon/pico/pico-sdk/src/rp2_common/pico_cyw43_driver/cyw43_driver.c.obj
                0x00000000100124cc                cyw43_post_poll_hook
 .text.cyw43_schedule_internal_poll_dispatch
                0x00000000100124dc       0x18 CMakeFiles/test.dir/home/jon/pico/pico-sdk/src/rp2_common/pico_cyw43_driver/cyw43_driver.c.obj
                0x00000000100124dc                cyw43_schedule_internal_poll_dispatch
 .text.cyw43_driver_init
                0x00000000100124f4       0x38 CMakeFiles/test.dir/home/jon/pico/pico-sdk/src/rp2_common/pico_cyw43_driver/cyw43_driver.c.obj
                0x00000000100124f4                cyw43_driver_init
 .text.cyw43_driver_deinit
                0x000000001001252c       0x44 CMakeFiles/test.dir/home/jon/pico/pico-sdk/src/rp2_common/pico_cyw43_driver/cyw43_driver.c.obj
                0x000000001001252c                cyw43_driver_deinit
 .text.cyw43_hal_generate_laa_mac
                0x0000000010012570       0x28 CMakeFiles/test.dir/home/jon/pico/pico-sdk/src/rp2_common/pico_cyw43_driver/cyw43_driver.c.obj
                0x0000000010012570                cyw43_hal_generate_laa_mac
 .text.cyw43_hal_get_mac
                0x0000000010012598       0x1c CMakeFiles/test.dir/home/jon/pico/pico-sdk/src/rp2_common/pico_cyw43_driver/cyw43_driver.c.obj
                0x0000000010012598                cyw43_hal_get_mac
 .text.cyw43_thread_enter
                0x00000000100125b4       0x14 CMakeFiles/test.dir/home/jon/pico/pico-sdk/src/rp2_common/pico_cyw43_driver/cyw43_driver.c.obj
                0x00000000100125b4                cyw43_thread_enter
 .text.cyw43_thread_exit
                0x00000000100125c8       0x14 CMakeFiles/test.dir/home/jon/pico/pico-sdk/src/rp2_common/pico_cyw43_driver/cyw43_driver.c.obj
                0x00000000100125c8                cyw43_thread_exit
 .text.cyw43_await_background_or_timeout_us
                0x00000000100125dc       0x34 CMakeFiles/test.dir/home/jon/pico/pico-sdk/src/rp2_common/pico_cyw43_driver/cyw43_driver.c.obj
                0x00000000100125dc                cyw43_await_background_or_timeout_us
 .text.cyw43_delay_ms
                0x0000000010012610       0x44 CMakeFiles/test.dir/home/jon/pico/pico-sdk/src/rp2_common/pico_cyw43_driver/cyw43_driver.c.obj
                0x0000000010012610                cyw43_delay_ms
 .text.cyw43_delay_us
                0x0000000010012654       0x34 CMakeFiles/test.dir/home/jon/pico/pico-sdk/src/rp2_common/pico_cyw43_driver/cyw43_driver.c.obj
                0x0000000010012654                cyw43_delay_us
 .text.async_context_threadsafe_background_acquire_lock_blocking
                0x0000000010012688        0xc CMakeFiles/test.dir/home/jon/pico/pico-sdk/src/rp2_common/pico_async_context/async_context_threadsafe_background.c.obj
 .text.alarm_handler
                0x0000000010012694       0x20 CMakeFiles/test.dir/home/jon/pico/pico-sdk/src/rp2_common/pico_async_context/async_context_threadsafe_background.c.obj
 .text.async_context_threadsafe_background_set_work_pending
                0x00000000100126b4       0x1c CMakeFiles/test.dir/home/jon/pico/pico-sdk/src/rp2_common/pico_async_context/async_context_threadsafe_background.c.obj
 .text.process_under_lock
                0x00000000100126d0       0xc8 CMakeFiles/test.dir/home/jon/pico/pico-sdk/src/rp2_common/pico_async_context/async_context_threadsafe_background.c.obj
 .text.async_context_threadsafe_background_execute_sync
                0x0000000010012798       0x30 CMakeFiles/test.dir/home/jon/pico/pico-sdk/src/rp2_common/pico_async_context/async_context_threadsafe_background.c.obj
                0x0000000010012798                async_context_threadsafe_background_execute_sync
 .text.async_context_threadsafe_background_deinit
                0x00000000100127c8       0x54 CMakeFiles/test.dir/home/jon/pico/pico-sdk/src/rp2_common/pico_async_context/async_context_threadsafe_background.c.obj
 .text.low_priority_irq_handler
                0x000000001001281c       0x3c CMakeFiles/test.dir/home/jon/pico/pico-sdk/src/rp2_common/pico_async_context/async_context_threadsafe_background.c.obj
 .text.async_context_threadsafe_background_wait_for_work_until
                0x0000000010012858        0xc CMakeFiles/test.dir/home/jon/pico/pico-sdk/src/rp2_common/pico_async_context/async_context_threadsafe_background.c.obj
 .text.async_context_threadsafe_background_wait_until
                0x0000000010012864       0x1c CMakeFiles/test.dir/home/jon/pico/pico-sdk/src/rp2_common/pico_async_context/async_context_threadsafe_background.c.obj
 .text.async_context_threadsafe_background_lock_check
                0x0000000010012880       0x28 CMakeFiles/test.dir/home/jon/pico/pico-sdk/src/rp2_common/pico_async_context/async_context_threadsafe_background.c.obj
 .text.async_context_threadsafe_background_release_lock
                0x00000000100128a8       0x1c CMakeFiles/test.dir/home/jon/pico/pico-sdk/src/rp2_common/pico_async_context/async_context_threadsafe_background.c.obj
 .text.async_context_threadsafe_background_when_pending_worker
                0x00000000100128c4       0x34 CMakeFiles/test.dir/home/jon/pico/pico-sdk/src/rp2_common/pico_async_context/async_context_threadsafe_background.c.obj
 .text.async_context_threadsafe_background_remove_at_time_worker
                0x00000000100128f8       0x34 CMakeFiles/test.dir/home/jon/pico/pico-sdk/src/rp2_common/pico_async_context/async_context_threadsafe_background.c.obj
 .text.async_context_threadsafe_background_add_when_pending_worker
                0x000000001001292c       0x34 CMakeFiles/test.dir/home/jon/pico/pico-sdk/src/rp2_common/pico_async_context/async_context_threadsafe_background.c.obj
 .text.async_context_threadsafe_background_add_at_time_worker
                0x0000000010012960       0x34 CMakeFiles/test.dir/home/jon/pico/pico-sdk/src/rp2_common/pico_async_context/async_context_threadsafe_background.c.obj
 .text.async_context_threadsafe_background_default_config
                0x0000000010012994        0xc CMakeFiles/test.dir/home/jon/pico/pico-sdk/src/rp2_common/pico_async_context/async_context_threadsafe_background.c.obj
                0x0000000010012994                async_context_threadsafe_background_default_config
 .text.async_context_threadsafe_background_init
                0x00000000100129a0       0x8c CMakeFiles/test.dir/home/jon/pico/pico-sdk/src/rp2_common/pico_async_context/async_context_threadsafe_background.c.obj
                0x00000000100129a0                async_context_threadsafe_background_init
 .text.uart_init
                0x0000000010012a2c      0x188 CMakeFiles/test.dir/home/jon/pico/pico-sdk/src/rp2_common/hardware_uart/uart.c.obj
                0x0000000010012a2c                uart_init
 .text.runtime_init
                0x0000000010012bb4       0xf0 CMakeFiles/test.dir/home/jon/pico/pico-sdk/src/rp2_common/pico_runtime/runtime.c.obj
                0x0000000010012bb4                runtime_init
 .text._exit    0x0000000010012ca4        0x4 CMakeFiles/test.dir/home/jon/pico/pico-sdk/src/rp2_common/pico_runtime/runtime.c.obj
                0x0000000010012ca4                _exit
 .text.exit     0x0000000010012ca8        0x8 CMakeFiles/test.dir/home/jon/pico/pico-sdk/src/rp2_common/pico_runtime/runtime.c.obj
                0x0000000010012ca8                exit
 .text.panic    0x0000000010012cb0       0x30 CMakeFiles/test.dir/home/jon/pico/pico-sdk/src/rp2_common/pico_runtime/runtime.c.obj
                0x0000000010012cb0                panic
 .text.hard_assertion_failure
                0x0000000010012ce0        0xc CMakeFiles/test.dir/home/jon/pico/pico-sdk/src/rp2_common/pico_runtime/runtime.c.obj
                0x0000000010012ce0                hard_assertion_failure
 .text._out_null
                0x0000000010012cec        0x4 CMakeFiles/test.dir/home/jon/pico/pico-sdk/src/rp2_common/pico_printf/printf.c.obj
 .text._out_rev
                0x0000000010012cf0       0x9c CMakeFiles/test.dir/home/jon/pico/pico-sdk/src/rp2_common/pico_printf/printf.c.obj
 .text._ntoa_format
                0x0000000010012d8c      0x1cc CMakeFiles/test.dir/home/jon/pico/pico-sdk/src/rp2_common/pico_printf/printf.c.obj
 .text._out_char
                0x0000000010012f58       0x10 CMakeFiles/test.dir/home/jon/pico/pico-sdk/src/rp2_common/pico_printf/printf.c.obj
 .text._out_fct
                0x0000000010012f68       0x10 CMakeFiles/test.dir/home/jon/pico/pico-sdk/src/rp2_common/pico_printf/printf.c.obj
 .text._etoa    0x0000000010012f78      0x44c CMakeFiles/test.dir/home/jon/pico/pico-sdk/src/rp2_common/pico_printf/printf.c.obj
 .text._ftoa    0x00000000100133c4      0x398 CMakeFiles/test.dir/home/jon/pico/pico-sdk/src/rp2_common/pico_printf/printf.c.obj
 .text._vsnprintf
                0x000000001001375c      0xb04 CMakeFiles/test.dir/home/jon/pico/pico-sdk/src/rp2_common/pico_printf/printf.c.obj
 .text.vfctprintf
                0x0000000010014260       0x20 CMakeFiles/test.dir/home/jon/pico/pico-sdk/src/rp2_common/pico_printf/printf.c.obj
                0x0000000010014260                vfctprintf
 .text.weak_raw_vprintf
                0x0000000010014280       0x30 CMakeFiles/test.dir/home/jon/pico/pico-sdk/src/rp2_common/pico_printf/printf.c.obj
                0x0000000010014280                weak_raw_vprintf
 .text          0x00000000100142b0       0x10 CMakeFiles/test.dir/home/jon/pico/pico-sdk/src/rp2_common/pico_bit_ops/bit_ops_aeabi.S.obj
 .text.ctzsi    0x00000000100142c0        0xc CMakeFiles/test.dir/home/jon/pico/pico-sdk/src/rp2_common/pico_bit_ops/bit_ops_aeabi.S.obj
                0x00000000100142c0                __wrap___ctzsi2
 .text.__wrap___aeabi_idiv
                0x00000000100142cc       0x50 CMakeFiles/test.dir/home/jon/pico/pico-sdk/src/rp2_common/pico_divider/divider.S.obj
                0x00000000100142cc                __wrap___aeabi_idivmod
                0x00000000100142cc                divmod_s32s32
                0x00000000100142cc                div_s32s32
                0x00000000100142cc                __wrap___aeabi_idiv
                0x00000000100142d4                divmod_s32s32_unsafe
                0x0000000010014300                divmod_s32s32_savestate
 .text.__wrap___aeabi_uidiv
                0x000000001001431c       0x4c CMakeFiles/test.dir/home/jon/pico/pico-sdk/src/rp2_common/pico_divider/divider.S.obj
                0x000000001001431c                __wrap___aeabi_uidiv
                0x000000001001431c                __wrap___aeabi_uidivmod
                0x000000001001431c                div_u32u32
                0x000000001001431c                divmod_u32u32
                0x0000000010014324                divmod_u32u32_unsafe
                0x000000001001434c                divmod_u32u32_savestate
 .text.__wrap___aeabi_ldiv
                0x0000000010014368      0x424 CMakeFiles/test.dir/home/jon/pico/pico-sdk/src/rp2_common/pico_divider/divider.S.obj
                0x0000000010014368                div_s64s64
                0x0000000010014368                divmod_s64s64
                0x0000000010014368                __wrap___aeabi_ldivmod
                0x0000000010014398                div_u64u64
                0x0000000010014398                divmod_u64u64
                0x0000000010014398                __wrap___aeabi_uldivmod
                0x00000000100143a8                divmod_u64u64_savestate
                0x00000000100143c8                divmod_s64s64_unsafe
                0x0000000010014450                divmod_u64u64_unsafe
 .text.__wrap___aeabi_darithmetic
                0x000000001001478c       0x60 CMakeFiles/test.dir/home/jon/pico/pico-sdk/src/rp2_common/pico_double/double_aeabi.S.obj
                0x000000001001478c                __wrap___aeabi_drsub
                0x0000000010014792                __wrap___aeabi_dsub
                0x000000001001479c                __wrap___aeabi_dadd
                0x00000000100147a6                __wrap___aeabi_ddiv
                0x00000000100147da                __wrap___aeabi_dmul
 .text.__wrap___aeabi_cdcmple
                0x00000000100147ec       0x6c CMakeFiles/test.dir/home/jon/pico/pico-sdk/src/rp2_common/pico_double/double_aeabi.S.obj
                0x00000000100147ec                __wrap___aeabi_cdrcmple
                0x00000000100147fc                __wrap___aeabi_cdcmple
                0x00000000100147fc                __wrap___aeabi_cdcmpeq
 .text.__wrap___aeabi_dcmplt
                0x0000000010014858        0xc CMakeFiles/test.dir/home/jon/pico/pico-sdk/src/rp2_common/pico_double/double_aeabi.S.obj
                0x0000000010014858                __wrap___aeabi_dcmplt
 .text.__wrap___aeabi_dcmple
                0x0000000010014864       0x10 CMakeFiles/test.dir/home/jon/pico/pico-sdk/src/rp2_common/pico_double/double_aeabi.S.obj
                0x0000000010014864                __wrap___aeabi_dcmple
 .text.__wrap___aeabi_dcmpge
                0x0000000010014874       0x10 CMakeFiles/test.dir/home/jon/pico/pico-sdk/src/rp2_common/pico_double/double_aeabi.S.obj
                0x0000000010014874                __wrap___aeabi_dcmpge
 .text.__wrap___aeabi_dcmpgt
                0x0000000010014884        0xa CMakeFiles/test.dir/home/jon/pico/pico-sdk/src/rp2_common/pico_double/double_aeabi.S.obj
                0x0000000010014884                __wrap___aeabi_dcmpgt
 .text.__wrap___aeabi_dcmpun
                0x000000001001488e       0x1c CMakeFiles/test.dir/home/jon/pico/pico-sdk/src/rp2_common/pico_double/double_aeabi.S.obj
                0x000000001001488e                __wrap___aeabi_dcmpun
 *fill*         0x00000000100148aa        0x2 
 .text.__wrap___aeabi_i2d
                0x00000000100148ac       0x38 CMakeFiles/test.dir/home/jon/pico/pico-sdk/src/rp2_common/pico_double/double_aeabi.S.obj
                0x00000000100148ac                __wrap___aeabi_ui2d
                0x00000000100148b4                __wrap___aeabi_i2d
 .text.__wrap___aeabi_d2iz
                0x00000000100148e4       0x48 CMakeFiles/test.dir/home/jon/pico/pico-sdk/src/rp2_common/pico_double/double_aeabi.S.obj
                0x00000000100148e4                __wrap___aeabi_d2iz
                0x00000000100148e4                double2int_z
 .text.__wrap___aeabi_d2uiz
                0x000000001001492c       0x10 CMakeFiles/test.dir/home/jon/pico/pico-sdk/src/rp2_common/pico_double/double_aeabi.S.obj
                0x000000001001492c                double2uint
                0x000000001001492c                __wrap___aeabi_d2uiz
 .text.missing_double_func_shim
                0x000000001001493c        0xc CMakeFiles/test.dir/home/jon/pico/pico-sdk/src/rp2_common/pico_double/double_init_rom.c.obj
 .text.__aeabi_double_init
                0x0000000010014948       0x98 CMakeFiles/test.dir/home/jon/pico/pico-sdk/src/rp2_common/pico_double/double_init_rom.c.obj
                0x0000000010014948                __aeabi_double_init
 .text.double_table_shim_on_use_helper
                0x00000000100149e0       0x2c CMakeFiles/test.dir/home/jon/pico/pico-sdk/src/rp2_common/pico_double/double_v1_rom_shim.S.obj
                0x00000000100149e0                double_table_shim_on_use_helper
 .text.__aeabi_lmul
                0x0000000010014a0c       0x32 CMakeFiles/test.dir/home/jon/pico/pico-sdk/src/rp2_common/pico_int64_ops/pico_int64_ops_aeabi.S.obj
                0x0000000010014a0c                __wrap___aeabi_lmul
 *fill*         0x0000000010014a3e        0x2 
 .text.missing_float_func_shim
                0x0000000010014a40        0xc CMakeFiles/test.dir/home/jon/pico/pico-sdk/src/rp2_common/pico_float/float_init_rom.c.obj
 .text.__aeabi_float_init
                0x0000000010014a4c       0x5c CMakeFiles/test.dir/home/jon/pico/pico-sdk/src/rp2_common/pico_float/float_init_rom.c.obj
                0x0000000010014a4c                __aeabi_float_init
 .text          0x0000000010014aa8       0x10 CMakeFiles/test.dir/home/jon/pico/pico-sdk/src/rp2_common/pico_mem_ops/mem_ops_aeabi.S.obj
                0x0000000010014aa8                __aeabi_mem_init
 .text.memset   0x0000000010014ab8        0xc CMakeFiles/test.dir/home/jon/pico/pico-sdk/src/rp2_common/pico_mem_ops/mem_ops_aeabi.S.obj
                0x0000000010014ab8                __wrap_memset
 .text.memcpy   0x0000000010014ac4        0xc CMakeFiles/test.dir/home/jon/pico/pico-sdk/src/rp2_common/pico_mem_ops/mem_ops_aeabi.S.obj
                0x0000000010014ac4                __wrap___aeabi_memcpy
                0x0000000010014ac4                __wrap_memcpy
 .text.stdio_out_chars_no_crlf
                0x0000000010014ad0       0x10 CMakeFiles/test.dir/home/jon/pico/pico-sdk/src/rp2_common/pico_stdio/stdio.c.obj
 .text.stdio_out_chars_crlf
                0x0000000010014ae0       0xb4 CMakeFiles/test.dir/home/jon/pico/pico-sdk/src/rp2_common/pico_stdio/stdio.c.obj
 .text.stdio_buffered_printer
                0x0000000010014b94       0x64 CMakeFiles/test.dir/home/jon/pico/pico-sdk/src/rp2_common/pico_stdio/stdio.c.obj
 .text.stdio_put_string.isra.0
                0x0000000010014bf8       0xfc CMakeFiles/test.dir/home/jon/pico/pico-sdk/src/rp2_common/pico_stdio/stdio.c.obj
 .text.__wrap_putchar
                0x0000000010014cf4       0x98 CMakeFiles/test.dir/home/jon/pico/pico-sdk/src/rp2_common/pico_stdio/stdio.c.obj
                0x0000000010014cf4                __wrap_putchar
 .text.__wrap_puts
                0x0000000010014d8c       0x3c CMakeFiles/test.dir/home/jon/pico/pico-sdk/src/rp2_common/pico_stdio/stdio.c.obj
                0x0000000010014d8c                __wrap_puts
 .text.stdio_set_driver_enabled
                0x0000000010014dc8       0x30 CMakeFiles/test.dir/home/jon/pico/pico-sdk/src/rp2_common/pico_stdio/stdio.c.obj
                0x0000000010014dc8                stdio_set_driver_enabled
 .text.__wrap_vprintf
                0x0000000010014df8       0xd8 CMakeFiles/test.dir/home/jon/pico/pico-sdk/src/rp2_common/pico_stdio/stdio.c.obj
                0x0000000010014df8                __wrap_vprintf
 .text.__wrap_printf
                0x0000000010014ed0       0x18 CMakeFiles/test.dir/home/jon/pico/pico-sdk/src/rp2_common/pico_stdio/stdio.c.obj
                0x0000000010014ed0                __wrap_printf
 .text.stdio_init_all
                0x0000000010014ee8       0x10 CMakeFiles/test.dir/home/jon/pico/pico-sdk/src/rp2_common/pico_stdio/stdio.c.obj
                0x0000000010014ee8                stdio_init_all
 .text.stdio_uart_out_chars
                0x0000000010014ef8       0x4c CMakeFiles/test.dir/home/jon/pico/pico-sdk/src/rp2_common/pico_stdio_uart/stdio_uart.c.obj
 .text.stdio_uart_in_chars
                0x0000000010014f44       0x84 CMakeFiles/test.dir/home/jon/pico/pico-sdk/src/rp2_common/pico_stdio_uart/stdio_uart.c.obj
                0x0000000010014f44                stdio_uart_in_chars
 .text.on_uart_rx
                0x0000000010014fc8       0x28 CMakeFiles/test.dir/home/jon/pico/pico-sdk/src/rp2_common/pico_stdio_uart/stdio_uart.c.obj
 .text.stdio_uart_set_chars_available_callback
                0x0000000010014ff0       0x8c CMakeFiles/test.dir/home/jon/pico/pico-sdk/src/rp2_common/pico_stdio_uart/stdio_uart.c.obj
 .text.stdio_uart_init
                0x000000001001507c       0x48 CMakeFiles/test.dir/home/jon/pico/pico-sdk/src/rp2_common/pico_stdio_uart/stdio_uart.c.obj
                0x000000001001507c                stdio_uart_init
 .text.resetd_init
                0x00000000100150c4        0x4 CMakeFiles/test.dir/home/jon/pico/pico-sdk/src/rp2_common/pico_stdio_usb/reset_interface.c.obj
 .text.resetd_reset
                0x00000000100150c8        0xc CMakeFiles/test.dir/home/jon/pico/pico-sdk/src/rp2_common/pico_stdio_usb/reset_interface.c.obj
 .text.resetd_open
                0x00000000100150d4       0x28 CMakeFiles/test.dir/home/jon/pico/pico-sdk/src/rp2_common/pico_stdio_usb/reset_interface.c.obj
 .text.resetd_xfer_cb
                0x00000000100150fc        0x4 CMakeFiles/test.dir/home/jon/pico/pico-sdk/src/rp2_common/pico_stdio_usb/reset_interface.c.obj
 .text.resetd_control_xfer_cb
                0x0000000010015100       0x64 CMakeFiles/test.dir/home/jon/pico/pico-sdk/src/rp2_common/pico_stdio_usb/reset_interface.c.obj
 .text.usbd_app_driver_get_cb
                0x0000000010015164        0xc CMakeFiles/test.dir/home/jon/pico/pico-sdk/src/rp2_common/pico_stdio_usb/reset_interface.c.obj
                0x0000000010015164                usbd_app_driver_get_cb
 .text.tud_cdc_line_coding_cb
                0x0000000010015170       0x34 CMakeFiles/test.dir/home/jon/pico/pico-sdk/src/rp2_common/pico_stdio_usb/reset_interface.c.obj
                0x0000000010015170                tud_cdc_line_coding_cb
 .text.stdio_usb_set_chars_available_callback
                0x00000000100151a4       0x14 CMakeFiles/test.dir/home/jon/pico/pico-sdk/src/rp2_common/pico_stdio_usb/stdio_usb.c.obj
                0x00000000100151a4                stdio_usb_set_chars_available_callback
 .text.usb_irq  0x00000000100151b8       0x10 CMakeFiles/test.dir/home/jon/pico/pico-sdk/src/rp2_common/pico_stdio_usb/stdio_usb.c.obj
 .text.timer_task
                0x00000000100151c8       0x54 CMakeFiles/test.dir/home/jon/pico/pico-sdk/src/rp2_common/pico_stdio_usb/stdio_usb.c.obj
 .text.stdio_usb_in_chars
                0x000000001001521c       0x90 CMakeFiles/test.dir/home/jon/pico/pico-sdk/src/rp2_common/pico_stdio_usb/stdio_usb.c.obj