Archive member included to satisfy reference by file (symbol)

/usr/lib/gcc/arm-none-eabi/10.3.1/thumb/v6-m/nofp/libgcc.a(_dvmd_tls.o)
                              CMakeFiles/test.dir/home/jon/pico/pico-sdk/src/rp2_common/pico_divider/divider.S.obj (__aeabi_idiv0)
/usr/lib/gcc/arm-none-eabi/10.3.1/../../../arm-none-eabi/lib/thumb/v6-m/nofp/libc.a(lib_a-atexit.o)
                              /usr/lib/gcc/arm-none-eabi/10.3.1/../../../arm-none-eabi/lib/thumb/v6-m/nofp/crt0.o (atexit)
/usr/lib/gcc/arm-none-eabi/10.3.1/../../../arm-none-eabi/lib/thumb/v6-m/nofp/libc.a(lib_a-atoi.o)
                              CMakeFiles/test.dir/home/jon/pico/pico-sdk/lib/lwip/src/core/netif.c.obj (atoi)
/usr/lib/gcc/arm-none-eabi/10.3.1/../../../arm-none-eabi/lib/thumb/v6-m/nofp/libc.a(lib_a-calloc.o)
                              CMakeFiles/test.dir/home/jon/pico/pico-sdk/src/rp2_common/pico_malloc/pico_malloc.c.obj (calloc)
/usr/lib/gcc/arm-none-eabi/10.3.1/../../../arm-none-eabi/lib/thumb/v6-m/nofp/libc.a(lib_a-callocr.o)
                              /usr/lib/gcc/arm-none-eabi/10.3.1/../../../arm-none-eabi/lib/thumb/v6-m/nofp/libc.a(lib_a-calloc.o) (_calloc_r)
/usr/lib/gcc/arm-none-eabi/10.3.1/../../../arm-none-eabi/lib/thumb/v6-m/nofp/libc.a(lib_a-ctype_.o)
                              CMakeFiles/test.dir/home/jon/pico/pico-sdk/lib/lwip/src/core/dns.c.obj (_ctype_)
/usr/lib/gcc/arm-none-eabi/10.3.1/../../../arm-none-eabi/lib/thumb/v6-m/nofp/libc.a(lib_a-fini.o)
                              /usr/lib/gcc/arm-none-eabi/10.3.1/../../../arm-none-eabi/lib/thumb/v6-m/nofp/crt0.o (__libc_fini_array)
/usr/lib/gcc/arm-none-eabi/10.3.1/../../../arm-none-eabi/lib/thumb/v6-m/nofp/libc.a(lib_a-impure.o)
                              /usr/lib/gcc/arm-none-eabi/10.3.1/../../../arm-none-eabi/lib/thumb/v6-m/nofp/libc.a(lib_a-calloc.o) (_impure_ptr)
/usr/lib/gcc/arm-none-eabi/10.3.1/../../../arm-none-eabi/lib/thumb/v6-m/nofp/libc.a(lib_a-init.o)
                              /usr/lib/gcc/arm-none-eabi/10.3.1/../../../arm-none-eabi/lib/thumb/v6-m/nofp/crt0.o (__libc_init_array)
/usr/lib/gcc/arm-none-eabi/10.3.1/../../../arm-none-eabi/lib/thumb/v6-m/nofp/libc.a(lib_a-malloc.o)
                              CMakeFiles/test.dir/home/jon/pico/pico-sdk/src/rp2_common/pico_malloc/pico_malloc.c.obj (malloc)
/usr/lib/gcc/arm-none-eabi/10.3.1/../../../arm-none-eabi/lib/thumb/v6-m/nofp/libc.a(lib_a-mallocr.o)
                              /usr/lib/gcc/arm-none-eabi/10.3.1/../../../arm-none-eabi/lib/thumb/v6-m/nofp/libc.a(lib_a-callocr.o) (_malloc_r)
/usr/lib/gcc/arm-none-eabi/10.3.1/../../../arm-none-eabi/lib/thumb/v6-m/nofp/libc.a(lib_a-memcmp.o)
                              CMakeFiles/test.dir/home/jon/pico/pico-sdk/lib/lwip/src/netif/ethernet.c.obj (memcmp)
/usr/lib/gcc/arm-none-eabi/10.3.1/../../../arm-none-eabi/lib/thumb/v6-m/nofp/libc.a(lib_a-memmove.o)
                              CMakeFiles/test.dir/home/jon/pico/pico-sdk/lib/lwip/src/core/def.c.obj (memmove)
/usr/lib/gcc/arm-none-eabi/10.3.1/../../../arm-none-eabi/lib/thumb/v6-m/nofp/libc.a(lib_a-mlock.o)
                              /usr/lib/gcc/arm-none-eabi/10.3.1/../../../arm-none-eabi/lib/thumb/v6-m/nofp/libc.a(lib_a-mallocr.o) (__malloc_lock)
/usr/lib/gcc/arm-none-eabi/10.3.1/../../../arm-none-eabi/lib/thumb/v6-m/nofp/libc.a(lib_a-realloc.o)
                              CMakeFiles/test.dir/home/jon/pico/pico-sdk/src/rp2_common/pico_malloc/pico_malloc.c.obj (realloc)
/usr/lib/gcc/arm-none-eabi/10.3.1/../../../arm-none-eabi/lib/thumb/v6-m/nofp/libc.a(lib_a-reallocr.o)
                              /usr/lib/gcc/arm-none-eabi/10.3.1/../../../arm-none-eabi/lib/thumb/v6-m/nofp/libc.a(lib_a-realloc.o) (_realloc_r)
/usr/lib/gcc/arm-none-eabi/10.3.1/../../../arm-none-eabi/lib/thumb/v6-m/nofp/libc.a(lib_a-sbrkr.o)
                              /usr/lib/gcc/arm-none-eabi/10.3.1/../../../arm-none-eabi/lib/thumb/v6-m/nofp/libc.a(lib_a-mallocr.o) (_sbrk_r)
/usr/lib/gcc/arm-none-eabi/10.3.1/../../../arm-none-eabi/lib/thumb/v6-m/nofp/libc.a(lib_a-strlen-stub.o)
                              CMakeFiles/test.dir/home/jon/pico/pico-sdk/lib/lwip/src/core/def.c.obj (strlen)
/usr/lib/gcc/arm-none-eabi/10.3.1/../../../arm-none-eabi/lib/thumb/v6-m/nofp/libc.a(lib_a-strncmp.o)
                              CMakeFiles/test.dir/home/jon/pico/pico-sdk/lib/lwip/src/core/def.c.obj (strncmp)
/usr/lib/gcc/arm-none-eabi/10.3.1/../../../arm-none-eabi/lib/thumb/v6-m/nofp/libc.a(lib_a-strtol.o)
                              /usr/lib/gcc/arm-none-eabi/10.3.1/../../../arm-none-eabi/lib/thumb/v6-m/nofp/libc.a(lib_a-atoi.o) (_strtol_r)
/usr/lib/gcc/arm-none-eabi/10.3.1/../../../arm-none-eabi/lib/thumb/v6-m/nofp/libc.a(lib_a-__atexit.o)
                              /usr/lib/gcc/arm-none-eabi/10.3.1/../../../arm-none-eabi/lib/thumb/v6-m/nofp/libc.a(lib_a-atexit.o) (__register_exitproc)
/usr/lib/gcc/arm-none-eabi/10.3.1/../../../arm-none-eabi/lib/thumb/v6-m/nofp/libc.a(lib_a-errno.o)
[...]
Memory Configuration

Name             Origin             Length             Attributes
FLASH            0x0000000010000000 0x0000000000200000 xr
RAM              0x0000000020000000 0x0000000000040000 xrw
SCRATCH_X        0x0000000020040000 0x0000000000001000 xrw
SCRATCH_Y        0x0000000020041000 0x0000000000001000 xrw
*default*        0x0000000000000000 0xffffffffffffffff

Linker script and memory map

LOAD /usr/lib/gcc/arm-none-eabi/10.3.1/thumb/v6-m/nofp/crti.o
LOAD /usr/lib/gcc/arm-none-eabi/10.3.1/thumb/v6-m/nofp/crtbegin.o
LOAD /usr/lib/gcc/arm-none-eabi/10.3.1/../../../arm-none-eabi/lib/thumb/v6-m/nofp/crt0.o

.flash_begin    0x0000000010000000        0x0
                0x0000000010000000                __flash_binary_start = .

.boot2          0x0000000010000000      0x100
                0x0000000010000000                __boot2_start__ = .
 *(.boot2)
 .boot2         0x0000000010000000      0x100 /tmp/ccbCbk3p.o
                0x0000000010000100                __boot2_end__ = .
                0x0000000000000001                ASSERT (((__boot2_end__ - __boot2_start__) == 0x100), ERROR: Pico second stage bootloader must be 256 bytes in size)

.text           0x0000000010000100    0x18468
                0x0000000010000100                __logical_binary_start = .
 *(.vectors)
 .vectors       0x0000000010000100       0xd4 CMakeFiles/test.dir/home/jon/pico/pico-sdk/src/rp2_common/pico_standard_link/crt0.S.obj
                0x0000000010000100                __vectors
                0x0000000010000100                __VECTOR_TABLE
                0x00000000100001c0                isr_invalid
                0x00000000100001c0                __default_isrs_start
                0x00000000100001c2                isr_nmi
                0x00000000100001c4                isr_hardfault
                0x00000000100001c6                isr_svcall
                0x00000000100001c8                isr_pendsv
                0x00000000100001ca                isr_systick
                0x00000000100001cc                isr_irq30
                0x00000000100001cc                __unhandled_user_irq
                0x00000000100001cc                isr_irq13
                0x00000000100001cc                isr_irq27
                0x00000000100001cc                isr_irq31
                0x00000000100001cc                isr_irq5
                0x00000000100001cc                isr_irq11
                0x00000000100001cc                isr_irq23
                0x00000000100001cc                isr_irq18
                0x00000000100001cc                isr_irq28
                0x00000000100001cc                isr_irq19
                0x00000000100001cc                isr_irq0
                0x00000000100001cc                isr_irq6
                0x00000000100001cc                isr_irq22
                0x00000000100001cc                isr_irq17
                0x00000000100001cc                isr_irq14
                0x00000000100001cc                isr_irq2
                0x00000000100001cc                isr_irq10
                0x00000000100001cc                isr_irq8
                0x00000000100001cc                isr_irq24
                0x00000000100001cc                isr_irq1
                0x00000000100001cc                isr_irq7
                0x00000000100001cc                isr_irq21
                0x00000000100001cc                isr_irq20
                0x00000000100001cc                isr_irq15
                0x00000000100001cc                isr_irq25
                0x00000000100001cc                isr_irq4
                0x00000000100001cc                isr_irq16
                0x00000000100001cc                isr_irq29
                0x00000000100001cc                isr_irq26
                0x00000000100001cc                __default_isrs_end
                0x00000000100001cc                isr_irq3
                0x00000000100001cc                isr_irq12
                0x00000000100001cc                isr_irq9
                0x00000000100001d2                unhandled_user_irq_num_in_r0
 *(.binary_info_header)
 .binary_info_header
                0x00000000100001d4       0x14 CMakeFiles/test.dir/home/jon/pico/pico-sdk/src/rp2_common/pico_standard_link/crt0.S.obj
                0x00000000100001e8                __binary_info_header_end = .
 *(.reset)
 .reset         0x00000000100001e8       0xa0 CMakeFiles/test.dir/home/jon/pico/pico-sdk/src/rp2_common/pico_standard_link/crt0.S.obj
                0x00000000100001e8                _entry_point
 .reset         0x0000000010000288       0x30 CMakeFiles/test.dir/home/jon/pico/pico-sdk/src/rp2_common/pico_standard_link/binary_info.c.obj
 *(.init)
 .init          0x00000000100002b8        0x4 /usr/lib/gcc/arm-none-eabi/10.3.1/thumb/v6-m/nofp/crti.o
                0x00000000100002b8                _init
 *(EXCLUDE_FILE(*libm.a: *libc.a:*lib_a-mem*.o *libgcc.a:) .text*)
 .text          0x00000000100002bc       0x98 /usr/lib/gcc/arm-none-eabi/10.3.1/thumb/v6-m/nofp/crtbegin.o
 .text.startup.main
                0x0000000010000354      0x258 CMakeFiles/test.dir/test.cpp.obj
                0x0000000010000354                main
 .text._Z19server_err_callbackPva
                0x00000000100005ac        0x4 CMakeFiles/test.dir/TCPServer.cpp.obj
                0x00000000100005ac                server_err_callback(void*, signed char)
 .text._Z20server_poll_callbackPvP7tcp_pcb
                0x00000000100005b0        0x4 CMakeFiles/test.dir/TCPServer.cpp.obj
                0x00000000100005b0                server_poll_callback(void*, tcp_pcb*)
 .text._Z20server_sent_callbackPvP7tcp_pcbt
                0x00000000100005b4        0x4 CMakeFiles/test.dir/TCPServer.cpp.obj
                0x00000000100005b4                server_sent_callback(void*, tcp_pcb*, unsigned short)
 .text._Z15accept_callbackPvP7tcp_pcba
                0x00000000100005b8       0x7c CMakeFiles/test.dir/TCPServer.cpp.obj
                0x00000000100005b8                accept_callback(void*, tcp_pcb*, signed char)
 .text._ZN9TCPServer6listenEt
                0x0000000010000634       0x74 CMakeFiles/test.dir/TCPServer.cpp.obj
                0x0000000010000634                TCPServer::listen(unsigned short)
 .text._ZN9TCPServer6acceptEv
                0x00000000100006a8       0x24 CMakeFiles/test.dir/TCPServer.cpp.obj
                0x00000000100006a8                TCPServer::accept()
 .text._ZN9TCPServer5closeEv
                0x00000000100006cc       0x70 CMakeFiles/test.dir/TCPServer.cpp.obj
                0x00000000100006cc                TCPServer::close()
 .text._ZN9TCPServer7receiveEPht
                0x000000001000073c       0xec CMakeFiles/test.dir/TCPServer.cpp.obj
                0x000000001000073c                TCPServer::receive(unsigned char*, unsigned short)
 .text._Z20server_recv_callbackPvP7tcp_pcbP4pbufa
                0x0000000010000828       0xe8 CMakeFiles/test.dir/TCPServer.cpp.obj
                0x0000000010000828                server_recv_callback(void*, tcp_pcb*, pbuf*, signed char)
 .text._ZN8PWMAudioC2Eii
                0x0000000010000910       0xbc CMakeFiles/test.dir/PWMAudio.cpp.obj
                0x0000000010000910                PWMAudio::PWMAudio(int, int)
                0x0000000010000910                PWMAudio::PWMAudio(int, int)
 .text._ZN8PWMAudio13OutputSamplesEPtt
                0x00000000100009cc       0x70 CMakeFiles/test.dir/PWMAudio.cpp.obj
                0x00000000100009cc                PWMAudio::OutputSamples(unsigned short*, unsigned short)
 .text.lwip_timeout_reached
                0x0000000010000a3c        0x8 CMakeFiles/test.dir/home/jon/pico/pico-sdk/src/rp2_common/pico_lwip/lwip_nosys.c.obj
 .text.update_next_timeout
                0x0000000010000a44       0x6c CMakeFiles/test.dir/home/jon/pico/pico-sdk/src/rp2_common/pico_lwip/lwip_nosys.c.obj
 .text.lwip_nosys_init
                0x0000000010000ab0       0x30 CMakeFiles/test.dir/home/jon/pico/pico-sdk/src/rp2_common/pico_lwip/lwip_nosys.c.obj
                0x0000000010000ab0                lwip_nosys_init
 .text.lwip_nosys_deinit
                0x0000000010000ae0       0x20 CMakeFiles/test.dir/home/jon/pico/pico-sdk/src/rp2_common/pico_lwip/lwip_nosys.c.obj
                0x0000000010000ae0                lwip_nosys_deinit
 .text.sys_arch_protect
                0x0000000010000b00        0x4 CMakeFiles/test.dir/home/jon/pico/pico-sdk/src/rp2_common/pico_lwip/lwip_nosys.c.obj
                0x0000000010000b00                sys_arch_protect
 .text.sys_arch_unprotect
                0x0000000010000b04        0x4 CMakeFiles/test.dir/home/jon/pico/pico-sdk/src/rp2_common/pico_lwip/lwip_nosys.c.obj
                0x0000000010000b04                sys_arch_unprotect
 .text.sys_now  0x0000000010000b08       0x20 CMakeFiles/test.dir/home/jon/pico/pico-sdk/src/rp2_common/pico_lwip/lwip_nosys.c.obj
                0x0000000010000b08                sys_now
 .text.async_context_base_add_at_time_worker
                0x0000000010000b28       0x28 CMakeFiles/test.dir/home/jon/pico/pico-sdk/src/rp2_common/pico_async_context/async_context_base.c.obj
                0x0000000010000b28                async_context_base_add_at_time_worker
 .text.async_context_base_remove_at_time_worker
                0x0000000010000b50       0x28 CMakeFiles/test.dir/home/jon/pico/pico-sdk/src/rp2_common/pico_async_context/async_context_base.c.obj
                0x0000000010000b50                async_context_base_remove_at_time_worker
 .text.async_context_base_add_when_pending_worker
                0x0000000010000b78       0x24 CMakeFiles/test.dir/home/jon/pico/pico-sdk/src/rp2_common/pico_async_context/async_context_base.c.obj
                0x0000000010000b78                async_context_base_add_when_pending_worker
 .text.async_context_base_remove_when_pending_worker
                0x0000000010000b9c       0x28 CMakeFiles/test.dir/home/jon/pico/pico-sdk/src/rp2_common/pico_async_context/async_context_base.c.obj
                0x0000000010000b9c                async_context_base_remove_when_pending_worker
 .text.async_context_base_execute_once
                0x0000000010000bc4       0xe8 CMakeFiles/test.dir/home/jon/pico/pico-sdk/src/rp2_common/pico_async_context/async_context_base.c.obj
                0x0000000010000bc4                async_context_base_execute_once
 .text.running_on_fpga
                0x0000000010000cac       0x10 CMakeFiles/test.dir/home/jon/pico/pico-sdk/src/rp2_common/pico_platform/platform.c.obj
                0x0000000010000cac                running_on_fpga
 .text.splitmix64
                0x0000000010000cbc       0x5c CMakeFiles/test.dir/home/jon/pico/pico-sdk/src/rp2_common/pico_rand/rand.c.obj
 .text.xoroshiro128ss
                0x0000000010000d18       0x90 CMakeFiles/test.dir/home/jon/pico/pico-sdk/src/rp2_common/pico_rand/rand.c.obj
 .text.get_rand_64
                0x0000000010000da8      0x484 CMakeFiles/test.dir/home/jon/pico/pico-sdk/src/rp2_common/pico_rand/rand.c.obj
                0x0000000010000da8                get_rand_64
 .text.get_rand_32
                0x000000001000122c        0x8 CMakeFiles/test.dir/home/jon/pico/pico-sdk/src/rp2_common/pico_rand/rand.c.obj
                0x000000001000122c                get_rand_32
 .text.startup._retrieve_unique_id_on_boot
                0x0000000010001234       0x10 CMakeFiles/test.dir/home/jon/pico/pico-sdk/src/rp2_common/pico_unique_id/unique_id.c.obj
 .text.pico_get_unique_board_id
                0x0000000010001244       0x10 CMakeFiles/test.dir/home/jon/pico/pico-sdk/src/rp2_common/pico_unique_id/unique_id.c.obj
                0x0000000010001244                pico_get_unique_board_id
 .text.pico_get_unique_board_id_string
                0x0000000010001254      0x1a8 CMakeFiles/test.dir/home/jon/pico/pico-sdk/src/rp2_common/pico_unique_id/unique_id.c.obj
                0x0000000010001254                pico_get_unique_board_id_string
 .text.flash_get_unique_id
                0x00000000100013fc       0x40 CMakeFiles/test.dir/home/jon/pico/pico-sdk/src/rp2_common/hardware_flash/flash.c.obj
                0x00000000100013fc                flash_get_unique_id
 .text.hw_claim_lock
                0x000000001000143c       0x18 CMakeFiles/test.dir/home/jon/pico/pico-sdk/src/rp2_common/hardware_claim/claim.c.obj
                0x000000001000143c                hw_claim_lock
 .text.hw_claim_unlock
                0x0000000010001454       0x14 CMakeFiles/test.dir/home/jon/pico/pico-sdk/src/rp2_common/hardware_claim/claim.c.obj
                0x0000000010001454                hw_claim_unlock
 .text.hw_claim_or_assert
                0x0000000010001468       0x44 CMakeFiles/test.dir/home/jon/pico/pico-sdk/src/rp2_common/hardware_claim/claim.c.obj
                0x0000000010001468                hw_claim_or_assert
 .text.hw_claim_unused_from_range
                0x00000000100014ac       0x9c CMakeFiles/test.dir/home/jon/pico/pico-sdk/src/rp2_common/hardware_claim/claim.c.obj
                0x00000000100014ac                hw_claim_unused_from_range
 .text.hw_claim_clear
                0x0000000010001548       0x38 CMakeFiles/test.dir/home/jon/pico/pico-sdk/src/rp2_common/hardware_claim/claim.c.obj
                0x0000000010001548                hw_claim_clear
 .text.spin_locks_reset
                0x0000000010001580       0x1c CMakeFiles/test.dir/home/jon/pico/pico-sdk/src/rp2_common/hardware_sync/sync.c.obj
                0x0000000010001580                spin_locks_reset
 .text.next_striped_spin_lock_num
                0x000000001000159c       0x18 CMakeFiles/test.dir/home/jon/pico/pico-sdk/src/rp2_common/hardware_sync/sync.c.obj
                0x000000001000159c                next_striped_spin_lock_num
 .text.spin_lock_claim_unused
                0x00000000100015b4       0x20 CMakeFiles/test.dir/home/jon/pico/pico-sdk/src/rp2_common/hardware_sync/sync.c.obj
                0x00000000100015b4                spin_lock_claim_unused
 .text.rom_func_lookup
                0x00000000100015d4       0x10 CMakeFiles/test.dir/home/jon/pico/pico-sdk/src/rp2_common/pico_bootrom/bootrom.c.obj
                0x00000000100015d4                rom_func_lookup
 .text.rom_data_lookup
                0x00000000100015e4       0x10 CMakeFiles/test.dir/home/jon/pico/pico-sdk/src/rp2_common/pico_bootrom/bootrom.c.obj
                0x00000000100015e4                rom_data_lookup
 .text.rom_funcs_lookup
                0x00000000100015f4       0x44 CMakeFiles/test.dir/home/jon/pico/pico-sdk/src/rp2_common/pico_bootrom/bootrom.c.obj
                0x00000000100015f4                rom_funcs_lookup
 .text.clocks_init
                0x0000000010001638      0x2d0 CMakeFiles/test.dir/home/jon/pico/pico-sdk/src/rp2_common/hardware_clocks/clocks.c.obj
                0x0000000010001638                clocks_init
 .text.clock_get_hz
                0x0000000010001908        0xc CMakeFiles/test.dir/home/jon/pico/pico-sdk/src/rp2_common/hardware_clocks/clocks.c.obj
                0x0000000010001908                clock_get_hz
 .text.gpio_set_function
                0x0000000010001914       0x30 CMakeFiles/test.dir/home/jon/pico/pico-sdk/src/rp2_common/hardware_gpio/gpio.c.obj
                0x0000000010001914                gpio_set_function
 .text.gpio_set_pulls
                0x0000000010001944       0x30 CMakeFiles/test.dir/home/jon/pico/pico-sdk/src/rp2_common/hardware_gpio/gpio.c.obj
                0x0000000010001944                gpio_set_pulls
 .text.gpio_set_input_hysteresis_enabled
                0x0000000010001974       0x28 CMakeFiles/test.dir/home/jon/pico/pico-sdk/src/rp2_common/hardware_gpio/gpio.c.obj
                0x0000000010001974                gpio_set_input_hysteresis_enabled
 .text.gpio_set_drive_strength
                0x000000001000199c       0x20 CMakeFiles/test.dir/home/jon/pico/pico-sdk/src/rp2_common/hardware_gpio/gpio.c.obj
                0x000000001000199c                gpio_set_drive_strength
 .text.gpio_set_irq_enabled
                0x00000000100019bc       0x54 CMakeFiles/test.dir/home/jon/pico/pico-sdk/src/rp2_common/hardware_gpio/gpio.c.obj
                0x00000000100019bc                gpio_set_irq_enabled
 .text.gpio_add_raw_irq_handler_with_order_priority_masked
                0x0000000010001a10       0x44 CMakeFiles/test.dir/home/jon/pico/pico-sdk/src/rp2_common/hardware_gpio/gpio.c.obj
                0x0000000010001a10                gpio_add_raw_irq_handler_with_order_priority_masked
 .text.gpio_remove_raw_irq_handler_masked
                0x0000000010001a54       0x20 CMakeFiles/test.dir/home/jon/pico/pico-sdk/src/rp2_common/hardware_gpio/gpio.c.obj
                0x0000000010001a54                gpio_remove_raw_irq_handler_masked
 .text.gpio_init
                0x0000000010001a74       0x3c CMakeFiles/test.dir/home/jon/pico/pico-sdk/src/rp2_common/hardware_gpio/gpio.c.obj
                0x0000000010001a74                gpio_init
 .text.irq_set_enabled
                0x0000000010001ab0       0x24 CMakeFiles/test.dir/home/jon/pico/pico-sdk/src/rp2_common/hardware_irq/irq.c.obj
                0x0000000010001ab0                irq_set_enabled
 .text.irq_set_pending
                0x0000000010001ad4       0x10 CMakeFiles/test.dir/home/jon/pico/pico-sdk/src/rp2_common/hardware_irq/irq.c.obj
                0x0000000010001ad4                irq_set_pending
 .text.irq_has_shared_handler
                0x0000000010001ae4       0x2c CMakeFiles/test.dir/home/jon/pico/pico-sdk/src/rp2_common/hardware_irq/irq.c.obj
                0x0000000010001ae4                irq_has_shared_handler
 .text.irq_get_vtable_handler
                0x0000000010001b10       0x10 CMakeFiles/test.dir/home/jon/pico/pico-sdk/src/rp2_common/hardware_irq/irq.c.obj
                0x0000000010001b10                irq_get_vtable_handler
 .text.irq_set_exclusive_handler
                0x0000000010001b20       0x54 CMakeFiles/test.dir/home/jon/pico/pico-sdk/src/rp2_common/hardware_irq/irq.c.obj
                0x0000000010001b20                irq_set_exclusive_handler
 .text.irq_add_shared_handler
                0x0000000010001b74      0x1e8 CMakeFiles/test.dir/home/jon/pico/pico-sdk/src/rp2_common/hardware_irq/irq.c.obj
                0x0000000010001b74                irq_add_shared_handler
 .text.irq_remove_handler
                0x0000000010001d5c      0x1b0 CMakeFiles/test.dir/home/jon/pico/pico-sdk/src/rp2_common/hardware_irq/irq.c.obj
                0x0000000010001d5c                irq_remove_handler
 .text.irq_add_tail_to_free_list
                0x0000000010001f0c       0xb4 CMakeFiles/test.dir/home/jon/pico/pico-sdk/src/rp2_common/hardware_irq/irq.c.obj
                0x0000000010001f0c                irq_add_tail_to_free_list
 .text.irq_init_priorities
                0x0000000010001fc0       0x24 CMakeFiles/test.dir/home/jon/pico/pico-sdk/src/rp2_common/hardware_irq/irq.c.obj
                0x0000000010001fc0                irq_init_priorities
 .text.user_irq_claim_unused
                0x0000000010001fe4       0x28 CMakeFiles/test.dir/home/jon/pico/pico-sdk/src/rp2_common/hardware_irq/irq.c.obj
                0x0000000010001fe4                user_irq_claim_unused
 .text.sem_init
                0x000000001000200c       0x20 CMakeFiles/test.dir/home/jon/pico/pico-sdk/src/common/pico_sync/sem.c.obj
                0x000000001000200c                sem_init
 .text.lock_init
                0x000000001000202c       0x10 CMakeFiles/test.dir/home/jon/pico/pico-sdk/src/common/pico_sync/lock_core.c.obj
                0x000000001000202c                lock_init
 .text.mutex_init
                0x000000001000203c       0x1c CMakeFiles/test.dir/home/jon/pico/pico-sdk/src/common/pico_sync/mutex.c.obj
                0x000000001000203c                mutex_init
 .text.recursive_mutex_init
                0x0000000010002058       0x1c CMakeFiles/test.dir/home/jon/pico/pico-sdk/src/common/pico_sync/mutex.c.obj
                0x0000000010002058                recursive_mutex_init
 .text.critical_section_init
                0x0000000010002074       0x20 CMakeFiles/test.dir/home/jon/pico/pico-sdk/src/common/pico_sync/critical_section.c.obj
                0x0000000010002074                critical_section_init
 .text.critical_section_init_with_lock_num
                0x0000000010002094       0x14 CMakeFiles/test.dir/home/jon/pico/pico-sdk/src/common/pico_sync/critical_section.c.obj
                0x0000000010002094                critical_section_init_with_lock_num
 .text.timer_pool_entry_comparator
                0x00000000100020a8       0x34 CMakeFiles/test.dir/home/jon/pico/pico-sdk/src/common/pico_time/time.c.obj
                0x00000000100020a8                timer_pool_entry_comparator
 .text.sleep_until_callback
                0x00000000100020dc       0x30 CMakeFiles/test.dir/home/jon/pico/pico-sdk/src/common/pico_time/time.c.obj
 .text.add_alarm_under_lock.isra.0
                0x000000001000210c      0x100 CMakeFiles/test.dir/home/jon/pico/pico-sdk/src/common/pico_time/time.c.obj
 .text.alarm_pool_alarm_callback
                0x000000001000220c      0x1bc CMakeFiles/test.dir/home/jon/pico/pico-sdk/src/common/pico_time/time.c.obj
 .text.alarm_pool_init_default
                0x00000000100023c8       0x6c CMakeFiles/test.dir/home/jon/pico/pico-sdk/src/common/pico_time/time.c.obj
                0x00000000100023c8                alarm_pool_init_default
 .text.alarm_pool_get_default
                0x0000000010002434        0x8 CMakeFiles/test.dir/home/jon/pico/pico-sdk/src/common/pico_time/time.c.obj
                0x0000000010002434                alarm_pool_get_default
 .text.alarm_pool_add_alarm_at
                0x000000001000243c      0x178 CMakeFiles/test.dir/home/jon/pico/pico-sdk/src/common/pico_time/time.c.obj
                0x000000001000243c                alarm_pool_add_alarm_at
 .text.alarm_pool_core_num
                0x00000000100025b4        0x4 CMakeFiles/test.dir/home/jon/pico/pico-sdk/src/common/pico_time/time.c.obj
                0x00000000100025b4                alarm_pool_core_num
 .text.sleep_until
                0x00000000100025b8       0xc4 CMakeFiles/test.dir/home/jon/pico/pico-sdk/src/common/pico_time/time.c.obj
                0x00000000100025b8                sleep_until
 .text.sleep_ms
                0x000000001000267c       0x34 CMakeFiles/test.dir/home/jon/pico/pico-sdk/src/common/pico_time/time.c.obj
                0x000000001000267c                sleep_ms
 .text.best_effort_wfe_or_timeout
                0x00000000100026b0       0xd4 CMakeFiles/test.dir/home/jon/pico/pico-sdk/src/common/pico_time/time.c.obj
                0x00000000100026b0                best_effort_wfe_or_timeout
 .text.hardware_alarm_irq_handler
                0x0000000010002784       0xbc CMakeFiles/test.dir/home/jon/pico/pico-sdk/src/rp2_common/hardware_timer/timer.c.obj
 .text.hardware_alarm_claim
                0x0000000010002840       0x18 CMakeFiles/test.dir/home/jon/pico/pico-sdk/src/rp2_common/hardware_timer/timer.c.obj
                0x0000000010002840                hardware_alarm_claim
 .text.time_us_64
                0x0000000010002858       0x14 CMakeFiles/test.dir/home/jon/pico/pico-sdk/src/rp2_common/hardware_timer/timer.c.obj
                0x0000000010002858                time_us_64
 .text.busy_wait_us
                0x000000001000286c       0x54 CMakeFiles/test.dir/home/jon/pico/pico-sdk/src/rp2_common/hardware_timer/timer.c.obj
                0x000000001000286c                busy_wait_us
 .text.busy_wait_until
                0x00000000100028c0       0x20 CMakeFiles/test.dir/home/jon/pico/pico-sdk/src/rp2_common/hardware_timer/timer.c.obj
                0x00000000100028c0                busy_wait_until
 .text.hardware_alarm_set_callback
                0x00000000100028e0       0x8c CMakeFiles/test.dir/home/jon/pico/pico-sdk/src/rp2_common/hardware_timer/timer.c.obj
                0x00000000100028e0                hardware_alarm_set_callback
 .text.hardware_alarm_set_target
                0x000000001000296c       0xd4 CMakeFiles/test.dir/home/jon/pico/pico-sdk/src/rp2_common/hardware_timer/timer.c.obj
                0x000000001000296c                hardware_alarm_set_target
 .text.hardware_alarm_cancel
                0x0000000010002a40       0x3c CMakeFiles/test.dir/home/jon/pico/pico-sdk/src/rp2_common/hardware_timer/timer.c.obj
                0x0000000010002a40                hardware_alarm_cancel
 .text.ph_merge_nodes
                0x0000000010002a7c       0x68 CMakeFiles/test.dir/home/jon/pico/pico-sdk/src/common/pico_util/pheap.c.obj
 .text.ph_post_alloc_init
                0x0000000010002ae4       0x3c CMakeFiles/test.dir/home/jon/pico/pico-sdk/src/common/pico_util/pheap.c.obj
                0x0000000010002ae4                ph_post_alloc_init
 .text.ph_merge_two_pass
                0x0000000010002b20       0x90 CMakeFiles/test.dir/home/jon/pico/pico-sdk/src/common/pico_util/pheap.c.obj
                0x0000000010002b20                ph_merge_two_pass
 .text.ph_remove_any_head
                0x0000000010002bb0      0x100 CMakeFiles/test.dir/home/jon/pico/pico-sdk/src/common/pico_util/pheap.c.obj
 .text.ph_remove_head
                0x0000000010002cb0      0x104 CMakeFiles/test.dir/home/jon/pico/pico-sdk/src/common/pico_util/pheap.c.obj
                0x0000000010002cb0                ph_remove_head
 .text.ph_remove_and_free_node
                0x0000000010002db4       0x7c CMakeFiles/test.dir/home/jon/pico/pico-sdk/src/common/pico_util/pheap.c.obj
                0x0000000010002db4                ph_remove_and_free_node
 .text.pll_init
                0x0000000010002e30       0xa0 CMakeFiles/test.dir/home/jon/pico/pico-sdk/src/rp2_common/hardware_pll/pll.c.obj
                0x0000000010002e30                pll_init
 .text.watchdog_start_tick
                0x0000000010002ed0       0x10 CMakeFiles/test.dir/home/jon/pico/pico-sdk/src/rp2_common/hardware_watchdog/watchdog.c.obj
                0x0000000010002ed0                watchdog_start_tick
 .text.watchdog_reboot
                0x0000000010002ee0       0x98 CMakeFiles/test.dir/home/jon/pico/pico-sdk/src/rp2_common/hardware_watchdog/watchdog.c.obj
                0x0000000010002ee0                watchdog_reboot
 .text.xosc_init
                0x0000000010002f78       0x28 CMakeFiles/test.dir/home/jon/pico/pico-sdk/src/rp2_common/hardware_xosc/xosc.c.obj
                0x0000000010002f78                xosc_init
 .text.lwip_init
                0x0000000010002fa0       0x24 CMakeFiles/test.dir/home/jon/pico/pico-sdk/lib/lwip/src/core/init.c.obj
                0x0000000010002fa0                lwip_init
 .text.lwip_htons
                0x0000000010002fc4        0x8 CMakeFiles/test.dir/home/jon/pico/pico-sdk/lib/lwip/src/core/def.c.obj
                0x0000000010002fc4                lwip_htons
 .text.lwip_htonl
                0x0000000010002fcc        0x4 CMakeFiles/test.dir/home/jon/pico/pico-sdk/lib/lwip/src/core/def.c.obj
                0x0000000010002fcc                lwip_htonl
 .text.dns_call_found
                0x0000000010002fd0      0x134 CMakeFiles/test.dir/home/jon/pico/pico-sdk/lib/lwip/src/core/dns.c.obj
 .text.dns_send.isra.0
                0x0000000010003104      0x168 CMakeFiles/test.dir/home/jon/pico/pico-sdk/lib/lwip/src/core/dns.c.obj
 .text.dns_init
                0x000000001000326c        0x4 CMakeFiles/test.dir/home/jon/pico/pico-sdk/lib/lwip/src/core/dns.c.obj
                0x000000001000326c                dns_init
 .text.dns_setserver
                0x0000000010003270       0x2c CMakeFiles/test.dir/home/jon/pico/pico-sdk/lib/lwip/src/core/dns.c.obj
                0x0000000010003270                dns_setserver
 .text.dns_tmr  0x000000001000329c      0x138 CMakeFiles/test.dir/home/jon/pico/pico-sdk/lib/lwip/src/core/dns.c.obj
                0x000000001000329c                dns_tmr
 .text.lwip_standard_chksum
                0x00000000100033d4       0xd8 CMakeFiles/test.dir/home/jon/pico/pico-sdk/lib/lwip/src/core/inet_chksum.c.obj
                0x00000000100033d4                lwip_standard_chksum
 .text.inet_chksum_pseudo
                0x00000000100034ac       0xb4 CMakeFiles/test.dir/home/jon/pico/pico-sdk/lib/lwip/src/core/inet_chksum.c.obj
                0x00000000100034ac                inet_chksum_pseudo
 .text.ip_chksum_pseudo
                0x0000000010003560       0x10 CMakeFiles/test.dir/home/jon/pico/pico-sdk/lib/lwip/src/core/inet_chksum.c.obj
                0x0000000010003560                ip_chksum_pseudo
 .text.inet_chksum
                0x0000000010003570        0xc CMakeFiles/test.dir/home/jon/pico/pico-sdk/lib/lwip/src/core/inet_chksum.c.obj
                0x0000000010003570                inet_chksum
 .text.inet_chksum_pbuf
                0x000000001000357c       0x6c CMakeFiles/test.dir/home/jon/pico/pico-sdk/lib/lwip/src/core/inet_chksum.c.obj
                0x000000001000357c                inet_chksum_pbuf
 .text.mem_init
                0x00000000100035e8        0x4 CMakeFiles/test.dir/home/jon/pico/pico-sdk/lib/lwip/src/core/mem.c.obj
                0x00000000100035e8                mem_init
 .text.mem_trim
                0x00000000100035ec        0x4 CMakeFiles/test.dir/home/jon/pico/pico-sdk/lib/lwip/src/core/mem.c.obj
                0x00000000100035ec                mem_trim
 .text.mem_malloc
                0x00000000100035f0       0x2c CMakeFiles/test.dir/home/jon/pico/pico-sdk/lib/lwip/src/core/mem.c.obj
                0x00000000100035f0                mem_malloc
 .text.mem_free
                0x000000001000361c       0x2c CMakeFiles/test.dir/home/jon/pico/pico-sdk/lib/lwip/src/core/mem.c.obj
                0x000000001000361c                mem_free
 .text.memp_init
                0x0000000010003648       0x6c CMakeFiles/test.dir/home/jon/pico/pico-sdk/lib/lwip/src/core/memp.c.obj
                0x0000000010003648                memp_init
 .text.memp_malloc
                0x00000000100036b4       0x3c CMakeFiles/test.dir/home/jon/pico/pico-sdk/lib/lwip/src/core/memp.c.obj
                0x00000000100036b4                memp_malloc
 .text.memp_free
                0x00000000100036f0       0x38 CMakeFiles/test.dir/home/jon/pico/pico-sdk/lib/lwip/src/core/memp.c.obj
                0x00000000100036f0                memp_free
 .text.netif_null_output_ip4
                0x0000000010003728        0x8 CMakeFiles/test.dir/home/jon/pico/pico-sdk/lib/lwip/src/core/netif.c.obj
 .text.netif_do_set_ipaddr.isra.0
                0x0000000010003730       0x70 CMakeFiles/test.dir/home/jon/pico/pico-sdk/lib/lwip/src/core/netif.c.obj
 .text.netif_init
                0x00000000100037a0        0x4 CMakeFiles/test.dir/home/jon/pico/pico-sdk/lib/lwip/src/core/netif.c.obj
                0x00000000100037a0                netif_init
 .text.netif_add
                0x00000000100037a4      0x144 CMakeFiles/test.dir/home/jon/pico/pico-sdk/lib/lwip/src/core/netif.c.obj
                0x00000000100037a4                netif_add
 .text.netif_set_addr
                0x00000000100038e8       0xb8 CMakeFiles/test.dir/home/jon/pico/pico-sdk/lib/lwip/src/core/netif.c.obj
                0x00000000100038e8                netif_set_addr
 .text.netif_remove
                0x00000000100039a0       0x94 CMakeFiles/test.dir/home/jon/pico/pico-sdk/lib/lwip/src/core/netif.c.obj
                0x00000000100039a0                netif_remove
 .text.netif_set_default
                0x0000000010003a34        0xc CMakeFiles/test.dir/home/jon/pico/pico-sdk/lib/lwip/src/core/netif.c.obj
                0x0000000010003a34                netif_set_default
 .text.netif_set_up
                0x0000000010003a40       0x40 CMakeFiles/test.dir/home/jon/pico/pico-sdk/lib/lwip/src/core/netif.c.obj
                0x0000000010003a40                netif_set_up
 .text.netif_set_link_up
                0x0000000010003a80       0x44 CMakeFiles/test.dir/home/jon/pico/pico-sdk/lib/lwip/src/core/netif.c.obj
                0x0000000010003a80                netif_set_link_up
 .text.netif_set_link_down
                0x0000000010003ac4       0x20 CMakeFiles/test.dir/home/jon/pico/pico-sdk/lib/lwip/src/core/netif.c.obj
                0x0000000010003ac4                netif_set_link_down
 .text.netif_get_by_index
                0x0000000010003ae4       0x2c CMakeFiles/test.dir/home/jon/pico/pico-sdk/lib/lwip/src/core/netif.c.obj
                0x0000000010003ae4                netif_get_by_index
 .text.pbuf_free.part.0
                0x0000000010003b10       0x7c CMakeFiles/test.dir/home/jon/pico/pico-sdk/lib/lwip/src/core/pbuf.c.obj
 .text.pbuf_free_ooseq
                0x0000000010003b8c       0x34 CMakeFiles/test.dir/home/jon/pico/pico-sdk/lib/lwip/src/core/pbuf.c.obj
                0x0000000010003b8c                pbuf_free_ooseq
 .text.pbuf_alloc
                0x0000000010003bc0      0x12c CMakeFiles/test.dir/home/jon/pico/pico-sdk/lib/lwip/src/core/pbuf.c.obj
                0x0000000010003bc0                pbuf_alloc
 .text.pbuf_realloc
                0x0000000010003cec       0x84 CMakeFiles/test.dir/home/jon/pico/pico-sdk/lib/lwip/src/core/pbuf.c.obj
                0x0000000010003cec                pbuf_realloc
 .text.pbuf_add_header
                0x0000000010003d70       0x54 CMakeFiles/test.dir/home/jon/pico/pico-sdk/lib/lwip/src/core/pbuf.c.obj
                0x0000000010003d70                pbuf_add_header
 .text.pbuf_remove_header
                0x0000000010003dc4       0x44 CMakeFiles/test.dir/home/jon/pico/pico-sdk/lib/lwip/src/core/pbuf.c.obj
                0x0000000010003dc4                pbuf_remove_header
 .text.pbuf_header_force
                0x0000000010003e08       0x74 CMakeFiles/test.dir/home/jon/pico/pico-sdk/lib/lwip/src/core/pbuf.c.obj
                0x0000000010003e08                pbuf_header_force
 .text.pbuf_free
                0x0000000010003e7c       0x18 CMakeFiles/test.dir/home/jon/pico/pico-sdk/lib/lwip/src/core/pbuf.c.obj
                0x0000000010003e7c                pbuf_free
 .text.pbuf_clen
                0x0000000010003e94       0x14 CMakeFiles/test.dir/home/jon/pico/pico-sdk/lib/lwip/src/core/pbuf.c.obj
                0x0000000010003e94                pbuf_clen
 .text.pbuf_ref
                0x0000000010003ea8       0x28 CMakeFiles/test.dir/home/jon/pico/pico-sdk/lib/lwip/src/core/pbuf.c.obj
                0x0000000010003ea8                pbuf_ref
 .text.pbuf_cat
                0x0000000010003ed0       0x3c CMakeFiles/test.dir/home/jon/pico/pico-sdk/lib/lwip/src/core/pbuf.c.obj
                0x0000000010003ed0                pbuf_cat
 .text.pbuf_chain
                0x0000000010003f0c       0x64 CMakeFiles/test.dir/home/jon/pico/pico-sdk/lib/lwip/src/core/pbuf.c.obj
                0x0000000010003f0c                pbuf_chain
 .text.pbuf_copy_partial_pbuf
                0x0000000010003f70      0x13c CMakeFiles/test.dir/home/jon/pico/pico-sdk/lib/lwip/src/core/pbuf.c.obj
                0x0000000010003f70                pbuf_copy_partial_pbuf
 .text.pbuf_copy
                0x00000000100040ac       0x18 CMakeFiles/test.dir/home/jon/pico/pico-sdk/lib/lwip/src/core/pbuf.c.obj
                0x00000000100040ac                pbuf_copy
 .text.pbuf_copy_partial
                0x00000000100040c4       0x70 CMakeFiles/test.dir/home/jon/pico/pico-sdk/lib/lwip/src/core/pbuf.c.obj
                0x00000000100040c4                pbuf_copy_partial
 .text.pbuf_take
                0x0000000010004134       0x78 CMakeFiles/test.dir/home/jon/pico/pico-sdk/lib/lwip/src/core/pbuf.c.obj
                0x0000000010004134                pbuf_take
 .text.pbuf_take_at
                0x00000000100041ac       0xc0 CMakeFiles/test.dir/home/jon/pico/pico-sdk/lib/lwip/src/core/pbuf.c.obj
                0x00000000100041ac                pbuf_take_at
 .text.pbuf_clone
                0x000000001000426c       0x30 CMakeFiles/test.dir/home/jon/pico/pico-sdk/lib/lwip/src/core/pbuf.c.obj
                0x000000001000426c                pbuf_clone
 .text.pbuf_put_at
                0x000000001000429c       0x1c CMakeFiles/test.dir/home/jon/pico/pico-sdk/lib/lwip/src/core/pbuf.c.obj
                0x000000001000429c                pbuf_put_at
 .text.raw_input
                0x00000000100042b8       0xf0 CMakeFiles/test.dir/home/jon/pico/pico-sdk/lib/lwip/src/core/raw.c.obj
                0x00000000100042b8                raw_input
 .text.raw_netif_ip_addr_changed
                0x00000000100043a8       0x40 CMakeFiles/test.dir/home/jon/pico/pico-sdk/lib/lwip/src/core/raw.c.obj
                0x00000000100043a8                raw_netif_ip_addr_changed
 .text.stats_init
                0x00000000100043e8        0x4 CMakeFiles/test.dir/home/jon/pico/pico-sdk/lib/lwip/src/core/stats.c.obj
                0x00000000100043e8                stats_init
 .text.tcp_close_shutdown_fin
                0x00000000100043ec       0x58 CMakeFiles/test.dir/home/jon/pico/pico-sdk/lib/lwip/src/core/tcp.c.obj
 .text.tcp_pcb_purge.part.0
                0x0000000010004444       0xc4 CMakeFiles/test.dir/home/jon/pico/pico-sdk/lib/lwip/src/core/tcp.c.obj
 .text.tcp_init
                0x0000000010004508       0x20 CMakeFiles/test.dir/home/jon/pico/pico-sdk/lib/lwip/src/core/tcp.c.obj
                0x0000000010004508                tcp_init
 .text.tcp_free
                0x0000000010004528       0x1c CMakeFiles/test.dir/home/jon/pico/pico-sdk/lib/lwip/src/core/tcp.c.obj
                0x0000000010004528                tcp_free
 .text.tcp_bind
                0x0000000010004544       0xf8 CMakeFiles/test.dir/home/jon/pico/pico-sdk/lib/lwip/src/core/tcp.c.obj
                0x0000000010004544                tcp_bind
 .text.tcp_listen_with_backlog
                0x000000001000463c       0x98 CMakeFiles/test.dir/home/jon/pico/pico-sdk/lib/lwip/src/core/tcp.c.obj
                0x000000001000463c                tcp_listen_with_backlog
 .text.tcp_update_rcv_ann_wnd
                0x00000000100046d4       0x60 CMakeFiles/test.dir/home/jon/pico/pico-sdk/lib/lwip/src/core/tcp.c.obj
                0x00000000100046d4                tcp_update_rcv_ann_wnd
 .text.tcp_recved
                0x0000000010004734       0x98 CMakeFiles/test.dir/home/jon/pico/pico-sdk/lib/lwip/src/core/tcp.c.obj
                0x0000000010004734                tcp_recved
 .text.tcp_slowtmr
                0x00000000100047cc      0x4dc CMakeFiles/test.dir/home/jon/pico/pico-sdk/lib/lwip/src/core/tcp.c.obj
                0x00000000100047cc                tcp_slowtmr
 .text.tcp_segs_free
                0x0000000010004ca8       0x38 CMakeFiles/test.dir/home/jon/pico/pico-sdk/lib/lwip/src/core/tcp.c.obj
                0x0000000010004ca8                tcp_segs_free
 .text.tcp_seg_free
                0x0000000010004ce0       0x1c CMakeFiles/test.dir/home/jon/pico/pico-sdk/lib/lwip/src/core/tcp.c.obj
                0x0000000010004ce0                tcp_seg_free
 .text.tcp_seg_copy
                0x0000000010004cfc       0x2c CMakeFiles/test.dir/home/jon/pico/pico-sdk/lib/lwip/src/core/tcp.c.obj
                0x0000000010004cfc                tcp_seg_copy
 .text.tcp_arg  0x0000000010004d28        0x8 CMakeFiles/test.dir/home/jon/pico/pico-sdk/lib/lwip/src/core/tcp.c.obj
                0x0000000010004d28                tcp_arg
 .text.tcp_recv
                0x0000000010004d30       0x1c CMakeFiles/test.dir/home/jon/pico/pico-sdk/lib/lwip/src/core/tcp.c.obj
                0x0000000010004d30                tcp_recv
 .text.tcp_sent
                0x0000000010004d4c       0x1c CMakeFiles/test.dir/home/jon/pico/pico-sdk/lib/lwip/src/core/tcp.c.obj
                0x0000000010004d4c                tcp_sent
 .text.tcp_err  0x0000000010004d68       0x1c CMakeFiles/test.dir/home/jon/pico/pico-sdk/lib/lwip/src/core/tcp.c.obj
                0x0000000010004d68                tcp_err
 .text.tcp_accept
                0x0000000010004d84       0x10 CMakeFiles/test.dir/home/jon/pico/pico-sdk/lib/lwip/src/core/tcp.c.obj
                0x0000000010004d84                tcp_accept
 .text.tcp_poll
                0x0000000010004d94       0x20 CMakeFiles/test.dir/home/jon/pico/pico-sdk/lib/lwip/src/core/tcp.c.obj
                0x0000000010004d94                tcp_poll
 .text.tcp_pcb_purge
                0x0000000010004db4       0x18 CMakeFiles/test.dir/home/jon/pico/pico-sdk/lib/lwip/src/core/tcp.c.obj
                0x0000000010004db4                tcp_pcb_purge
 .text.tcp_pcb_remove
                0x0000000010004dcc       0xc8 CMakeFiles/test.dir/home/jon/pico/pico-sdk/lib/lwip/src/core/tcp.c.obj
                0x0000000010004dcc                tcp_pcb_remove
 .text.tcp_abandon
                0x0000000010004e94      0x1ac CMakeFiles/test.dir/home/jon/pico/pico-sdk/lib/lwip/src/core/tcp.c.obj
                0x0000000010004e94                tcp_abandon
 .text.tcp_abort
                0x0000000010005040        0xc CMakeFiles/test.dir/home/jon/pico/pico-sdk/lib/lwip/src/core/tcp.c.obj
                0x0000000010005040                tcp_abort
 .text.tcp_accept_null
                0x000000001000504c       0x20 CMakeFiles/test.dir/home/jon/pico/pico-sdk/lib/lwip/src/core/tcp.c.obj
 .text.tcp_alloc
                0x000000001000506c      0x1cc CMakeFiles/test.dir/home/jon/pico/pico-sdk/lib/lwip/src/core/tcp.c.obj
                0x000000001000506c                tcp_alloc
 .text.tcp_new_ip_type
                0x0000000010005238      0x1ac CMakeFiles/test.dir/home/jon/pico/pico-sdk/lib/lwip/src/core/tcp.c.obj
                0x0000000010005238                tcp_new_ip_type
 .text.tcp_close_shutdown
                0x00000000100053e4      0x18c CMakeFiles/test.dir/home/jon/pico/pico-sdk/lib/lwip/src/core/tcp.c.obj
 .text.tcp_recv_null
                0x0000000010005570       0xd4 CMakeFiles/test.dir/home/jon/pico/pico-sdk/lib/lwip/src/core/tcp.c.obj
                0x0000000010005570                tcp_recv_null
 .text.tcp_process_refused_data
                0x0000000010005644       0x78 CMakeFiles/test.dir/home/jon/pico/pico-sdk/lib/lwip/src/core/tcp.c.obj
                0x0000000010005644                tcp_process_refused_data
 .text.tcp_fasttmr
                0x00000000100056bc       0x98 CMakeFiles/test.dir/home/jon/pico/pico-sdk/lib/lwip/src/core/tcp.c.obj
                0x00000000100056bc                tcp_fasttmr
 .text.tcp_tmr  0x0000000010005754       0x20 CMakeFiles/test.dir/home/jon/pico/pico-sdk/lib/lwip/src/core/tcp.c.obj
                0x0000000010005754                tcp_tmr
 .text.tcp_close
                0x0000000010005774      0x174 CMakeFiles/test.dir/home/jon/pico/pico-sdk/lib/lwip/src/core/tcp.c.obj
                0x0000000010005774                tcp_close
 .text.tcp_next_iss
                0x00000000100058e8       0x28 CMakeFiles/test.dir/home/jon/pico/pico-sdk/lib/lwip/src/core/tcp.c.obj
                0x00000000100058e8                tcp_next_iss
 .text.tcp_eff_send_mss_netif
                0x0000000010005910       0x38 CMakeFiles/test.dir/home/jon/pico/pico-sdk/lib/lwip/src/core/tcp.c.obj
                0x0000000010005910                tcp_eff_send_mss_netif
 .text.tcp_netif_ip_addr_changed
                0x0000000010005948       0x9c CMakeFiles/test.dir/home/jon/pico/pico-sdk/lib/lwip/src/core/tcp.c.obj
                0x0000000010005948                tcp_netif_ip_addr_changed
 .text.tcp_free_ooseq
                0x00000000100059e4       0x40 CMakeFiles/test.dir/home/jon/pico/pico-sdk/lib/lwip/src/core/tcp.c.obj
                0x00000000100059e4                tcp_free_ooseq
 .text.tcp_parseopt
                0x0000000010005a24      0x190 CMakeFiles/test.dir/home/jon/pico/pico-sdk/lib/lwip/src/core/tcp_in.c.obj
 .text.tcp_oos_insert_segment
                0x0000000010005bb4       0xe0 CMakeFiles/test.dir/home/jon/pico/pico-sdk/lib/lwip/src/core/tcp_in.c.obj
 .text.tcp_free_acked_segments.constprop.0
                0x0000000010005c94       0xdc CMakeFiles/test.dir/home/jon/pico/pico-sdk/lib/lwip/src/core/tcp_in.c.obj
 .text.tcp_receive
                0x0000000010005d70      0xa4c CMakeFiles/test.dir/home/jon/pico/pico-sdk/lib/lwip/src/core/tcp_in.c.obj
 .text.tcp_input
                0x00000000100067bc      0xda4 CMakeFiles/test.dir/home/jon/pico/pico-sdk/lib/lwip/src/core/tcp_in.c.obj
                0x00000000100067bc                tcp_input
 .text.tcp_trigger_input_pcb_close
                0x0000000010007560       0x10 CMakeFiles/test.dir/home/jon/pico/pico-sdk/lib/lwip/src/core/tcp_in.c.obj
                0x0000000010007560                tcp_trigger_input_pcb_close
 .text.tcp_create_segment
                0x0000000010007570       0xf8 CMakeFiles/test.dir/home/jon/pico/pico-sdk/lib/lwip/src/core/tcp_out.c.obj
 .text.tcp_output_control_segment
                0x0000000010007668       0xc0 CMakeFiles/test.dir/home/jon/pico/pico-sdk/lib/lwip/src/core/tcp_out.c.obj
 .text.tcp_output_alloc_header.constprop.0
                0x0000000010007728       0xcc CMakeFiles/test.dir/home/jon/pico/pico-sdk/lib/lwip/src/core/tcp_out.c.obj
 .text.tcp_split_unsent_seg
                0x00000000100077f4      0x1c4 CMakeFiles/test.dir/home/jon/pico/pico-sdk/lib/lwip/src/core/tcp_out.c.obj
                0x00000000100077f4                tcp_split_unsent_seg
 .text.tcp_send_fin
                0x00000000100079b8      0x12c CMakeFiles/test.dir/home/jon/pico/pico-sdk/lib/lwip/src/core/tcp_out.c.obj
                0x00000000100079b8                tcp_send_fin
 .text.tcp_enqueue_flags
                0x0000000010007ae4      0x124 CMakeFiles/test.dir/home/jon/pico/pico-sdk/lib/lwip/src/core/tcp_out.c.obj
                0x0000000010007ae4                tcp_enqueue_flags
 .text.tcp_rexmit_rto_prepare
                0x0000000010007c08       0x9c CMakeFiles/test.dir/home/jon/pico/pico-sdk/lib/lwip/src/core/tcp_out.c.obj
                0x0000000010007c08                tcp_rexmit_rto_prepare
 .text.tcp_rexmit
                0x0000000010007ca4       0x9c CMakeFiles/test.dir/home/jon/pico/pico-sdk/lib/lwip/src/core/tcp_out.c.obj
                0x0000000010007ca4                tcp_rexmit
 .text.tcp_rexmit_fast
                0x0000000010007d40       0x64 CMakeFiles/test.dir/home/jon/pico/pico-sdk/lib/lwip/src/core/tcp_out.c.obj
                0x0000000010007d40                tcp_rexmit_fast
 .text.tcp_rst  0x0000000010007da4       0xe8 CMakeFiles/test.dir/home/jon/pico/pico-sdk/lib/lwip/src/core/tcp_out.c.obj
                0x0000000010007da4                tcp_rst
 .text.tcp_rst_netif
                0x0000000010007e8c      0x130 CMakeFiles/test.dir/home/jon/pico/pico-sdk/lib/lwip/src/core/tcp_out.c.obj
                0x0000000010007e8c                tcp_rst_netif
 .text.tcp_send_empty_ack
                0x0000000010007fbc       0x54 CMakeFiles/test.dir/home/jon/pico/pico-sdk/lib/lwip/src/core/tcp_out.c.obj
                0x0000000010007fbc                tcp_send_empty_ack
 .text.tcp_output
                0x0000000010008010      0x46c CMakeFiles/test.dir/home/jon/pico/pico-sdk/lib/lwip/src/core/tcp_out.c.obj
                0x0000000010008010                tcp_output
 .text.tcp_rexmit_rto_commit
                0x000000001000847c       0x24 CMakeFiles/test.dir/home/jon/pico/pico-sdk/lib/lwip/src/core/tcp_out.c.obj
                0x000000001000847c                tcp_rexmit_rto_commit
 .text.tcp_rexmit_rto
                0x00000000100084a0       0xa4 CMakeFiles/test.dir/home/jon/pico/pico-sdk/lib/lwip/src/core/tcp_out.c.obj
                0x00000000100084a0                tcp_rexmit_rto
 .text.tcp_keepalive
                0x0000000010008544       0xe0 CMakeFiles/test.dir/home/jon/pico/pico-sdk/lib/lwip/src/core/tcp_out.c.obj
                0x0000000010008544                tcp_keepalive
 .text.tcp_zero_window_probe
                0x0000000010008624      0x108 CMakeFiles/test.dir/home/jon/pico/pico-sdk/lib/lwip/src/core/tcp_out.c.obj
                0x0000000010008624                tcp_zero_window_probe
 .text.sys_timeout_abs
                0x000000001000872c       0x48 CMakeFiles/test.dir/home/jon/pico/pico-sdk/lib/lwip/src/core/timeouts.c.obj
 .text.lwip_cyclic_timer
                0x0000000010008774       0x38 CMakeFiles/test.dir/home/jon/pico/pico-sdk/lib/lwip/src/core/timeouts.c.obj
 .text.tcpip_tcp_timer
                0x00000000100087ac       0x3c CMakeFiles/test.dir/home/jon/pico/pico-sdk/lib/lwip/src/core/timeouts.c.obj
 .text.tcp_timer_needed
                0x00000000100087e8       0x40 CMakeFiles/test.dir/home/jon/pico/pico-sdk/lib/lwip/src/core/timeouts.c.obj
                0x00000000100087e8                tcp_timer_needed
 .text.sys_timeouts_init
                0x0000000010008828       0x90 CMakeFiles/test.dir/home/jon/pico/pico-sdk/lib/lwip/src/core/timeouts.c.obj
                0x0000000010008828                sys_timeouts_init
 .text.sys_check_timeouts
                0x00000000100088b8       0x68 CMakeFiles/test.dir/home/jon/pico/pico-sdk/lib/lwip/src/core/timeouts.c.obj
                0x00000000100088b8                sys_check_timeouts
 .text.sys_timeouts_sleeptime
                0x0000000010008920       0x28 CMakeFiles/test.dir/home/jon/pico/pico-sdk/lib/lwip/src/core/timeouts.c.obj
                0x0000000010008920                sys_timeouts_sleeptime
 .text.udp_init
                0x0000000010008948       0x20 CMakeFiles/test.dir/home/jon/pico/pico-sdk/lib/lwip/src/core/udp.c.obj
                0x0000000010008948                udp_init
 .text.udp_input
                0x0000000010008968      0x24c CMakeFiles/test.dir/home/jon/pico/pico-sdk/lib/lwip/src/core/udp.c.obj
                0x0000000010008968                udp_input
 .text.udp_bind
                0x0000000010008bb4      0x10c CMakeFiles/test.dir/home/jon/pico/pico-sdk/lib/lwip/src/core/udp.c.obj
                0x0000000010008bb4                udp_bind
 .text.udp_sendto_if_src
                0x0000000010008cc0      0x130 CMakeFiles/test.dir/home/jon/pico/pico-sdk/lib/lwip/src/core/udp.c.obj
                0x0000000010008cc0                udp_sendto_if_src
 .text.udp_sendto_if
                0x0000000010008df0       0x48 CMakeFiles/test.dir/home/jon/pico/pico-sdk/lib/lwip/src/core/udp.c.obj
                0x0000000010008df0                udp_sendto_if
 .text.udp_sendto
                0x0000000010008e38       0x7c CMakeFiles/test.dir/home/jon/pico/pico-sdk/lib/lwip/src/core/udp.c.obj
                0x0000000010008e38                udp_sendto
 .text.udp_connect
                0x0000000010008eb4       0x64 CMakeFiles/test.dir/home/jon/pico/pico-sdk/lib/lwip/src/core/udp.c.obj
                0x0000000010008eb4                udp_connect
 .text.udp_recv
                0x0000000010008f18        0xc CMakeFiles/test.dir/home/jon/pico/pico-sdk/lib/lwip/src/core/udp.c.obj
                0x0000000010008f18                udp_recv
 .text.udp_remove
                0x0000000010008f24       0x3c CMakeFiles/test.dir/home/jon/pico/pico-sdk/lib/lwip/src/core/udp.c.obj
                0x0000000010008f24                udp_remove
 .text.udp_new  0x0000000010008f60       0x1c CMakeFiles/test.dir/home/jon/pico/pico-sdk/lib/lwip/src/core/udp.c.obj
                0x0000000010008f60                udp_new
 .text.udp_netif_ip_addr_changed
                0x0000000010008f7c       0x40 CMakeFiles/test.dir/home/jon/pico/pico-sdk/lib/lwip/src/core/udp.c.obj
                0x0000000010008f7c                udp_netif_ip_addr_changed
 .text.dhcp_create_msg
                0x0000000010008fbc      0x16c CMakeFiles/test.dir/home/jon/pico/pico-sdk/lib/lwip/src/core/ipv4/dhcp.c.obj
 .text.dhcp_inc_pcb_refcount
                0x0000000010009128       0x6c CMakeFiles/test.dir/home/jon/pico/pico-sdk/lib/lwip/src/core/ipv4/dhcp.c.obj
 .text.dhcp_bind
                0x0000000010009194      0x140 CMakeFiles/test.dir/home/jon/pico/pico-sdk/lib/lwip/src/core/ipv4/dhcp.c.obj
 .text.dhcp_option_hostname.isra.0
                0x00000000100092d4       0x8c CMakeFiles/test.dir/home/jon/pico/pico-sdk/lib/lwip/src/core/ipv4/dhcp.c.obj
 .text.dhcp_handle_ack.isra.0
                0x0000000010009360       0xcc CMakeFiles/test.dir/home/jon/pico/pico-sdk/lib/lwip/src/core/ipv4/dhcp.c.obj
 .text.dhcp_reboot.isra.0
                0x000000001000942c      0x1e4 CMakeFiles/test.dir/home/jon/pico/pico-sdk/lib/lwip/src/core/ipv4/dhcp.c.obj
 .text.dhcp_discover
                0x0000000010009610      0x198 CMakeFiles/test.dir/home/jon/pico/pico-sdk/lib/lwip/src/core/ipv4/dhcp.c.obj
 .text.dhcp_select.isra.0
                0x00000000100097a8      0x268 CMakeFiles/test.dir/home/jon/pico/pico-sdk/lib/lwip/src/core/ipv4/dhcp.c.obj
 .text.dhcp_recv
                0x0000000010009a10      0x494 CMakeFiles/test.dir/home/jon/pico/pico-sdk/lib/lwip/src/core/ipv4/dhcp.c.obj
 .text.dhcp_set_struct
                0x0000000010009ea4       0x44 CMakeFiles/test.dir/home/jon/pico/pico-sdk/lib/lwip/src/core/ipv4/dhcp.c.obj
                0x0000000010009ea4                dhcp_set_struct
 .text.dhcp_network_changed_link_up
                0x0000000010009ee8       0x40 CMakeFiles/test.dir/home/jon/pico/pico-sdk/lib/lwip/src/core/ipv4/dhcp.c.obj
                0x0000000010009ee8                dhcp_network_changed_link_up
 .text.dhcp_renew
                0x0000000010009f28      0x1b8 CMakeFiles/test.dir/home/jon/pico/pico-sdk/lib/lwip/src/core/ipv4/dhcp.c.obj
                0x0000000010009f28                dhcp_renew
 .text.dhcp_release_and_stop
                0x000000001000a0e0      0x180 CMakeFiles/test.dir/home/jon/pico/pico-sdk/lib/lwip/src/core/ipv4/dhcp.c.obj
                0x000000001000a0e0                dhcp_release_and_stop
 .text.dhcp_start
                0x000000001000a260       0xb0 CMakeFiles/test.dir/home/jon/pico/pico-sdk/lib/lwip/src/core/ipv4/dhcp.c.obj
                0x000000001000a260                dhcp_start
 .text.dhcp_coarse_tmr
                0x000000001000a310      0x238 CMakeFiles/test.dir/home/jon/pico/pico-sdk/lib/lwip/src/core/ipv4/dhcp.c.obj
                0x000000001000a310                dhcp_coarse_tmr
 .text.dhcp_fine_tmr
                0x000000001000a548       0x78 CMakeFiles/test.dir/home/jon/pico/pico-sdk/lib/lwip/src/core/ipv4/dhcp.c.obj
                0x000000001000a548                dhcp_fine_tmr
 .text.dhcp_stop
                0x000000001000a5c0      0x180 CMakeFiles/test.dir/home/jon/pico/pico-sdk/lib/lwip/src/core/ipv4/dhcp.c.obj
                0x000000001000a5c0                dhcp_stop
 .text.etharp_find_entry
                0x000000001000a740     0x1fbc CMakeFiles/test.dir/home/jon/pico/pico-sdk/lib/lwip/src/core/ipv4/etharp.c.obj
 .text.etharp_raw
                0x000000001000c6fc       0xec CMakeFiles/test.dir/home/jon/pico/pico-sdk/lib/lwip/src/core/ipv4/etharp.c.obj
 .text.etharp_output_to_arp_index
                0x000000001000c7e8       0xe4 CMakeFiles/test.dir/home/jon/pico/pico-sdk/lib/lwip/src/core/ipv4/etharp.c.obj
 .text.etharp_tmr
                0x000000001000c8cc       0x94 CMakeFiles/test.dir/home/jon/pico/pico-sdk/lib/lwip/src/core/ipv4/etharp.c.obj
                0x000000001000c8cc                etharp_tmr
 .text.etharp_cleanup_netif
                0x000000001000c960      0x188 CMakeFiles/test.dir/home/jon/pico/pico-sdk/lib/lwip/src/core/ipv4/etharp.c.obj
                0x000000001000c960                etharp_cleanup_netif
 .text.etharp_input
                0x000000001000cae8      0x1b0 CMakeFiles/test.dir/home/jon/pico/pico-sdk/lib/lwip/src/core/ipv4/etharp.c.obj
                0x000000001000cae8                etharp_input
 .text.etharp_query
                0x000000001000cc98      0x1c0 CMakeFiles/test.dir/home/jon/pico/pico-sdk/lib/lwip/src/core/ipv4/etharp.c.obj
                0x000000001000cc98                etharp_query
 .text.etharp_output
                0x000000001000ce58      0x24c CMakeFiles/test.dir/home/jon/pico/pico-sdk/lib/lwip/src/core/ipv4/etharp.c.obj
                0x000000001000ce58                etharp_output
 .text.etharp_request
                0x000000001000d0a4       0x2c CMakeFiles/test.dir/home/jon/pico/pico-sdk/lib/lwip/src/core/ipv4/etharp.c.obj
                0x000000001000d0a4                etharp_request
 .text.icmp_input
                0x000000001000d0d0      0x1e8 CMakeFiles/test.dir/home/jon/pico/pico-sdk/lib/lwip/src/core/ipv4/icmp.c.obj
                0x000000001000d0d0                icmp_input
 .text.icmp_dest_unreach
                0x000000001000d2b8       0xd0 CMakeFiles/test.dir/home/jon/pico/pico-sdk/lib/lwip/src/core/ipv4/icmp.c.obj
                0x000000001000d2b8                icmp_dest_unreach
 .text.icmp_time_exceeded
                0x000000001000d388       0xd0 CMakeFiles/test.dir/home/jon/pico/pico-sdk/lib/lwip/src/core/ipv4/icmp.c.obj
                0x000000001000d388                icmp_time_exceeded
 .text.ip_reass_free_complete_datagram
                0x000000001000d458      0x114 CMakeFiles/test.dir/home/jon/pico/pico-sdk/lib/lwip/src/core/ipv4/ip4_frag.c.obj
 .text.ip_reass_remove_oldest_datagram
                0x000000001000d56c       0xd8 CMakeFiles/test.dir/home/jon/pico/pico-sdk/lib/lwip/src/core/ipv4/ip4_frag.c.obj
 .text.ip_reass_tmr
                0x000000001000d644       0x38 CMakeFiles/test.dir/home/jon/pico/pico-sdk/lib/lwip/src/core/ipv4/ip4_frag.c.obj
                0x000000001000d644                ip_reass_tmr
 .text.ip4_reass
                0x000000001000d67c      0x534 CMakeFiles/test.dir/home/jon/pico/pico-sdk/lib/lwip/src/core/ipv4/ip4_frag.c.obj
                0x000000001000d67c                ip4_reass
 .text.ip4_frag
                0x000000001000dbb0      0x17c CMakeFiles/test.dir/home/jon/pico/pico-sdk/lib/lwip/src/core/ipv4/ip4_frag.c.obj
                0x000000001000dbb0                ip4_frag
 .text.ip4_route
                0x000000001000dd2c       0x7c CMakeFiles/test.dir/home/jon/pico/pico-sdk/lib/lwip/src/core/ipv4/ip4.c.obj
                0x000000001000dd2c                ip4_route
 .text.ip4_input
                0x000000001000dda8      0x2cc CMakeFiles/test.dir/home/jon/pico/pico-sdk/lib/lwip/src/core/ipv4/ip4.c.obj
                0x000000001000dda8                ip4_input
 .text.ip4_output_if
                0x000000001000e074      0x190 CMakeFiles/test.dir/home/jon/pico/pico-sdk/lib/lwip/src/core/ipv4/ip4.c.obj
                0x000000001000e074                ip4_output_if
 .text.ip4_output_if_src
                0x000000001000e204      0x17c CMakeFiles/test.dir/home/jon/pico/pico-sdk/lib/lwip/src/core/ipv4/ip4.c.obj
                0x000000001000e204                ip4_output_if_src
 .text.ip4_addr_isbroadcast_u32
                0x000000001000e380       0x3c CMakeFiles/test.dir/home/jon/pico/pico-sdk/lib/lwip/src/core/ipv4/ip4_addr.c.obj
                0x000000001000e380                ip4_addr_isbroadcast_u32
 .text.ip4addr_ntoa
                0x000000001000e3bc       0xdc CMakeFiles/test.dir/home/jon/pico/pico-sdk/lib/lwip/src/core/ipv4/ip4_addr.c.obj
                0x000000001000e3bc                ip4addr_ntoa
 .text.ethernet_input
                0x000000001000e498       0xd0 CMakeFiles/test.dir/home/jon/pico/pico-sdk/lib/lwip/src/netif/ethernet.c.obj
                0x000000001000e498                ethernet_input
 .text.ethernet_output
                0x000000001000e568       0x6c CMakeFiles/test.dir/home/jon/pico/pico-sdk/lib/lwip/src/netif/ethernet.c.obj
                0x000000001000e568                ethernet_output
 .text.cyw43_arch_wifi_connect_bssid_until.part.0
                0x000000001000e5d4       0xd8 CMakeFiles/test.dir/home/jon/pico/pico-sdk/src/rp2_common/pico_cyw43_arch/cyw43_arch.c.obj
 .text.cyw43_arch_set_async_context
                0x000000001000e6ac        0xc CMakeFiles/test.dir/home/jon/pico/pico-sdk/src/rp2_common/pico_cyw43_arch/cyw43_arch.c.obj
                0x000000001000e6ac                cyw43_arch_set_async_context
 .text.cyw43_arch_enable_sta_mode
                0x000000001000e6b8       0x1c CMakeFiles/test.dir/home/jon/pico/pico-sdk/src/rp2_common/pico_cyw43_arch/cyw43_arch.c.obj
                0x000000001000e6b8                cyw43_arch_enable_sta_mode
 .text.cyw43_arch_wifi_connect_timeout_ms
                0x000000001000e6d4       0x9c CMakeFiles/test.dir/home/jon/pico/pico-sdk/src/rp2_common/pico_cyw43_arch/cyw43_arch.c.obj
                0x000000001000e6d4                cyw43_arch_wifi_connect_timeout_ms
 .text.cyw43_arch_async_context
                0x000000001000e770        0xc CMakeFiles/test.dir/home/jon/pico/pico-sdk/src/rp2_common/pico_cyw43_arch/cyw43_arch.c.obj
                0x000000001000e770                cyw43_arch_async_context
 .text.cyw43_arch_poll
                0x000000001000e77c       0x18 CMakeFiles/test.dir/home/jon/pico/pico-sdk/src/rp2_common/pico_cyw43_arch/cyw43_arch.c.obj
                0x000000001000e77c                cyw43_arch_poll
 .text.cyw43_arch_init
                0x000000001000e794       0x68 CMakeFiles/test.dir/home/jon/pico/pico-sdk/src/rp2_common/pico_cyw43_arch/cyw43_arch_poll.c.obj
                0x000000001000e794                cyw43_arch_init
 .text.ns_delay.constprop.0
                0x000000001000e7fc       0x20 CMakeFiles/test.dir/home/jon/pico/pico-sdk/src/rp2_common/pico_cyw43_driver/cyw43_bus_pio_spi.c.obj
 .text.cyw43_spi_deinit
                0x000000001000e81c       0x7c CMakeFiles/test.dir/home/jon/pico/pico-sdk/src/rp2_common/pico_cyw43_driver/cyw43_bus_pio_spi.c.obj
                0x000000001000e81c                cyw43_spi_deinit
 .text.cyw43_spi_init
                0x000000001000e898      0x154 CMakeFiles/test.dir/home/jon/pico/pico-sdk/src/rp2_common/pico_cyw43_driver/cyw43_bus_pio_spi.c.obj
                0x000000001000e898                cyw43_spi_init
 .text.cyw43_spi_transfer
                0x000000001000e9ec      0x430 CMakeFiles/test.dir/home/jon/pico/pico-sdk/src/rp2_common/pico_cyw43_driver/cyw43_bus_pio_spi.c.obj
                0x000000001000e9ec                cyw43_spi_transfer
 .text.cyw43_spi_gpio_setup
                0x000000001000ee1c       0x3c CMakeFiles/test.dir/home/jon/pico/pico-sdk/src/rp2_common/pico_cyw43_driver/cyw43_bus_pio_spi.c.obj
                0x000000001000ee1c                cyw43_spi_gpio_setup
 .text.cyw43_spi_reset
                0x000000001000ee58       0x28 CMakeFiles/test.dir/home/jon/pico/pico-sdk/src/rp2_common/pico_cyw43_driver/cyw43_bus_pio_spi.c.obj
                0x000000001000ee58                cyw43_spi_reset
 .text.read_reg_u32_swap
                0x000000001000ee80       0x3c CMakeFiles/test.dir/home/jon/pico/pico-sdk/src/rp2_common/pico_cyw43_driver/cyw43_bus_pio_spi.c.obj
                0x000000001000ee80                read_reg_u32_swap
 .text.cyw43_read_reg_u32
                0x000000001000eebc       0x6c CMakeFiles/test.dir/home/jon/pico/pico-sdk/src/rp2_common/pico_cyw43_driver/cyw43_bus_pio_spi.c.obj
                0x000000001000eebc                cyw43_read_reg_u32
 .text.cyw43_read_reg_u16
                0x000000001000ef28       0x6c CMakeFiles/test.dir/home/jon/pico/pico-sdk/src/rp2_common/pico_cyw43_driver/cyw43_bus_pio_spi.c.obj
                0x000000001000ef28                cyw43_read_reg_u16
 .text.cyw43_read_reg_u8
                0x000000001000ef94       0x6c CMakeFiles/test.dir/home/jon/pico/pico-sdk/src/rp2_common/pico_cyw43_driver/cyw43_bus_pio_spi.c.obj
                0x000000001000ef94                cyw43_read_reg_u8
 .text.write_reg_u32_swap
                0x000000001000f000      0x1e0 CMakeFiles/test.dir/home/jon/pico/pico-sdk/src/rp2_common/pico_cyw43_driver/cyw43_bus_pio_spi.c.obj
                0x000000001000f000                write_reg_u32_swap
 .text.cyw43_write_reg_u32
                0x000000001000f1e0      0x200 CMakeFiles/test.dir/home/jon/pico/pico-sdk/src/rp2_common/pico_cyw43_driver/cyw43_bus_pio_spi.c.obj
                0x000000001000f1e0                cyw43_write_reg_u32
 .text.cyw43_write_reg_u16
                0x000000001000f3e0      0x200 CMakeFiles/test.dir/home/jon/pico/pico-sdk/src/rp2_common/pico_cyw43_driver/cyw43_bus_pio_spi.c.obj
                0x000000001000f3e0                cyw43_write_reg_u16
 .text.cyw43_write_reg_u8
                0x000000001000f5e0      0x200 CMakeFiles/test.dir/home/jon/pico/pico-sdk/src/rp2_common/pico_cyw43_driver/cyw43_bus_pio_spi.c.obj
                0x000000001000f5e0                cyw43_write_reg_u8
 .text.cyw43_read_bytes
                0x000000001000f7e0       0x78 CMakeFiles/test.dir/home/jon/pico/pico-sdk/src/rp2_common/pico_cyw43_driver/cyw43_bus_pio_spi.c.obj
                0x000000001000f7e0                cyw43_read_bytes
 .text.cyw43_write_bytes
                0x000000001000f858       0xec CMakeFiles/test.dir/home/jon/pico/pico-sdk/src/rp2_common/pico_cyw43_driver/cyw43_bus_pio_spi.c.obj
                0x000000001000f858                cyw43_write_bytes
 .text.cyw43_set_backplane_window
                0x000000001000f944       0x64 CMakeFiles/test.dir/home/jon/pico/pico-sdk/lib/cyw43-driver/src/cyw43_ll.c.obj
 .text.cyw43_ll_parse_async_event
                0x000000001000f9a8      0x13c CMakeFiles/test.dir/home/jon/pico/pico-sdk/lib/cyw43-driver/src/cyw43_ll.c.obj
 .text.cyw43_kso_set
                0x000000001000fae4       0xa0 CMakeFiles/test.dir/home/jon/pico/pico-sdk/lib/cyw43-driver/src/cyw43_ll.c.obj
 .text.cyw43_ll_sdpcm_poll_device
                0x000000001000fb84      0x238 CMakeFiles/test.dir/home/jon/pico/pico-sdk/lib/cyw43-driver/src/cyw43_ll.c.obj
 .text.cyw43_sdpcm_send_common
                0x000000001000fdbc       0xf0 CMakeFiles/test.dir/home/jon/pico/pico-sdk/lib/cyw43-driver/src/cyw43_ll.c.obj
 .text.cyw43_do_ioctl
                0x000000001000feac      0x110 CMakeFiles/test.dir/home/jon/pico/pico-sdk/lib/cyw43-driver/src/cyw43_ll.c.obj
 .text.cyw43_do_ioctl.constprop.0
                0x000000001000ffbc      0x108 CMakeFiles/test.dir/home/jon/pico/pico-sdk/lib/cyw43-driver/src/cyw43_ll.c.obj
 .text.cyw43_read_backplane.constprop.0
                0x00000000100100c4       0xdc CMakeFiles/test.dir/home/jon/pico/pico-sdk/lib/cyw43-driver/src/cyw43_ll.c.obj
 .text.reset_device_core.constprop.0
                0x00000000100101a0      0x3f0 CMakeFiles/test.dir/home/jon/pico/pico-sdk/lib/cyw43-driver/src/cyw43_ll.c.obj
 .text.cyw43_ll_init
                0x0000000010010590       0x1c CMakeFiles/test.dir/home/jon/pico/pico-sdk/lib/cyw43-driver/src/cyw43_ll.c.obj
                0x0000000010010590                cyw43_ll_init
 .text.cyw43_ll_deinit
                0x00000000100105ac        0x8 CMakeFiles/test.dir/home/jon/pico/pico-sdk/lib/cyw43-driver/src/cyw43_ll.c.obj
                0x00000000100105ac                cyw43_ll_deinit
 .text.cyw43_ll_send_ethernet
                0x00000000100105b4       0x60 CMakeFiles/test.dir/home/jon/pico/pico-sdk/lib/cyw43-driver/src/cyw43_ll.c.obj
                0x00000000100105b4                cyw43_ll_send_ethernet
 .text.cyw43_ll_process_packets
                0x0000000010010614       0x54 CMakeFiles/test.dir/home/jon/pico/pico-sdk/lib/cyw43-driver/src/cyw43_ll.c.obj
                0x0000000010010614                cyw43_ll_process_packets
 .text.cyw43_ll_ioctl
                0x0000000010010668       0x20 CMakeFiles/test.dir/home/jon/pico/pico-sdk/lib/cyw43-driver/src/cyw43_ll.c.obj
                0x0000000010010668                cyw43_ll_ioctl
 .text.cyw43_ll_bus_sleep
                0x0000000010010688       0x34 CMakeFiles/test.dir/home/jon/pico/pico-sdk/lib/cyw43-driver/src/cyw43_ll.c.obj
                0x0000000010010688                cyw43_ll_bus_sleep
 .text.cyw43_ll_bus_init
                0x00000000100106bc      0xbf0 CMakeFiles/test.dir/home/jon/pico/pico-sdk/lib/cyw43-driver/src/cyw43_ll.c.obj
                0x00000000100106bc                cyw43_ll_bus_init
 .text.cyw43_ll_wifi_on
                0x00000000100112ac      0x240 CMakeFiles/test.dir/home/jon/pico/pico-sdk/lib/cyw43-driver/src/cyw43_ll.c.obj
                0x00000000100112ac                cyw43_ll_wifi_on
 .text.cyw43_ll_wifi_get_mac
                0x00000000100114ec       0x44 CMakeFiles/test.dir/home/jon/pico/pico-sdk/lib/cyw43-driver/src/cyw43_ll.c.obj
                0x00000000100114ec                cyw43_ll_wifi_get_mac
 .text.cyw43_ll_wifi_pm
                0x0000000010011530      0x194 CMakeFiles/test.dir/home/jon/pico/pico-sdk/lib/cyw43-driver/src/cyw43_ll.c.obj
                0x0000000010011530                cyw43_ll_wifi_pm
 .text.cyw43_ll_wifi_join
                0x00000000100116c4      0x310 CMakeFiles/test.dir/home/jon/pico/pico-sdk/lib/cyw43-driver/src/cyw43_ll.c.obj
                0x00000000100116c4                cyw43_ll_wifi_join
 .text.cyw43_ll_wifi_set_wpa_auth
                0x00000000100119d4       0x2c CMakeFiles/test.dir/home/jon/pico/pico-sdk/lib/cyw43-driver/src/cyw43_ll.c.obj
                0x00000000100119d4                cyw43_ll_wifi_set_wpa_auth
 .text.cyw43_ll_wifi_rejoin
                0x0000000010011a00       0x1c CMakeFiles/test.dir/home/jon/pico/pico-sdk/lib/cyw43-driver/src/cyw43_ll.c.obj
                0x0000000010011a00                cyw43_ll_wifi_rejoin
 .text.cyw43_ll_wifi_ap_init
                0x0000000010011a1c      0x2c4 CMakeFiles/test.dir/home/jon/pico/pico-sdk/lib/cyw43-driver/src/cyw43_ll.c.obj
                0x0000000010011a1c                cyw43_ll_wifi_ap_init
 .text.cyw43_ll_wifi_ap_set_up
                0x0000000010011ce0       0x54 CMakeFiles/test.dir/home/jon/pico/pico-sdk/lib/cyw43-driver/src/cyw43_ll.c.obj
                0x0000000010011ce0                cyw43_ll_wifi_ap_set_up
 .text.cyw43_ll_has_work
                0x0000000010011d34       0x14 CMakeFiles/test.dir/home/jon/pico/pico-sdk/lib/cyw43-driver/src/cyw43_ll.c.obj
                0x0000000010011d34                cyw43_ll_has_work
 .text.cyw43_netif_init
                0x0000000010011d48       0x3c CMakeFiles/test.dir/home/jon/pico/pico-sdk/lib/cyw43-driver/src/cyw43_lwip.c.obj
 .text.cyw43_netif_output
                0x0000000010011d84       0x34 CMakeFiles/test.dir/home/jon/pico/pico-sdk/lib/cyw43-driver/src/cyw43_lwip.c.obj
 .text.cyw43_cb_tcpip_init
                0x0000000010011db8       0xfc CMakeFiles/test.dir/home/jon/pico/pico-sdk/lib/cyw43-driver/src/cyw43_lwip.c.obj
                0x0000000010011db8                cyw43_cb_tcpip_init
 .text.cyw43_cb_tcpip_deinit
                0x0000000010011eb4       0x4c CMakeFiles/test.dir/home/jon/pico/pico-sdk/lib/cyw43-driver/src/cyw43_lwip.c.obj
                0x0000000010011eb4                cyw43_cb_tcpip_deinit
 .text.cyw43_cb_process_ethernet
                0x0000000010011f00       0x68 CMakeFiles/test.dir/home/jon/pico/pico-sdk/lib/cyw43-driver/src/cyw43_lwip.c.obj
                0x0000000010011f00                cyw43_cb_process_ethernet
 .text.cyw43_cb_tcpip_set_link_up
                0x0000000010011f68       0x18 CMakeFiles/test.dir/home/jon/pico/pico-sdk/lib/cyw43-driver/src/cyw43_lwip.c.obj
                0x0000000010011f68                cyw43_cb_tcpip_set_link_up
 .text.cyw43_cb_tcpip_set_link_down
                0x0000000010011f80       0x18 CMakeFiles/test.dir/home/jon/pico/pico-sdk/lib/cyw43-driver/src/cyw43_lwip.c.obj
                0x0000000010011f80                cyw43_cb_tcpip_set_link_down
 .text.cyw43_tcpip_link_status
                0x0000000010011f98       0x34 CMakeFiles/test.dir/home/jon/pico/pico-sdk/lib/cyw43-driver/src/cyw43_lwip.c.obj
                0x0000000010011f98                cyw43_tcpip_link_status
 .text.cyw43_poll_func
                0x0000000010011fcc       0xc0 CMakeFiles/test.dir/home/jon/pico/pico-sdk/lib/cyw43-driver/src/cyw43_ctrl.c.obj
 .text.cyw43_init
                0x000000001001208c       0x6c CMakeFiles/test.dir/home/jon/pico/pico-sdk/lib/cyw43-driver/src/cyw43_ctrl.c.obj
                0x000000001001208c                cyw43_init
 .text.cyw43_deinit
                0x00000000100120f8       0x90 CMakeFiles/test.dir/home/jon/pico/pico-sdk/lib/cyw43-driver/src/cyw43_ctrl.c.obj
                0x00000000100120f8                cyw43_deinit
 .text.cyw43_cb_read_host_interrupt_pin
                0x0000000010012188        0xc CMakeFiles/test.dir/home/jon/pico/pico-sdk/lib/cyw43-driver/src/cyw43_ctrl.c.obj
                0x0000000010012188                cyw43_cb_read_host_interrupt_pin
 .text.cyw43_cb_ensure_awake
                0x0000000010012194        0xc CMakeFiles/test.dir/home/jon/pico/pico-sdk/lib/cyw43-driver/src/cyw43_ctrl.c.obj
                0x0000000010012194                cyw43_cb_ensure_awake
 .text.cyw43_cb_process_async_event
                0x00000000100121a0      0x228 CMakeFiles/test.dir/home/jon/pico/pico-sdk/lib/cyw43-driver/src/cyw43_ctrl.c.obj
                0x00000000100121a0                cyw43_cb_process_async_event
 .text.cyw43_send_ethernet
                0x00000000100123c8       0xc0 CMakeFiles/test.dir/home/jon/pico/pico-sdk/lib/cyw43-driver/src/cyw43_ctrl.c.obj
                0x00000000100123c8                cyw43_send_ethernet
 .text.cyw43_wifi_get_mac
                0x0000000010012488       0x10 CMakeFiles/test.dir/home/jon/pico/pico-sdk/lib/cyw43-driver/src/cyw43_ctrl.c.obj
                0x0000000010012488                cyw43_wifi_get_mac
 .text.cyw43_wifi_set_up
                0x0000000010012498      0x308 CMakeFiles/test.dir/home/jon/pico/pico-sdk/lib/cyw43-driver/src/cyw43_ctrl.c.obj
                0x0000000010012498                cyw43_wifi_set_up
 .text.cyw43_wifi_link_status
                0x00000000100127a0       0x3c CMakeFiles/test.dir/home/jon/pico/pico-sdk/lib/cyw43-driver/src/cyw43_ctrl.c.obj
                0x00000000100127a0                cyw43_wifi_link_status
 .text.cyw43_wifi_join
                0x00000000100127dc       0xf4 CMakeFiles/test.dir/home/jon/pico/pico-sdk/lib/cyw43-driver/src/cyw43_ctrl.c.obj
                0x00000000100127dc                cyw43_wifi_join
 .text.pio_sm_unclaim
                0x00000000100128d0       0x20 CMakeFiles/test.dir/home/jon/pico/pico-sdk/src/rp2_common/hardware_pio/pio.c.obj
                0x00000000100128d0                pio_sm_unclaim
 .text.pio_claim_unused_sm
                0x00000000100128f0       0x3c CMakeFiles/test.dir/home/jon/pico/pico-sdk/src/rp2_common/hardware_pio/pio.c.obj
                0x00000000100128f0                pio_claim_unused_sm
 .text.pio_can_add_program
                0x000000001001292c       0x68 CMakeFiles/test.dir/home/jon/pico/pico-sdk/src/rp2_common/hardware_pio/pio.c.obj
                0x000000001001292c                pio_can_add_program
 .text.pio_add_program
                0x0000000010012994       0xc8 CMakeFiles/test.dir/home/jon/pico/pico-sdk/src/rp2_common/hardware_pio/pio.c.obj
                0x0000000010012994                pio_add_program
 .text.pio_remove_program
                0x0000000010012a5c       0x34 CMakeFiles/test.dir/home/jon/pico/pico-sdk/src/rp2_common/hardware_pio/pio.c.obj
                0x0000000010012a5c                pio_remove_program
 .text.pio_sm_set_pindirs_with_mask
                0x0000000010012a90       0xa4 CMakeFiles/test.dir/home/jon/pico/pico-sdk/src/rp2_common/hardware_pio/pio.c.obj
                0x0000000010012a90                pio_sm_set_pindirs_with_mask
 .text.pio_sm_set_consecutive_pindirs
                0x0000000010012b34       0xb0 CMakeFiles/test.dir/home/jon/pico/pico-sdk/src/rp2_common/hardware_pio/pio.c.obj
                0x0000000010012b34                pio_sm_set_consecutive_pindirs
 .text.dma_channel_unclaim
                0x0000000010012be4       0x10 CMakeFiles/test.dir/home/jon/pico/pico-sdk/src/rp2_common/hardware_dma/dma.c.obj
                0x0000000010012be4                dma_channel_unclaim
 .text.dma_claim_unused_channel
                0x0000000010012bf4       0x20 CMakeFiles/test.dir/home/jon/pico/pico-sdk/src/rp2_common/hardware_dma/dma.c.obj
                0x0000000010012bf4                dma_claim_unused_channel
 .text.dma_claim_unused_timer
                0x0000000010012c14       0x20 CMakeFiles/test.dir/home/jon/pico/pico-sdk/src/rp2_common/hardware_dma/dma.c.obj
                0x0000000010012c14                dma_claim_unused_timer
 .text.dma_channel_cleanup
                0x0000000010012c34       0x60 CMakeFiles/test.dir/home/jon/pico/pico-sdk/src/rp2_common/hardware_dma/dma.c.obj
                0x0000000010012c34                dma_channel_cleanup
 .text.cyw43_sleep_timeout_reached
                0x0000000010012c94       0x10 CMakeFiles/test.dir/home/jon/pico/pico-sdk/src/rp2_common/pico_cyw43_driver/cyw43_driver.c.obj
 .text.cyw43_irq_init
                0x0000000010012ca4       0x28 CMakeFiles/test.dir/home/jon/pico/pico-sdk/src/rp2_common/pico_cyw43_driver/cyw43_driver.c.obj
                0x0000000010012ca4                cyw43_irq_init
 .text.cyw43_irq_deinit
                0x0000000010012ccc       0x20 CMakeFiles/test.dir/home/jon/pico/pico-sdk/src/rp2_common/pico_cyw43_driver/cyw43_driver.c.obj
                0x0000000010012ccc                cyw43_irq_deinit
 .text.cyw43_gpio_irq_handler
                0x0000000010012cec       0x44 CMakeFiles/test.dir/home/jon/pico/pico-sdk/src/rp2_common/pico_cyw43_driver/cyw43_driver.c.obj
 .text.cyw43_do_poll
                0x0000000010012d30       0x6c CMakeFiles/test.dir/home/jon/pico/pico-sdk/src/rp2_common/pico_cyw43_driver/cyw43_driver.c.obj
 .text.cyw43_post_poll_hook
                0x0000000010012d9c       0x10 CMakeFiles/test.dir/home/jon/pico/pico-sdk/src/rp2_common/pico_cyw43_driver/cyw43_driver.c.obj
                0x0000000010012d9c                cyw43_post_poll_hook
 .text.cyw43_schedule_internal_poll_dispatch
                0x0000000010012dac       0x18 CMakeFiles/test.dir/home/jon/pico/pico-sdk/src/rp2_common/pico_cyw43_driver/cyw43_driver.c.obj
                0x0000000010012dac                cyw43_schedule_internal_poll_dispatch
 .text.cyw43_driver_init
                0x0000000010012dc4       0x38 CMakeFiles/test.dir/home/jon/pico/pico-sdk/src/rp2_common/pico_cyw43_driver/cyw43_driver.c.obj
                0x0000000010012dc4                cyw43_driver_init
 .text.cyw43_driver_deinit
                0x0000000010012dfc       0x44 CMakeFiles/test.dir/home/jon/pico/pico-sdk/src/rp2_common/pico_cyw43_driver/cyw43_driver.c.obj
                0x0000000010012dfc                cyw43_driver_deinit
 .text.cyw43_hal_generate_laa_mac
                0x0000000010012e40       0x28 CMakeFiles/test.dir/home/jon/pico/pico-sdk/src/rp2_common/pico_cyw43_driver/cyw43_driver.c.obj
                0x0000000010012e40                cyw43_hal_generate_laa_mac
 .text.cyw43_hal_get_mac
                0x0000000010012e68       0x1c CMakeFiles/test.dir/home/jon/pico/pico-sdk/src/rp2_common/pico_cyw43_driver/cyw43_driver.c.obj
                0x0000000010012e68                cyw43_hal_get_mac
 .text.cyw43_thread_enter
                0x0000000010012e84       0x14 CMakeFiles/test.dir/home/jon/pico/pico-sdk/src/rp2_common/pico_cyw43_driver/cyw43_driver.c.obj
                0x0000000010012e84                cyw43_thread_enter
 .text.cyw43_thread_exit
                0x0000000010012e98       0x14 CMakeFiles/test.dir/home/jon/pico/pico-sdk/src/rp2_common/pico_cyw43_driver/cyw43_driver.c.obj
                0x0000000010012e98                cyw43_thread_exit
 .text.cyw43_await_background_or_timeout_us
                0x0000000010012eac       0x34 CMakeFiles/test.dir/home/jon/pico/pico-sdk/src/rp2_common/pico_cyw43_driver/cyw43_driver.c.obj
                0x0000000010012eac                cyw43_await_background_or_timeout_us
 .text.cyw43_delay_ms
                0x0000000010012ee0       0x44 CMakeFiles/test.dir/home/jon/pico/pico-sdk/src/rp2_common/pico_cyw43_driver/cyw43_driver.c.obj
                0x0000000010012ee0                cyw43_delay_ms
 .text.cyw43_delay_us
                0x0000000010012f24       0x34 CMakeFiles/test.dir/home/jon/pico/pico-sdk/src/rp2_common/pico_cyw43_driver/cyw43_driver.c.obj
                0x0000000010012f24                cyw43_delay_us
 .text.noop     0x0000000010012f58        0x4 CMakeFiles/test.dir/home/jon/pico/pico-sdk/src/rp2_common/pico_async_context/async_context_poll.c.obj
 .text.async_context_poll_execute_sync
                0x0000000010012f5c        0x8 CMakeFiles/test.dir/home/jon/pico/pico-sdk/src/rp2_common/pico_async_context/async_context_poll.c.obj
                0x0000000010012f5c                async_context_poll_execute_sync
 .text.async_context_poll_wait_for_work_until
                0x0000000010012f64       0x24 CMakeFiles/test.dir/home/jon/pico/pico-sdk/src/rp2_common/pico_async_context/async_context_poll.c.obj
 .text.async_context_poll_wait_until
                0x0000000010012f88        0xc CMakeFiles/test.dir/home/jon/pico/pico-sdk/src/rp2_common/pico_async_context/async_context_poll.c.obj
 .text.async_context_poll_poll
                0x0000000010012f94        0x8 CMakeFiles/test.dir/home/jon/pico/pico-sdk/src/rp2_common/pico_async_context/async_context_poll.c.obj
 .text.async_context_poll_requires_update
                0x0000000010012f9c       0x10 CMakeFiles/test.dir/home/jon/pico/pico-sdk/src/rp2_common/pico_async_context/async_context_poll.c.obj
 .text.async_context_poll_lock_check
                0x0000000010012fac       0x24 CMakeFiles/test.dir/home/jon/pico/pico-sdk/src/rp2_common/pico_async_context/async_context_poll.c.obj
 .text.async_context_poll_init_with_defaults
                0x0000000010012fd0       0x30 CMakeFiles/test.dir/home/jon/pico/pico-sdk/src/rp2_common/pico_async_context/async_context_poll.c.obj
                0x0000000010012fd0                async_context_poll_init_with_defaults
 .text.uart_init
                0x0000000010013000      0x188 CMakeFiles/test.dir/home/jon/pico/pico-sdk/src/rp2_common/hardware_uart/uart.c.obj
                0x0000000010013000                uart_init
 .text.runtime_init
                0x0000000010013188       0xf0 CMakeFiles/test.dir/home/jon/pico/pico-sdk/src/rp2_common/pico_runtime/runtime.c.obj
                0x0000000010013188                runtime_init
 .text._exit    0x0000000010013278        0x4 CMakeFiles/test.dir/home/jon/pico/pico-sdk/src/rp2_common/pico_runtime/runtime.c.obj
                0x0000000010013278                _exit
 .text._sbrk    0x000000001001327c       0x34 CMakeFiles/test.dir/home/jon/pico/pico-sdk/src/rp2_common/pico_runtime/runtime.c.obj
                0x000000001001327c                _sbrk
 .text.exit     0x00000000100132b0        0x8 CMakeFiles/test.dir/home/jon/pico/pico-sdk/src/rp2_common/pico_runtime/runtime.c.obj
                0x00000000100132b0                exit
 .text.panic    0x00000000100132b8       0x30 CMakeFiles/test.dir/home/jon/pico/pico-sdk/src/rp2_common/pico_runtime/runtime.c.obj
                0x00000000100132b8                panic
 .text.hard_assertion_failure
                0x00000000100132e8        0xc CMakeFiles/test.dir/home/jon/pico/pico-sdk/src/rp2_common/pico_runtime/runtime.c.obj
                0x00000000100132e8                hard_assertion_failure
 .text._out_null
                0x00000000100132f4        0x4 CMakeFiles/test.dir/home/jon/pico/pico-sdk/src/rp2_common/pico_printf/printf.c.obj
 .text._out_rev
                0x00000000100132f8       0x9c CMakeFiles/test.dir/home/jon/pico/pico-sdk/src/rp2_common/pico_printf/printf.c.obj
 .text._ntoa_format
                0x0000000010013394      0x1cc CMakeFiles/test.dir/home/jon/pico/pico-sdk/src/rp2_common/pico_printf/printf.c.obj
 .text._out_char
                0x0000000010013560       0x10 CMakeFiles/test.dir/home/jon/pico/pico-sdk/src/rp2_common/pico_printf/printf.c.obj
 .text._out_fct
                0x0000000010013570       0x10 CMakeFiles/test.dir/home/jon/pico/pico-sdk/src/rp2_common/pico_printf/printf.c.obj
 .text._etoa    0x0000000010013580      0x44c CMakeFiles/test.dir/home/jon/pico/pico-sdk/src/rp2_common/pico_printf/printf.c.obj
 .text._ftoa    0x00000000100139cc      0x398 CMakeFiles/test.dir/home/jon/pico/pico-sdk/src/rp2_common/pico_printf/printf.c.obj
 .text._vsnprintf
                0x0000000010013d64      0xb04 CMakeFiles/test.dir/home/jon/pico/pico-sdk/src/rp2_common/pico_printf/printf.c.obj
 .text.vfctprintf
                0x0000000010014868       0x20 CMakeFiles/test.dir/home/jon/pico/pico-sdk/src/rp2_common/pico_printf/printf.c.obj
                0x0000000010014868                vfctprintf
 .text.weak_raw_vprintf
                0x0000000010014888       0x30 CMakeFiles/test.dir/home/jon/pico/pico-sdk/src/rp2_common/pico_printf/printf.c.obj
                0x0000000010014888                weak_raw_vprintf
 .text          0x00000000100148b8       0x10 CMakeFiles/test.dir/home/jon/pico/pico-sdk/src/rp2_common/pico_bit_ops/bit_ops_aeabi.S.obj
 .text.ctzsi    0x00000000100148c8        0xc CMakeFiles/test.dir/home/jon/pico/pico-sdk/src/rp2_common/pico_bit_ops/bit_ops_aeabi.S.obj
                0x00000000100148c8                __wrap___ctzsi2
 .text.__wrap___aeabi_idiv
                0x00000000100148d4       0x50 CMakeFiles/test.dir/home/jon/pico/pico-sdk/src/rp2_common/pico_divider/divider.S.obj
                0x00000000100148d4                __wrap___aeabi_idivmod
                0x00000000100148d4                divmod_s32s32
                0x00000000100148d4                div_s32s32
                0x00000000100148d4                __wrap___aeabi_idiv
                0x00000000100148dc                divmod_s32s32_unsafe
                0x0000000010014908                divmod_s32s32_savestate
 .text.__wrap___aeabi_uidiv
                0x0000000010014924       0x4c CMakeFiles/test.dir/home/jon/pico/pico-sdk/src/rp2_common/pico_divider/divider.S.obj
                0x0000000010014924                __wrap___aeabi_uidiv
                0x0000000010014924                __wrap___aeabi_uidivmod
                0x0000000010014924                div_u32u32
                0x0000000010014924                divmod_u32u32
                0x000000001001492c                divmod_u32u32_unsafe
                0x0000000010014954                divmod_u32u32_savestate
 .text.__wrap___aeabi_ldiv
                0x0000000010014970      0x424 CMakeFiles/test.dir/home/jon/pico/pico-sdk/src/rp2_common/pico_divider/divider.S.obj
                0x0000000010014970                div_s64s64
                0x0000000010014970                divmod_s64s64
                0x0000000010014970                __wrap___aeabi_ldivmod
                0x00000000100149a0                div_u64u64
                0x00000000100149a0                divmod_u64u64
                0x00000000100149a0                __wrap___aeabi_uldivmod
                0x00000000100149b0                divmod_u64u64_savestate
                0x00000000100149d0                divmod_s64s64_unsafe
                0x0000000010014a58                divmod_u64u64_unsafe
 .text.__wrap___aeabi_darithmetic
                0x0000000010014d94       0x60 CMakeFiles/test.dir/home/jon/pico/pico-sdk/src/rp2_common/pico_double/double_aeabi.S.obj
                0x0000000010014d94                __wrap___aeabi_drsub
                0x0000000010014d9a                __wrap___aeabi_dsub
                0x0000000010014da4                __wrap___aeabi_dadd
                0x0000000010014dae                __wrap___aeabi_ddiv
                0x0000000010014de2                __wrap___aeabi_dmul
 .text.__wrap___aeabi_cdcmple
                0x0000000010014df4       0x6c CMakeFiles/test.dir/home/jon/pico/pico-sdk/src/rp2_common/pico_double/double_aeabi.S.obj
                0x0000000010014df4                __wrap___aeabi_cdrcmple
                0x0000000010014e04                __wrap___aeabi_cdcmple
                0x0000000010014e04                __wrap___aeabi_cdcmpeq
 .text.__wrap___aeabi_dcmplt
                0x0000000010014e60        0xc CMakeFiles/test.dir/home/jon/pico/pico-sdk/src/rp2_common/pico_double/double_aeabi.S.obj
                0x0000000010014e60                __wrap___aeabi_dcmplt
 .text.__wrap___aeabi_dcmple
                0x0000000010014e6c       0x10 CMakeFiles/test.dir/home/jon/pico/pico-sdk/src/rp2_common/pico_double/double_aeabi.S.obj
                0x0000000010014e6c                __wrap___aeabi_dcmple
 .text.__wrap___aeabi_dcmpge
                0x0000000010014e7c       0x10 CMakeFiles/test.dir/home/jon/pico/pico-sdk/src/rp2_common/pico_double/double_aeabi.S.obj
                0x0000000010014e7c                __wrap___aeabi_dcmpge
 .text.__wrap___aeabi_dcmpgt
                0x0000000010014e8c        0xa CMakeFiles/test.dir/home/jon/pico/pico-sdk/src/rp2_common/pico_double/double_aeabi.S.obj
                0x0000000010014e8c                __wrap___aeabi_dcmpgt
 .text.__wrap___aeabi_dcmpun
                0x0000000010014e96       0x1c CMakeFiles/test.dir/home/jon/pico/pico-sdk/src/rp2_common/pico_double/double_aeabi.S.obj
                0x0000000010014e96                __wrap___aeabi_dcmpun
 *fill*         0x0000000010014eb2        0x2 
 .text.__wrap___aeabi_i2d
                0x0000000010014eb4       0x38 CMakeFiles/test.dir/home/jon/pico/pico-sdk/src/rp2_common/pico_double/double_aeabi.S.obj
                0x0000000010014eb4                __wrap___aeabi_ui2d
                0x0000000010014ebc                __wrap___aeabi_i2d
 .text.__wrap___aeabi_d2iz
                0x0000000010014eec       0x48 CMakeFiles/test.dir/home/jon/pico/pico-sdk/src/rp2_common/pico_double/double_aeabi.S.obj
                0x0000000010014eec                __wrap___aeabi_d2iz
                0x0000000010014eec                double2int_z
 .text.__wrap___aeabi_d2uiz
                0x0000000010014f34       0x10 CMakeFiles/test.dir/home/jon/pico/pico-sdk/src/rp2_common/pico_double/double_aeabi.S.obj
                0x0000000010014f34                double2uint
                0x0000000010014f34                __wrap___aeabi_d2uiz
 .text.fix642double
                0x0000000010014f44       0x10 CMakeFiles/test.dir/home/jon/pico/pico-sdk/src/rp2_common/pico_double/double_aeabi.S.obj
                0x0000000010014f44                fix642double
 .text.__wrap_sincostan_remainder
                0x0000000010014f54       0x14 CMakeFiles/test.dir/home/jon/pico/pico-sdk/src/rp2_common/pico_double/double_aeabi.S.obj
                0x0000000010014f54                sincostan_remainder
 .text.__wrap_sin
                0x0000000010014f68       0x24 CMakeFiles/test.dir/home/jon/pico/pico-sdk/src/rp2_common/pico_double/double_aeabi.S.obj
                0x0000000010014f68                __wrap_sin
 .text.missing_double_func_shim
                0x0000000010014f8c        0xc CMakeFiles/test.dir/home/jon/pico/pico-sdk/src/rp2_common/pico_double/double_init_rom.c.obj
 .text.__aeabi_double_init
                0x0000000010014f98       0x98 CMakeFiles/test.dir/home/jon/pico/pico-sdk/src/rp2_common/pico_double/double_init_rom.c.obj
                0x0000000010014f98                __aeabi_double_init
 .text.__wrap_round
                0x0000000010015030       0xa0 CMakeFiles/test.dir/home/jon/pico/pico-sdk/src/rp2_common/pico_double/double_math.c.obj
                0x0000000010015030                __wrap_round
 .text.__wrap_remquo
                0x00000000100150d0      0x2a0 CMakeFiles/test.dir/home/jon/pico/pico-sdk/src/rp2_common/pico_double/double_math.c.obj
                0x00000000100150d0                __wrap_remquo
 .text.__wrap_remainder
                0x0000000010015370       0x10 CMakeFiles/test.dir/home/jon/pico/pico-sdk/src/rp2_common/pico_double/double_math.c.obj
                0x0000000010015370                __wrap_remainder
 .text.double_table_shim_on_use_helper
                0x0000000010015380       0x2c CMakeFiles/test.dir/home/jon/pico/pico-sdk/src/rp2_common/pico_double/double_v1_rom_shim.S.obj
                0x0000000010015380                double_table_shim_on_use_helper
 .text.__aeabi_lmul
                0x00000000100153ac       0x32 CMakeFiles/test.dir/home/jon/pico/pico-sdk/src/rp2_common/pico_int64_ops/pico_int64_ops_aeabi.S.obj
                0x00000000100153ac                __wrap___aeabi_lmul
 *fill*         0x00000000100153de        0x2 
 .text.missing_float_func_shim
                0x00000000100153e0        0xc CMakeFiles/test.dir/home/jon/pico/pico-sdk/src/rp2_common/pico_float/float_init_rom.c.obj
 .text.__aeabi_float_init
                0x00000000100153ec       0x5c CMakeFiles/test.dir/home/jon/pico/pico-sdk/src/rp2_common/pico_float/float_init_rom.c.obj
                0x00000000100153ec                __aeabi_float_init
 .text.__wrap_malloc
                0x0000000010015448       0x24 CMakeFiles/test.dir/home/jon/pico/pico-sdk/src/rp2_common/pico_malloc/pico_malloc.c.obj
                0x0000000010015448                __wrap_malloc
 .text.__wrap_free
                0x000000001001546c        0x8 CMakeFiles/test.dir/home/jon/pico/pico-sdk/src/rp2_common/pico_malloc/pico_malloc.c.obj
                0x000000001001546c                __wrap_free
 .text          0x0000000010015474       0x10 CMakeFiles/test.dir/home/jon/pico/pico-sdk/src/rp2_common/pico_mem_ops/mem_ops_aeabi.S.obj
                0x0000000010015474                __aeabi_mem_init
 .text.memset   0x0000000010015484        0xc CMakeFiles/test.dir/home/jon/pico/pico-sdk/src/rp2_common/pico_mem_ops/mem_ops_aeabi.S.obj
                0x0000000010015484                __wrap_memset
 .text.memcpy   0x0000000010015490        0xc CMakeFiles/test.dir/home/jon/pico/pico-sdk/src/rp2_common/pico_mem_ops/mem_ops_aeabi.S.obj
                0x0000000010015490                __wrap___aeabi_memcpy
                0x0000000010015490                __wrap_memcpy
 .text.stdio_out_chars_no_crlf
                0x000000001001549c       0x10 CMakeFiles/test.dir/home/jon/pico/pico-sdk/src/rp2_common/pico_stdio/stdio.c.obj
 .text.stdio_out_chars_crlf
                0x00000000100154ac       0xb4 CMakeFiles/test.dir/home/jon/pico/pico-sdk/src/rp2_common/pico_stdio/stdio.c.obj
 .text.stdio_buffered_printer
                0x0000000010015560       0x64 CMakeFiles/test.dir/home/jon/pico/pico-sdk/src/rp2_common/pico_stdio/stdio.c.obj
 .text.stdio_put_string.isra.0
                0x00000000100155c4       0xfc CMakeFiles/test.dir/home/jon/pico/pico-sdk/src/rp2_common/pico_stdio/stdio.c.obj
 .text.__wrap_putchar
                0x00000000100156c0       0x98 CMakeFiles/test.dir/home/jon/pico/pico-sdk/src/rp2_common/pico_stdio/stdio.c.obj
                0x00000000100156c0                __wrap_putchar
 .text.__wrap_puts